Archive member included to satisfy reference by file (symbol)

c:/altera/15.0/nios2eds/bin/gnu/h-x86_64-mingw32/bin/../lib/gcc/nios2-elf/4.9.1/mno-hw-mul\libgcc.a(_muldi3.o)
                              obj/default/HAL/src/alt_gettod.o (__muldi3)
c:/altera/15.0/nios2eds/bin/gnu/h-x86_64-mingw32/bin/../lib/gcc/nios2-elf/4.9.1/mno-hw-mul\libgcc.a(_umoddi3.o)
                              obj/default/HAL/src/alt_gettod.o (__umoddi3)
c:/altera/15.0/nios2eds/bin/gnu/h-x86_64-mingw32/bin/../lib/gcc/nios2-elf/4.9.1/mno-hw-mul\libgcc.a(lib2-divmod.o)
                              obj/default/HAL/src/alt_busy_sleep.o (__udivsi3)
c:/altera/15.0/nios2eds/bin/gnu/h-x86_64-mingw32/bin/../lib/gcc/nios2-elf/4.9.1/mno-hw-mul\libgcc.a(lib2-mul.o)
                              obj/default/HAL/src/alt_busy_sleep.o (__mulsi3)
c:/altera/15.0/nios2eds/bin/gnu/h-x86_64-mingw32/bin/../lib/gcc/nios2-elf/4.9.1/mno-hw-mul\libgcc.a(_clz.o)
                              c:/altera/15.0/nios2eds/bin/gnu/h-x86_64-mingw32/bin/../lib/gcc/nios2-elf/4.9.1/mno-hw-mul\libgcc.a(_umoddi3.o) (__clz_tab)
c:/altera/15.0/nios2eds/bin/gnu/h-x86_64-mingw32/bin/../lib/gcc/nios2-elf/4.9.1/../../../../../H-x86_64-mingw32/nios2-elf/lib/mno-hw-mul\libc.a(lib_a-atexit.o)
                              obj/default/HAL/src/alt_main.o (atexit)
c:/altera/15.0/nios2eds/bin/gnu/h-x86_64-mingw32/bin/../lib/gcc/nios2-elf/4.9.1/../../../../../H-x86_64-mingw32/nios2-elf/lib/mno-hw-mul\libc.a(lib_a-exit.o)
                              obj/default/HAL/src/alt_main.o (exit)
c:/altera/15.0/nios2eds/bin/gnu/h-x86_64-mingw32/bin/../lib/gcc/nios2-elf/4.9.1/../../../../../H-x86_64-mingw32/nios2-elf/lib/mno-hw-mul\libc.a(lib_a-fputs.o)
                              obj/default/HAL/src/alt_putstr.o (fputs)
c:/altera/15.0/nios2eds/bin/gnu/h-x86_64-mingw32/bin/../lib/gcc/nios2-elf/4.9.1/../../../../../H-x86_64-mingw32/nios2-elf/lib/mno-hw-mul\libc.a(lib_a-fvwrite.o)
                              c:/altera/15.0/nios2eds/bin/gnu/h-x86_64-mingw32/bin/../lib/gcc/nios2-elf/4.9.1/../../../../../H-x86_64-mingw32/nios2-elf/lib/mno-hw-mul\libc.a(lib_a-fputs.o) (__sfvwrite_r)
c:/altera/15.0/nios2eds/bin/gnu/h-x86_64-mingw32/bin/../lib/gcc/nios2-elf/4.9.1/../../../../../H-x86_64-mingw32/nios2-elf/lib/mno-hw-mul\libc.a(lib_a-getc.o)
                              obj/default/HAL/src/alt_getchar.o (getc)
c:/altera/15.0/nios2eds/bin/gnu/h-x86_64-mingw32/bin/../lib/gcc/nios2-elf/4.9.1/../../../../../H-x86_64-mingw32/nios2-elf/lib/mno-hw-mul\libc.a(lib_a-impure.o)
                              c:/altera/15.0/nios2eds/bin/gnu/h-x86_64-mingw32/bin/../lib/gcc/nios2-elf/4.9.1/../../../../../H-x86_64-mingw32/nios2-elf/lib/mno-hw-mul\libc.a(lib_a-exit.o) (_global_impure_ptr)
c:/altera/15.0/nios2eds/bin/gnu/h-x86_64-mingw32/bin/../lib/gcc/nios2-elf/4.9.1/../../../../../H-x86_64-mingw32/nios2-elf/lib/mno-hw-mul\libc.a(lib_a-int_errno.o)
                              obj/default/HAL/src/alt_close.o (errno)
c:/altera/15.0/nios2eds/bin/gnu/h-x86_64-mingw32/bin/../lib/gcc/nios2-elf/4.9.1/../../../../../H-x86_64-mingw32/nios2-elf/lib/mno-hw-mul\libc.a(lib_a-malloc.o)
                              obj/default/HAL/src/alt_uncached_malloc.o (malloc)
c:/altera/15.0/nios2eds/bin/gnu/h-x86_64-mingw32/bin/../lib/gcc/nios2-elf/4.9.1/../../../../../H-x86_64-mingw32/nios2-elf/lib/mno-hw-mul\libc.a(lib_a-mallocr.o)
                              c:/altera/15.0/nios2eds/bin/gnu/h-x86_64-mingw32/bin/../lib/gcc/nios2-elf/4.9.1/../../../../../H-x86_64-mingw32/nios2-elf/lib/mno-hw-mul\libc.a(lib_a-fvwrite.o) (_malloc_r)
c:/altera/15.0/nios2eds/bin/gnu/h-x86_64-mingw32/bin/../lib/gcc/nios2-elf/4.9.1/../../../../../H-x86_64-mingw32/nios2-elf/lib/mno-hw-mul\libc.a(lib_a-memchr.o)
                              c:/altera/15.0/nios2eds/bin/gnu/h-x86_64-mingw32/bin/../lib/gcc/nios2-elf/4.9.1/../../../../../H-x86_64-mingw32/nios2-elf/lib/mno-hw-mul\libc.a(lib_a-fvwrite.o) (memchr)
c:/altera/15.0/nios2eds/bin/gnu/h-x86_64-mingw32/bin/../lib/gcc/nios2-elf/4.9.1/../../../../../H-x86_64-mingw32/nios2-elf/lib/mno-hw-mul\libc.a(lib_a-memcmp.o)
                              obj/default/HAL/src/alt_find_dev.o (memcmp)
c:/altera/15.0/nios2eds/bin/gnu/h-x86_64-mingw32/bin/../lib/gcc/nios2-elf/4.9.1/../../../../../H-x86_64-mingw32/nios2-elf/lib/mno-hw-mul\libc.a(lib_a-memcpy.o)
                              c:/altera/15.0/nios2eds/bin/gnu/h-x86_64-mingw32/bin/../lib/gcc/nios2-elf/4.9.1/../../../../../H-x86_64-mingw32/nios2-elf/lib/mno-hw-mul\libc.a(lib_a-fvwrite.o) (memcpy)
c:/altera/15.0/nios2eds/bin/gnu/h-x86_64-mingw32/bin/../lib/gcc/nios2-elf/4.9.1/../../../../../H-x86_64-mingw32/nios2-elf/lib/mno-hw-mul\libc.a(lib_a-memmove.o)
                              c:/altera/15.0/nios2eds/bin/gnu/h-x86_64-mingw32/bin/../lib/gcc/nios2-elf/4.9.1/../../../../../H-x86_64-mingw32/nios2-elf/lib/mno-hw-mul\libc.a(lib_a-fvwrite.o) (memmove)
[...]
Memory Configuration

Name             Origin             Length             Attributes
onchip_memory2_0 0x0000000000000000 0x0000000000001000
reset            0x0000000004000000 0x0000000000000020
sdram            0x0000000004000020 0x0000000001ffffe0
*default*        0x0000000000000000 0xffffffffffffffff

Linker script and memory map

LOAD ../usb_kb_bsp//obj/HAL/src/crt0.o
LOAD obj/default/HAL/src/alt_alarm_start.o
LOAD obj/default/HAL/src/alt_busy_sleep.o
LOAD obj/default/HAL/src/alt_close.o
LOAD obj/default/HAL/src/alt_dcache_flush.o
LOAD obj/default/HAL/src/alt_dcache_flush_all.o
LOAD obj/default/HAL/src/alt_dcache_flush_no_writeback.o
LOAD obj/default/HAL/src/alt_dev.o
LOAD obj/default/HAL/src/alt_dev_llist_insert.o
LOAD obj/default/HAL/src/alt_dma_rxchan_open.o
LOAD obj/default/HAL/src/alt_dma_txchan_open.o
LOAD obj/default/HAL/src/alt_do_ctors.o
LOAD obj/default/HAL/src/alt_do_dtors.o
LOAD obj/default/HAL/src/alt_ecc_fatal_exception.o
LOAD obj/default/HAL/src/alt_env_lock.o
LOAD obj/default/HAL/src/alt_environ.o
LOAD obj/default/HAL/src/alt_errno.o
LOAD obj/default/HAL/src/alt_execve.o
LOAD obj/default/HAL/src/alt_exit.o
LOAD obj/default/HAL/src/alt_fcntl.o
LOAD obj/default/HAL/src/alt_fd_lock.o
LOAD obj/default/HAL/src/alt_fd_unlock.o
LOAD obj/default/HAL/src/alt_find_dev.o
LOAD obj/default/HAL/src/alt_find_file.o
LOAD obj/default/HAL/src/alt_flash_dev.o
LOAD obj/default/HAL/src/alt_fork.o
LOAD obj/default/HAL/src/alt_fs_reg.o
LOAD obj/default/HAL/src/alt_fstat.o
LOAD obj/default/HAL/src/alt_get_fd.o
LOAD obj/default/HAL/src/alt_getchar.o
LOAD obj/default/HAL/src/alt_getpid.o
LOAD obj/default/HAL/src/alt_gettod.o
LOAD obj/default/HAL/src/alt_gmon.o
LOAD obj/default/HAL/src/alt_icache_flush.o
LOAD obj/default/HAL/src/alt_icache_flush_all.o
LOAD obj/default/HAL/src/alt_iic.o
LOAD obj/default/HAL/src/alt_iic_isr_register.o
LOAD obj/default/HAL/src/alt_instruction_exception_entry.o
LOAD obj/default/HAL/src/alt_instruction_exception_register.o
LOAD obj/default/HAL/src/alt_io_redirect.o
LOAD obj/default/HAL/src/alt_ioctl.o
LOAD obj/default/HAL/src/alt_irq_handler.o
LOAD obj/default/HAL/src/alt_irq_register.o
LOAD obj/default/HAL/src/alt_irq_vars.o
LOAD obj/default/HAL/src/alt_isatty.o
LOAD obj/default/HAL/src/alt_kill.o
LOAD obj/default/HAL/src/alt_link.o
LOAD obj/default/HAL/src/alt_load.o
LOAD obj/default/HAL/src/alt_log_printf.o
LOAD obj/default/HAL/src/alt_lseek.o
LOAD obj/default/HAL/src/alt_main.o
LOAD obj/default/HAL/src/alt_malloc_lock.o
LOAD obj/default/HAL/src/alt_open.o
LOAD obj/default/HAL/src/alt_printf.o
LOAD obj/default/HAL/src/alt_putchar.o
LOAD obj/default/HAL/src/alt_putstr.o
LOAD obj/default/HAL/src/alt_read.o
LOAD obj/default/HAL/src/alt_release_fd.o
LOAD obj/default/HAL/src/alt_remap_cached.o
LOAD obj/default/HAL/src/alt_remap_uncached.o
LOAD obj/default/HAL/src/alt_rename.o
LOAD obj/default/HAL/src/alt_sbrk.o
LOAD obj/default/HAL/src/alt_settod.o
LOAD obj/default/HAL/src/alt_stat.o
LOAD obj/default/HAL/src/alt_tick.o
LOAD obj/default/HAL/src/alt_times.o
LOAD obj/default/HAL/src/alt_uncached_free.o
LOAD obj/default/HAL/src/alt_uncached_malloc.o
LOAD obj/default/HAL/src/alt_unlink.o
LOAD obj/default/HAL/src/alt_usleep.o
LOAD obj/default/HAL/src/alt_wait.o
LOAD obj/default/HAL/src/alt_write.o
LOAD obj/default/HAL/src/altera_nios2_qsys_irq.o
LOAD obj/default/io_handler.o
LOAD obj/default/main.o
LOAD obj/default/usb.o
LOAD obj/default/HAL/src/alt_ecc_fatal_entry.o
LOAD obj/default/HAL/src/alt_exception_entry.o
LOAD obj/default/HAL/src/alt_exception_muldiv.o
LOAD obj/default/HAL/src/alt_exception_trap.o
LOAD obj/default/HAL/src/alt_irq_entry.o
LOAD obj/default/HAL/src/alt_log_macro.o
LOAD obj/default/HAL/src/alt_mcount.o
LOAD obj/default/HAL/src/alt_software_exception.o
LOAD obj/default/HAL/src/crt0.o
LOAD c:/altera/15.0/nios2eds/bin/gnu/h-x86_64-mingw32/bin/../lib/gcc/nios2-elf/4.9.1/../../../../../H-x86_64-mingw32/nios2-elf/lib/mno-hw-mul\libstdc++.a
LOAD c:/altera/15.0/nios2eds/bin/gnu/h-x86_64-mingw32/bin/../lib/gcc/nios2-elf/4.9.1/../../../../../H-x86_64-mingw32/nios2-elf/lib/mno-hw-mul\libm.a
LOAD c:/altera/15.0/nios2eds/bin/gnu/h-x86_64-mingw32/bin/../lib/gcc/nios2-elf/4.9.1/mno-hw-mul\libgcc.a
START GROUP
LOAD c:/altera/15.0/nios2eds/bin/gnu/h-x86_64-mingw32/bin/../lib/gcc/nios2-elf/4.9.1/../../../../../H-x86_64-mingw32/nios2-elf/lib/mno-hw-mul\libc.a
LOAD c:/altera/15.0/nios2eds/bin/gnu/h-x86_64-mingw32/bin/../lib/gcc/nios2-elf/4.9.1/mno-hw-mul\libgcc.a
LOAD ../usb_kb_bsp/\libhal_bsp.a
END GROUP
LOAD c:/altera/15.0/nios2eds/bin/gnu/h-x86_64-mingw32/bin/../lib/gcc/nios2-elf/4.9.1/mno-hw-mul\libgcc.a
                0x0000000000000000                __alt_mem_onchip_memory2_0 = 0x0
                0x0000000004000000                __alt_mem_sdram = 0x4000000

.entry          0x0000000004000000       0x40
 *(.entry)
 .entry         0x0000000004000000       0x20 ../usb_kb_bsp//obj/HAL/src/crt0.o
                0x0000000004000000                __reset
 .entry         0x0000000004000020       0x20 obj/default/HAL/src/crt0.o

.exceptions     0x0000000004000020      0x398
                0x0000000004000020                PROVIDE (__ram_exceptions_start, ABSOLUTE (.))
                0x0000000004000020                . = ALIGN (0x20)
 *(.irq)
 *(.exceptions.entry.label)
 .exceptions.entry.label
                0x0000000004000020        0x0 obj/default/HAL/src/alt_exception_entry.o
                0x0000000004000020                alt_exception
 .exceptions.entry.label
                0x0000000004000020        0x0 obj/default/HAL/src/alt_irq_entry.o
                0x0000000004000020                alt_irq_entry
 .exceptions.entry.label
                0x0000000004000020        0x0 obj/default/HAL/src/alt_software_exception.o
                0x0000000004000020                software_exception
 *(.exceptions.entry.user)
 *(.exceptions.entry.ecc_fatal)
 .exceptions.entry.ecc_fatal
                0x0000000004000020       0x1c obj/default/HAL/src/alt_ecc_fatal_entry.o
                0x000000000400003c                alt_exception_not_ecc_fatal
 *(.exceptions.entry)
 .exceptions.entry
                0x000000000400003c       0x54 obj/default/HAL/src/alt_exception_entry.o
 *(.exceptions.irqtest.user)
 *(.exceptions.irqtest)
 .exceptions.irqtest
                0x0000000004000090       0x10 obj/default/HAL/src/alt_irq_entry.o
 *(.exceptions.irqhandler.user)
 *(.exceptions.irqhandler)
 .exceptions.irqhandler
                0x00000000040000a0        0x4 obj/default/HAL/src/alt_irq_entry.o
 *(.exceptions.irqreturn.user)
 *(.exceptions.irqreturn)
 .exceptions.irqreturn
                0x00000000040000a4        0x4 obj/default/HAL/src/alt_irq_entry.o
 *(.exceptions.notirq.label)
 .exceptions.notirq.label
                0x00000000040000a8        0x0 obj/default/HAL/src/alt_irq_entry.o
 *(.exceptions.notirq.user)
 *(.exceptions.notirq)
 .exceptions.notirq
                0x00000000040000a8        0x8 obj/default/HAL/src/alt_exception_entry.o
 *(.exceptions.soft.user)
 *(.exceptions.soft)
 .exceptions.soft
                0x00000000040000b0      0x1cc obj/default/HAL/src/alt_exception_muldiv.o
 .exceptions.soft
                0x000000000400027c       0x14 obj/default/HAL/src/alt_exception_trap.o
 *(.exceptions.unknown.user)
 *(.exceptions.unknown)
 .exceptions.unknown
                0x0000000004000290        0x4 obj/default/HAL/src/alt_exception_entry.o
 *(.exceptions.exit.label)
 .exceptions.exit.label
                0x0000000004000294        0x0 obj/default/HAL/src/alt_exception_entry.o
 .exceptions.exit.label
                0x0000000004000294        0x0 obj/default/HAL/src/alt_exception_muldiv.o
 .exceptions.exit.label
                0x0000000004000294        0x0 obj/default/HAL/src/alt_exception_trap.o
 .exceptions.exit.label
                0x0000000004000294        0x0 obj/default/HAL/src/alt_irq_entry.o
 *(.exceptions.exit.user)
 *(.exceptions.exit)
 .exceptions.exit
                0x0000000004000294       0x54 obj/default/HAL/src/alt_exception_entry.o
 *(.exceptions)
 .exceptions    0x00000000040002e8       0xd0 obj/default/HAL/src/alt_irq_handler.o
                0x00000000040002e8                alt_irq_handler
                0x00000000040003b8                PROVIDE (__ram_exceptions_end, ABSOLUTE (.))
                0x0000000004000020                PROVIDE (__flash_exceptions_start, LOADADDR (.exceptions))

.text           0x00000000040003b8    0x12fcc
                0x00000000040003b8                PROVIDE (stext, ABSOLUTE (.))
 *(.interp)
 *(.hash)
 *(.dynsym)
 *(.dynstr)
 *(.gnu.version)
 *(.gnu.version_d)
 *(.gnu.version_r)
 *(.rel.init)
 *(.rela.init)
 *(.rel.text .rel.text.* .rel.gnu.linkonce.t.*)
 *(.rela.text .rela.text.* .rela.gnu.linkonce.t.*)
 *(.rel.fini)
 *(.rela.fini)
 *(.rel.rodata .rel.rodata.* .rel.gnu.linkonce.r.*)
 *(.rela.rodata .rela.rodata.* .rela.gnu.linkonce.r.*)
 *(.rel.data .rel.data.* .rel.gnu.linkonce.d.*)
 *(.rela.data .rela.data.* .rela.gnu.linkonce.d.*)
 *(.rel.tdata .rel.tdata.* .rel.gnu.linkonce.td.*)
 *(.rela.tdata .rela.tdata.* .rela.gnu.linkonce.td.*)
 *(.rel.tbss .rel.tbss.* .rel.gnu.linkonce.tb.*)
 *(.rela.tbss .rela.tbss.* .rela.gnu.linkonce.tb.*)
 *(.rel.ctors)
 *(.rela.ctors)
 *(.rel.dtors)
 *(.rela.dtors)
 *(.rel.got)
 *(.rela.got)
 *(.rel.sdata .rel.sdata.* .rel.gnu.linkonce.s.*)
 *(.rela.sdata .rela.sdata.* .rela.gnu.linkonce.s.*)
 *(.rel.sbss .rel.sbss.* .rel.gnu.linkonce.sb.*)
 *(.rela.sbss .rela.sbss.* .rela.gnu.linkonce.sb.*)
 *(.rel.sdata2 .rel.sdata2.* .rel.gnu.linkonce.s2.*)
 *(.rela.sdata2 .rela.sdata2.* .rela.gnu.linkonce.s2.*)
 *(.rel.sbss2 .rel.sbss2.* .rel.gnu.linkonce.sb2.*)
 *(.rela.sbss2 .rela.sbss2.* .rela.gnu.linkonce.sb2.*)
 *(.rel.bss .rel.bss.* .rel.gnu.linkonce.b.*)
 *(.rela.bss .rela.bss.* .rela.gnu.linkonce.b.*)
 *(.rel.plt)
 *(.rela.plt)
 *(.rel.dyn)
 *(.init)
 *(.plt)
 *(.text .stub .text.* .gnu.linkonce.t.*)
 .text          0x00000000040003b8       0x3c ../usb_kb_bsp//obj/HAL/src/crt0.o
                0x00000000040003b8                _start
 .text          0x00000000040003f4      0x140 obj/default/HAL/src/alt_alarm_start.o
                0x00000000040003f4                alt_alarm_start
 .text          0x0000000004000534      0x158 obj/default/HAL/src/alt_busy_sleep.o
                0x0000000004000534                alt_busy_sleep
 .text          0x000000000400068c      0x128 obj/default/HAL/src/alt_close.o
                0x00000000040006dc                close
 .text          0x00000000040007b4       0x24 obj/default/HAL/src/alt_dcache_flush.o
                0x00000000040007b4                alt_dcache_flush
 .text          0x00000000040007d8       0x1c obj/default/HAL/src/alt_dcache_flush_all.o
                0x00000000040007d8                alt_dcache_flush_all
 .text          0x00000000040007f4       0x24 obj/default/HAL/src/alt_dcache_flush_no_writeback.o
                0x00000000040007f4                alt_dcache_flush_no_writeback
 .text          0x0000000004000818       0x2c obj/default/HAL/src/alt_dev.o
 .text          0x0000000004000844       0xf4 obj/default/HAL/src/alt_dev_llist_insert.o
                0x0000000004000894                alt_dev_llist_insert
 .text          0x0000000004000938       0xa4 obj/default/HAL/src/alt_dma_rxchan_open.o
                0x0000000004000988                alt_dma_rxchan_open
 .text          0x00000000040009dc       0xa4 obj/default/HAL/src/alt_dma_txchan_open.o
                0x0000000004000a2c                alt_dma_txchan_open
 .text          0x0000000004000a80       0x5c obj/default/HAL/src/alt_do_ctors.o
                0x0000000004000a80                _do_ctors
 .text          0x0000000004000adc       0x5c obj/default/HAL/src/alt_do_dtors.o
                0x0000000004000adc                _do_dtors
 .text          0x0000000004000b38       0x28 obj/default/HAL/src/alt_ecc_fatal_exception.o
                0x0000000004000b38                alt_ecc_fatal_exception_register
 .text          0x0000000004000b60       0x40 obj/default/HAL/src/alt_env_lock.o
                0x0000000004000b60                __env_lock
                0x0000000004000b80                __env_unlock
 .text          0x0000000004000ba0        0x0 obj/default/HAL/src/alt_environ.o
 .text          0x0000000004000ba0        0x0 obj/default/HAL/src/alt_errno.o
 .text          0x0000000004000ba0       0x94 obj/default/HAL/src/alt_execve.o
                0x0000000004000bf0                execve
 .text          0x0000000004000c34       0x3c obj/default/HAL/src/alt_exit.o
                0x0000000004000c34                _exit
 .text          0x0000000004000c70      0x178 obj/default/HAL/src/alt_fcntl.o
                0x0000000004000cc0                fcntl
 .text          0x0000000004000de8       0xd4 obj/default/HAL/src/alt_fd_lock.o
                0x0000000004000de8                alt_fd_lock
 .text          0x0000000004000ebc       0x40 obj/default/HAL/src/alt_fd_unlock.o
                0x0000000004000ebc                alt_fd_unlock
 .text          0x0000000004000efc       0x90 obj/default/HAL/src/alt_find_dev.o
                0x0000000004000efc                alt_find_dev
 .text          0x0000000004000f8c      0x114 obj/default/HAL/src/alt_find_file.o
                0x0000000004000f8c                alt_find_file
 .text          0x00000000040010a0       0xb8 obj/default/HAL/src/alt_flash_dev.o
                0x00000000040010a0                alt_flash_open_dev
                0x0000000004001108                alt_flash_close_dev
 .text          0x0000000004001158       0x88 obj/default/HAL/src/alt_fork.o
                0x00000000040011a8                fork
 .text          0x00000000040011e0       0x84 obj/default/HAL/src/alt_fs_reg.o
                0x00000000040011e0                alt_fs_reg
 .text          0x0000000004001264      0x108 obj/default/HAL/src/alt_fstat.o
                0x00000000040012b4                fstat
 .text          0x000000000400136c       0xd4 obj/default/HAL/src/alt_get_fd.o
                0x000000000400136c                alt_get_fd
 .text          0x0000000004001440       0x3c obj/default/HAL/src/alt_getchar.o
                0x0000000004001440                alt_getchar
 .text          0x000000000400147c       0x20 obj/default/HAL/src/alt_getpid.o
                0x000000000400147c                getpid
 .text          0x000000000400149c      0x214 obj/default/HAL/src/alt_gettod.o
                0x000000000400149c                gettimeofday
 .text          0x00000000040016b0      0x2c8 obj/default/HAL/src/alt_gmon.o
                0x000000000400172c                __mcount_record
 .text          0x0000000004001978       0x24 obj/default/HAL/src/alt_icache_flush.o
                0x0000000004001978                alt_icache_flush
 .text          0x000000000400199c       0x1c obj/default/HAL/src/alt_icache_flush_all.o
                0x000000000400199c                alt_icache_flush_all
 .text          0x00000000040019b8      0x1e0 obj/default/HAL/src/alt_iic.o
                0x00000000040019b8                alt_ic_isr_register
                0x0000000004001a08                alt_ic_irq_enable
                0x0000000004001aa8                alt_ic_irq_disable
                0x0000000004001b4c                alt_ic_irq_enabled
 .text          0x0000000004001b98       0xf0 obj/default/HAL/src/alt_iic_isr_register.o
                0x0000000004001b98                alt_iic_isr_register
 .text          0x0000000004001c88       0x9c obj/default/HAL/src/alt_instruction_exception_entry.o
                0x0000000004001c88                alt_exception_cause_generated_bad_addr
 .text          0x0000000004001d24        0x0 obj/default/HAL/src/alt_instruction_exception_register.o
 .text          0x0000000004001d24      0x158 obj/default/HAL/src/alt_io_redirect.o
                0x0000000004001e04                alt_io_redirect
 .text          0x0000000004001e7c      0x168 obj/default/HAL/src/alt_ioctl.o
                0x0000000004001ecc                ioctl
 .text          0x0000000004001fe4        0x0 obj/default/HAL/src/alt_irq_handler.o
 .text          0x0000000004001fe4      0x1b0 obj/default/HAL/src/alt_irq_register.o
                0x0000000004001fe4                alt_irq_register
 .text          0x0000000004002194        0x0 obj/default/HAL/src/alt_irq_vars.o
 .text          0x0000000004002194       0xfc obj/default/HAL/src/alt_isatty.o
                0x00000000040021e4                isatty
 .text          0x0000000004002290      0x180 obj/default/HAL/src/alt_kill.o
                0x00000000040022e0                kill
 .text          0x0000000004002410       0x90 obj/default/HAL/src/alt_link.o
                0x0000000004002460                link
 .text          0x00000000040024a0       0xe4 obj/default/HAL/src/alt_load.o
                0x0000000004002504                alt_load
 .text          0x0000000004002584        0x0 obj/default/HAL/src/alt_log_printf.o
 .text          0x0000000004002584      0x12c obj/default/HAL/src/alt_lseek.o
                0x00000000040025d4                lseek
 .text          0x00000000040026b0       0x78 obj/default/HAL/src/alt_main.o
                0x00000000040026b0                alt_main
 .text          0x0000000004002728       0x40 obj/default/HAL/src/alt_malloc_lock.o
                0x0000000004002728                __malloc_lock
                0x0000000004002748                __malloc_unlock
 .text          0x0000000004002768      0x2a4 obj/default/HAL/src/alt_open.o
                0x00000000040028ac                open
 .text          0x0000000004002a0c      0x228 obj/default/HAL/src/alt_printf.o
                0x0000000004002a0c                alt_printf
 .text          0x0000000004002c34       0x44 obj/default/HAL/src/alt_putchar.o
                0x0000000004002c34                alt_putchar
 .text          0x0000000004002c78       0x44 obj/default/HAL/src/alt_putstr.o
                0x0000000004002c78                alt_putstr
 .text          0x0000000004002cbc      0x154 obj/default/HAL/src/alt_read.o
                0x0000000004002d0c                read
 .text          0x0000000004002e10       0x80 obj/default/HAL/src/alt_release_fd.o
                0x0000000004002e10                alt_release_fd
 .text          0x0000000004002e90       0x34 obj/default/HAL/src/alt_remap_cached.o
                0x0000000004002e90                alt_remap_cached
 .text          0x0000000004002ec4       0x40 obj/default/HAL/src/alt_remap_uncached.o
                0x0000000004002ec4                alt_remap_uncached
 .text          0x0000000004002f04       0x90 obj/default/HAL/src/alt_rename.o
                0x0000000004002f54                _rename
 .text          0x0000000004002f94       0xb0 obj/default/HAL/src/alt_sbrk.o
                0x0000000004002f94                sbrk
 .text          0x0000000004003044      0x168 obj/default/HAL/src/alt_settod.o
                0x0000000004003094                settimeofday
 .text          0x00000000040031ac       0x58 obj/default/HAL/src/alt_stat.o
                0x00000000040031ac                stat
 .text          0x0000000004003204      0x19c obj/default/HAL/src/alt_tick.o
                0x0000000004003204                alt_alarm_stop
                0x000000000400329c                alt_tick
 .text          0x00000000040033a0       0xd8 obj/default/HAL/src/alt_times.o
                0x00000000040033f0                times
 .text          0x0000000004003478       0x40 obj/default/HAL/src/alt_uncached_free.o
                0x0000000004003478                alt_uncached_free
 .text          0x00000000040034b8       0x58 obj/default/HAL/src/alt_uncached_malloc.o
                0x00000000040034b8                alt_uncached_malloc
 .text          0x0000000004003510       0x8c obj/default/HAL/src/alt_unlink.o
                0x0000000004003560                unlink
 .text          0x000000000400359c       0x30 obj/default/HAL/src/alt_usleep.o
                0x000000000400359c                usleep
 .text          0x00000000040035cc       0x94 obj/default/HAL/src/alt_wait.o
                0x000000000400361c                wait
 .text          0x0000000004003660      0x150 obj/default/HAL/src/alt_write.o
                0x00000000040036b0                write
 .text          0x00000000040037b0       0x20 obj/default/HAL/src/altera_nios2_qsys_irq.o
                0x00000000040037b0                altera_nios2_qsys_irq_init
 .text          0x00000000040037d0      0x10c obj/default/io_handler.o
                0x00000000040037d0                IO_init
                0x0000000004003820                IO_write
                0x0000000004003880                IO_read
 .text          0x00000000040038dc      0xa0c obj/default/main.o
                0x00000000040038dc                main
 .text          0x00000000040042e8     0x1148 obj/default/usb.o
                0x00000000040042e8                UsbWrite
                0x0000000004004340                UsbRead
                0x0000000004004384                UsbSoftReset
                0x0000000004004434                UsbSetAddress
                0x0000000004004530                UsbGetDeviceDesc1
                0x0000000004004674                UsbGetDeviceDesc2
                0x0000000004004848                UsbGetConfigDesc1
                0x00000000040049d4                UsbGetConfigDesc2
                0x0000000004004c38                UsbSetConfig
                0x0000000004004d34                UsbClassRequest
                0x0000000004004e30                UsbGetHidDesc
                0x0000000004004f74                UsbGetReportDesc
                0x00000000040052b0                UsbWaitTDListDone
                0x0000000004005334                UsbGetRetryCnt
                0x00000000040053b4                UsbPrintMem
 .text          0x0000000004005430        0x0 obj/default/HAL/src/alt_ecc_fatal_entry.o
 .text          0x0000000004005430        0x0 obj/default/HAL/src/alt_exception_entry.o
 .text          0x0000000004005430        0x0 obj/default/HAL/src/alt_exception_muldiv.o
 .text          0x0000000004005430        0x0 obj/default/HAL/src/alt_exception_trap.o
 .text          0x0000000004005430        0x0 obj/default/HAL/src/alt_irq_entry.o
 .text          0x0000000004005430        0x0 obj/default/HAL/src/alt_log_macro.o
 .text          0x0000000004005430       0x9c obj/default/HAL/src/alt_mcount.o
                0x0000000004005430                _mcount
                0x0000000004005430                mcount
 .text          0x00000000040054cc        0x0 obj/default/HAL/src/alt_software_exception.o
 .text          0x00000000040054cc       0x3c obj/default/HAL/src/crt0.o
 .text          0x0000000004005508      0x10c c:/altera/15.0/nios2eds/bin/gnu/h-x86_64-mingw32/bin/../lib/gcc/nios2-elf/4.9.1/mno-hw-mul\libgcc.a(_muldi3.o)
                0x0000000004005508                __muldi3
 .text          0x0000000004005614      0x61c c:/altera/15.0/nios2eds/bin/gnu/h-x86_64-mingw32/bin/../lib/gcc/nios2-elf/4.9.1/mno-hw-mul\libgcc.a(_umoddi3.o)
                0x0000000004005614                __umoddi3
 .text          0x0000000004005c30      0x12c c:/altera/15.0/nios2eds/bin/gnu/h-x86_64-mingw32/bin/../lib/gcc/nios2-elf/4.9.1/mno-hw-mul\libgcc.a(lib2-divmod.o)
                0x0000000004005c9c                __divsi3
                0x0000000004005cf0                __modsi3
                0x0000000004005d4c                __udivsi3
                0x0000000004005d54                __umodsi3
 .text          0x0000000004005d5c       0x28 c:/altera/15.0/nios2eds/bin/gnu/h-x86_64-mingw32/bin/../lib/gcc/nios2-elf/4.9.1/mno-hw-mul\libgcc.a(lib2-mul.o)
                0x0000000004005d5c                __mulsi3
 .text          0x0000000004005d84        0x0 c:/altera/15.0/nios2eds/bin/gnu/h-x86_64-mingw32/bin/../lib/gcc/nios2-elf/4.9.1/mno-hw-mul\libgcc.a(_clz.o)
 .text          0x0000000004005d84       0x14 c:/altera/15.0/nios2eds/bin/gnu/h-x86_64-mingw32/bin/../lib/gcc/nios2-elf/4.9.1/../../../../../H-x86_64-mingw32/nios2-elf/lib/mno-hw-mul\libc.a(lib_a-atexit.o)
                0x0000000004005d84                atexit
 .text          0x0000000004005d98       0x38 c:/altera/15.0/nios2eds/bin/gnu/h-x86_64-mingw32/bin/../lib/gcc/nios2-elf/4.9.1/../../../../../H-x86_64-mingw32/nios2-elf/lib/mno-hw-mul\libc.a(lib_a-exit.o)
                0x0000000004005d98                exit
 .text          0x0000000004005dd0       0xb8 c:/altera/15.0/nios2eds/bin/gnu/h-x86_64-mingw32/bin/../lib/gcc/nios2-elf/4.9.1/../../../../../H-x86_64-mingw32/nios2-elf/lib/mno-hw-mul\libc.a(lib_a-fputs.o)
                0x0000000004005dd0                _fputs_r
                0x0000000004005e6c                fputs
 .text          0x0000000004005e88      0x4a4 c:/altera/15.0/nios2eds/bin/gnu/h-x86_64-mingw32/bin/../lib/gcc/nios2-elf/4.9.1/../../../../../H-x86_64-mingw32/nios2-elf/lib/mno-hw-mul\libc.a(lib_a-fvwrite.o)
                0x0000000004005e88                __sfvwrite_r
 .text          0x000000000400632c      0x108 c:/altera/15.0/nios2eds/bin/gnu/h-x86_64-mingw32/bin/../lib/gcc/nios2-elf/4.9.1/../../../../../H-x86_64-mingw32/nios2-elf/lib/mno-hw-mul\libc.a(lib_a-getc.o)
                0x000000000400632c                _getc_r
                0x00000000040063ac                getc
 .text          0x0000000004006434        0x0 c:/altera/15.0/nios2eds/bin/gnu/h-x86_64-mingw32/bin/../lib/gcc/nios2-elf/4.9.1/../../../../../H-x86_64-mingw32/nios2-elf/lib/mno-hw-mul\libc.a(lib_a-impure.o)
 .text          0x0000000004006434        0x0 c:/altera/15.0/nios2eds/bin/gnu/h-x86_64-mingw32/bin/../lib/gcc/nios2-elf/4.9.1/../../../../../H-x86_64-mingw32/nios2-elf/lib/mno-hw-mul\libc.a(lib_a-int_errno.o)
 .text          0x0000000004006434       0x28 c:/altera/15.0/nios2eds/bin/gnu/h-x86_64-mingw32/bin/../lib/gcc/nios2-elf/4.9.1/../../../../../H-x86_64-mingw32/nios2-elf/lib/mno-hw-mul\libc.a(lib_a-malloc.o)
                0x0000000004006434                malloc
                0x0000000004006448                free
 .text          0x000000000400645c      0x7a8 c:/altera/15.0/nios2eds/bin/gnu/h-x86_64-mingw32/bin/../lib/gcc/nios2-elf/4.9.1/../../../../../H-x86_64-mingw32/nios2-elf/lib/mno-hw-mul\libc.a(lib_a-mallocr.o)
                0x000000000400645c                _malloc_r
 .text          0x0000000004006c04       0xe8 c:/altera/15.0/nios2eds/bin/gnu/h-x86_64-mingw32/bin/../lib/gcc/nios2-elf/4.9.1/../../../../../H-x86_64-mingw32/nios2-elf/lib/mno-hw-mul\libc.a(lib_a-memchr.o)
                0x0000000004006c04                memchr
 .text          0x0000000004006cec       0x7c c:/altera/15.0/nios2eds/bin/gnu/h-x86_64-mingw32/bin/../lib/gcc/nios2-elf/4.9.1/../../../../../H-x86_64-mingw32/nios2-elf/lib/mno-hw-mul\libc.a(lib_a-memcmp.o)
                0x0000000004006cec                memcmp
 .text          0x0000000004006d68      0x138 c:/altera/15.0/nios2eds/bin/gnu/h-x86_64-mingw32/bin/../lib/gcc/nios2-elf/4.9.1/../../../../../H-x86_64-mingw32/nios2-elf/lib/mno-hw-mul\libc.a(lib_a-memcpy.o)
                0x0000000004006d68                memcpy
 .text          0x0000000004006ea0      0x15c c:/altera/15.0/nios2eds/bin/gnu/h-x86_64-mingw32/bin/../lib/gcc/nios2-elf/4.9.1/../../../../../H-x86_64-mingw32/nios2-elf/lib/mno-hw-mul\libc.a(lib_a-memmove.o)
                0x0000000004006ea0                memmove
 .text          0x0000000004006ffc      0x124 c:/altera/15.0/nios2eds/bin/gnu/h-x86_64-mingw32/bin/../lib/gcc/nios2-elf/4.9.1/../../../../../H-x86_64-mingw32/nios2-elf/lib/mno-hw-mul\libc.a(lib_a-memset.o)
                0x0000000004006ffc                memset
 .text          0x0000000004007120       0x68 c:/altera/15.0/nios2eds/bin/gnu/h-x86_64-mingw32/bin/../lib/gcc/nios2-elf/4.9.1/../../../../../H-x86_64-mingw32/nios2-elf/lib/mno-hw-mul\libc.a(lib_a-printf.o)
                0x0000000004007120                _printf_r
                0x000000000400714c                printf
 .text          0x0000000004007188      0x168 c:/altera/15.0/nios2eds/bin/gnu/h-x86_64-mingw32/bin/../lib/gcc/nios2-elf/4.9.1/../../../../../H-x86_64-mingw32/nios2-elf/lib/mno-hw-mul\libc.a(lib_a-putc.o)
                0x0000000004007188                _putc_r
                0x0000000004007228                putc
 .text          0x00000000040072f0       0xcc c:/altera/15.0/nios2eds/bin/gnu/h-x86_64-mingw32/bin/../lib/gcc/nios2-elf/4.9.1/../../../../../H-x86_64-mingw32/nios2-elf/lib/mno-hw-mul\libc.a(lib_a-puts.o)
                0x00000000040072f0                _puts_r
                0x00000000040073a8                puts
 .text          0x00000000040073bc      0x5a0 c:/altera/15.0/nios2eds/bin/gnu/h-x86_64-mingw32/bin/../lib/gcc/nios2-elf/4.9.1/../../../../../H-x86_64-mingw32/nios2-elf/lib/mno-hw-mul\libc.a(lib_a-reallocr.o)
                0x00000000040073bc                _realloc_r
 .text          0x000000000400795c       0x88 c:/altera/15.0/nios2eds/bin/gnu/h-x86_64-mingw32/bin/../lib/gcc/nios2-elf/4.9.1/../../../../../H-x86_64-mingw32/nios2-elf/lib/mno-hw-mul\libc.a(lib_a-rget.o)
                0x000000000400795c                __srget_r
                0x00000000040079d0                __srget
 .text          0x00000000040079e4       0x54 c:/altera/15.0/nios2eds/bin/gnu/h-x86_64-mingw32/bin/../lib/gcc/nios2-elf/4.9.1/../../../../../H-x86_64-mingw32/nios2-elf/lib/mno-hw-mul\libc.a(lib_a-sbrkr.o)
                0x00000000040079e4                _sbrk_r
 .text          0x0000000004007a38       0x98 c:/altera/15.0/nios2eds/bin/gnu/h-x86_64-mingw32/bin/../lib/gcc/nios2-elf/4.9.1/../../../../../H-x86_64-mingw32/nios2-elf/lib/mno-hw-mul\libc.a(lib_a-strlen.o)
                0x0000000004007a38                strlen
 .text          0x0000000004007ad0     0x2120 c:/altera/15.0/nios2eds/bin/gnu/h-x86_64-mingw32/bin/../lib/gcc/nios2-elf/4.9.1/../../../../../H-x86_64-mingw32/nios2-elf/lib/mno-hw-mul\libc.a(lib_a-vfprintf.o)
                0x0000000004007ad0                ___vfprintf_internal_r
                0x0000000004009bcc                __vfprintf_internal
 .text          0x0000000004009bf0      0x170 c:/altera/15.0/nios2eds/bin/gnu/h-x86_64-mingw32/bin/../lib/gcc/nios2-elf/4.9.1/../../../../../H-x86_64-mingw32/nios2-elf/lib/mno-hw-mul\libc.a(lib_a-wbuf.o)
                0x0000000004009bf0                __swbuf_r
                0x0000000004009d44                __swbuf
 .text          0x0000000004009d60      0x130 c:/altera/15.0/nios2eds/bin/gnu/h-x86_64-mingw32/bin/../lib/gcc/nios2-elf/4.9.1/../../../../../H-x86_64-mingw32/nios2-elf/lib/mno-hw-mul\libc.a(lib_a-wsetup.o)
                0x0000000004009d60                __swsetup_r
 .text          0x0000000004009e90      0x114 c:/altera/15.0/nios2eds/bin/gnu/h-x86_64-mingw32/bin/../lib/gcc/nios2-elf/4.9.1/../../../../../H-x86_64-mingw32/nios2-elf/lib/mno-hw-mul\libc.a(lib_a-__atexit.o)
                0x0000000004009e90                __register_exitproc
 .text          0x0000000004009fa4      0x194 c:/altera/15.0/nios2eds/bin/gnu/h-x86_64-mingw32/bin/../lib/gcc/nios2-elf/4.9.1/../../../../../H-x86_64-mingw32/nios2-elf/lib/mno-hw-mul\libc.a(lib_a-__call_atexit.o)
                0x0000000004009fa4                __call_exitprocs
 .text          0x000000000400a138     0x1950 c:/altera/15.0/nios2eds/bin/gnu/h-x86_64-mingw32/bin/../lib/gcc/nios2-elf/4.9.1/../../../../../H-x86_64-mingw32/nios2-elf/lib/mno-hw-mul\libc.a(lib_a-dtoa.o)
                0x000000000400a360                _dtoa_r
 .text          0x000000000400ba88      0x258 c:/altera/15.0/nios2eds/bin/gnu/h-x86_64-mingw32/bin/../lib/gcc/nios2-elf/4.9.1/../../../../../H-x86_64-mingw32/nios2-elf/lib/mno-hw-mul\libc.a(lib_a-fflush.o)
                0x000000000400ba88                _fflush_r
                0x000000000400bcb0                fflush
 .text          0x000000000400bce0      0x3b4 c:/altera/15.0/nios2eds/bin/gnu/h-x86_64-mingw32/bin/../lib/gcc/nios2-elf/4.9.1/../../../../../H-x86_64-mingw32/nios2-elf/lib/mno-hw-mul\libc.a(lib_a-findfp.o)
                0x000000000400bcf0                _cleanup_r
                0x000000000400be9c                __sfmoreglue
                0x000000000400bf14                __sfp
                0x000000000400c02c                _cleanup
                0x000000000400c044                __sinit
                0x000000000400c054                __sfp_lock_acquire
                0x000000000400c058                __sfp_lock_release
                0x000000000400c05c                __sinit_lock_acquire
                0x000000000400c060                __sinit_lock_release
                0x000000000400c064                __fp_lock_all
                0x000000000400c07c                __fp_unlock_all
 .text          0x000000000400c094      0x414 c:/altera/15.0/nios2eds/bin/gnu/h-x86_64-mingw32/bin/../lib/gcc/nios2-elf/4.9.1/../../../../../H-x86_64-mingw32/nios2-elf/lib/mno-hw-mul\libc.a(lib_a-freer.o)
                0x000000000400c094                _malloc_trim_r
                0x000000000400c1b8                _free_r
 .text          0x000000000400c4a8      0x170 c:/altera/15.0/nios2eds/bin/gnu/h-x86_64-mingw32/bin/../lib/gcc/nios2-elf/4.9.1/../../../../../H-x86_64-mingw32/nios2-elf/lib/mno-hw-mul\libc.a(lib_a-fwalk.o)
                0x000000000400c4a8                _fwalk
                0x000000000400c560                _fwalk_reent
 .text          0x000000000400c618       0xe0 c:/altera/15.0/nios2eds/bin/gnu/h-x86_64-mingw32/bin/../lib/gcc/nios2-elf/4.9.1/../../../../../H-x86_64-mingw32/nios2-elf/lib/mno-hw-mul\libc.a(lib_a-locale.o)
                0x000000000400c618                _setlocale_r
                0x000000000400c694                __locale_charset
                0x000000000400c6a0                __locale_mb_cur_max
                0x000000000400c6b0                __locale_msgcharset
                0x000000000400c6bc                __locale_cjk_lang
                0x000000000400c6c4                _localeconv_r
                0x000000000400c6d0                setlocale
                0x000000000400c6ec                localeconv
 .text          0x000000000400c6f8      0x1b8 c:/altera/15.0/nios2eds/bin/gnu/h-x86_64-mingw32/bin/../lib/gcc/nios2-elf/4.9.1/../../../../../H-x86_64-mingw32/nios2-elf/lib/mno-hw-mul\libc.a(lib_a-makebuf.o)
                0x000000000400c6f8                __smakebuf_r
 .text          0x000000000400c8b0     0x1048 c:/altera/15.0/nios2eds/bin/gnu/h-x86_64-mingw32/bin/../lib/gcc/nios2-elf/4.9.1/../../../../../H-x86_64-mingw32/nios2-elf/lib/mno-hw-mul\libc.a(lib_a-mprec.o)
                0x000000000400c8b0                _Balloc
                0x000000000400c958                _Bfree
                0x000000000400c980                __multadd
                0x000000000400cabc                __s2b
                0x000000000400cbc0                __hi0bits
                0x000000000400cc28                __lo0bits
                0x000000000400ccd8                __i2b
                0x000000000400cd14                __multiply
                0x000000000400cfa4                __pow5mult
                0x000000000400d0e4                __lshift
                0x000000000400d22c                __mcmp
                0x000000000400d28c                __mdiff
                0x000000000400d424                __ulp
                0x000000000400d484                __b2d
                0x000000000400d5a0                __d2b
                0x000000000400d6dc                __ratio
                0x000000000400d780                _mprec_log10
                0x000000000400d7f4                __copybits
                0x000000000400d86c                __any_on
 .text          0x000000000400d8f8      0x1c4 c:/altera/15.0/nios2eds/bin/gnu/h-x86_64-mingw32/bin/../lib/gcc/nios2-elf/4.9.1/../../../../../H-x86_64-mingw32/nios2-elf/lib/mno-hw-mul\libc.a(lib_a-refill.o)
                0x000000000400d914                __srefill_r
 .text          0x000000000400dabc       0x74 c:/altera/15.0/nios2eds/bin/gnu/h-x86_64-mingw32/bin/../lib/gcc/nios2-elf/4.9.1/../../../../../H-x86_64-mingw32/nios2-elf/lib/mno-hw-mul\libc.a(lib_a-s_fpclassify.o)
                0x000000000400dabc                __fpclassifyd
 .text          0x000000000400db30      0x13c c:/altera/15.0/nios2eds/bin/gnu/h-x86_64-mingw32/bin/../lib/gcc/nios2-elf/4.9.1/../../../../../H-x86_64-mingw32/nios2-elf/lib/mno-hw-mul\libc.a(lib_a-stdio.o)
                0x000000000400db30                __sread
                0x000000000400db84                __seofread
                0x000000000400db8c                __swrite
                0x000000000400dc08                __sseek
                0x000000000400dc64                __sclose
 .text          0x000000000400dc6c       0xa4 c:/altera/15.0/nios2eds/bin/gnu/h-x86_64-mingw32/bin/../lib/gcc/nios2-elf/4.9.1/../../../../../H-x86_64-mingw32/nios2-elf/lib/mno-hw-mul\libc.a(lib_a-strcmp.o)
                0x000000000400dc6c                strcmp
 .text          0x000000000400dd10     0x155c c:/altera/15.0/nios2eds/bin/gnu/h-x86_64-mingw32/bin/../lib/gcc/nios2-elf/4.9.1/../../../../../H-x86_64-mingw32/nios2-elf/lib/mno-hw-mul\libc.a(lib_a-vfiprintf.o)
                0x000000000400de0c                __sprint_r
                0x000000000400de24                ___vfiprintf_internal_r
                0x000000000400f248                __vfiprintf_internal
 .text          0x000000000400f26c       0x5c c:/altera/15.0/nios2eds/bin/gnu/h-x86_64-mingw32/bin/../lib/gcc/nios2-elf/4.9.1/../../../../../H-x86_64-mingw32/nios2-elf/lib/mno-hw-mul\libc.a(lib_a-writer.o)
                0x000000000400f26c                _write_r
 .text          0x000000000400f2c8       0x54 c:/altera/15.0/nios2eds/bin/gnu/h-x86_64-mingw32/bin/../lib/gcc/nios2-elf/4.9.1/../../../../../H-x86_64-mingw32/nios2-elf/lib/mno-hw-mul\libc.a(closer.o)
                0x000000000400f2c8                _close_r
 .text          0x000000000400f31c       0xd8 c:/altera/15.0/nios2eds/bin/gnu/h-x86_64-mingw32/bin/../lib/gcc/nios2-elf/4.9.1/../../../../../H-x86_64-mingw32/nios2-elf/lib/mno-hw-mul\libc.a(lib_a-callocr.o)
                0x000000000400f31c                _calloc_r
 .text          0x000000000400f3f4      0x114 c:/altera/15.0/nios2eds/bin/gnu/h-x86_64-mingw32/bin/../lib/gcc/nios2-elf/4.9.1/../../../../../H-x86_64-mingw32/nios2-elf/lib/mno-hw-mul\libc.a(lib_a-fclose.o)
                0x000000000400f3f4                _fclose_r
                0x000000000400f4f4                fclose
 .text          0x000000000400f508      0x1dc c:/altera/15.0/nios2eds/bin/gnu/h-x86_64-mingw32/bin/../lib/gcc/nios2-elf/4.9.1/../../../../../H-x86_64-mingw32/nios2-elf/lib/mno-hw-mul\libc.a(lib_a-fputwc.o)
                0x000000000400f508                _fputwc_r
                0x000000000400f68c                fputwc
 .text          0x000000000400f6e4       0x58 c:/altera/15.0/nios2eds/bin/gnu/h-x86_64-mingw32/bin/../lib/gcc/nios2-elf/4.9.1/../../../../../H-x86_64-mingw32/nios2-elf/lib/mno-hw-mul\libc.a(lib_a-fstatr.o)
                0x000000000400f6e4                _fstat_r
 .text          0x000000000400f73c       0x54 c:/altera/15.0/nios2eds/bin/gnu/h-x86_64-mingw32/bin/../lib/gcc/nios2-elf/4.9.1/../../../../../H-x86_64-mingw32/nios2-elf/lib/mno-hw-mul\libc.a(lib_a-isattyr.o)
                0x000000000400f73c                _isatty_r
 .text          0x000000000400f790       0x5c c:/altera/15.0/nios2eds/bin/gnu/h-x86_64-mingw32/bin/../lib/gcc/nios2-elf/4.9.1/../../../../../H-x86_64-mingw32/nios2-elf/lib/mno-hw-mul\libc.a(lib_a-lseekr.o)
                0x000000000400f790                _lseek_r
 .text          0x000000000400f7ec       0x5c c:/altera/15.0/nios2eds/bin/gnu/h-x86_64-mingw32/bin/../lib/gcc/nios2-elf/4.9.1/../../../../../H-x86_64-mingw32/nios2-elf/lib/mno-hw-mul\libc.a(lib_a-readr.o)
                0x000000000400f7ec                _read_r
 .text          0x000000000400f848      0x174 c:/altera/15.0/nios2eds/bin/gnu/h-x86_64-mingw32/bin/../lib/gcc/nios2-elf/4.9.1/../../../../../H-x86_64-mingw32/nios2-elf/lib/mno-hw-mul\libc.a(lib_a-wcrtomb.o)
                0x000000000400f848                _wcrtomb_r
                0x000000000400f8e4                wcrtomb
 .text          0x000000000400f9bc       0x8c c:/altera/15.0/nios2eds/bin/gnu/h-x86_64-mingw32/bin/../lib/gcc/nios2-elf/4.9.1/../../../../../H-x86_64-mingw32/nios2-elf/lib/mno-hw-mul\libc.a(lib_a-wctomb_r.o)
                0x000000000400f9bc                __ascii_wctomb
                0x000000000400f9ec                _wctomb_r
 .text          0x000000000400fa48      0x640 c:/altera/15.0/nios2eds/bin/gnu/h-x86_64-mingw32/bin/../lib/gcc/nios2-elf/4.9.1/mno-hw-mul\libgcc.a(_udivdi3.o)
                0x000000000400fa48                __udivdi3
 .text          0x0000000004010088      0x89c c:/altera/15.0/nios2eds/bin/gnu/h-x86_64-mingw32/bin/../lib/gcc/nios2-elf/4.9.1/mno-hw-mul\libgcc.a(adddf3.o)
                0x0000000004010088                __adddf3
 .text          0x0000000004010924      0x980 c:/altera/15.0/nios2eds/bin/gnu/h-x86_64-mingw32/bin/../lib/gcc/nios2-elf/4.9.1/mno-hw-mul\libgcc.a(divdf3.o)
                0x0000000004010924                __divdf3
 .text          0x00000000040112a4       0x84 c:/altera/15.0/nios2eds/bin/gnu/h-x86_64-mingw32/bin/../lib/gcc/nios2-elf/4.9.1/mno-hw-mul\libgcc.a(eqdf2.o)
                0x00000000040112a4                __nedf2
                0x00000000040112a4                __eqdf2
 .text          0x0000000004011328       0xe0 c:/altera/15.0/nios2eds/bin/gnu/h-x86_64-mingw32/bin/../lib/gcc/nios2-elf/4.9.1/mno-hw-mul\libgcc.a(gedf2.o)
                0x0000000004011328                __gedf2
                0x0000000004011328                __gtdf2
 .text          0x0000000004011408       0xe0 c:/altera/15.0/nios2eds/bin/gnu/h-x86_64-mingw32/bin/../lib/gcc/nios2-elf/4.9.1/mno-hw-mul\libgcc.a(ledf2.o)
                0x0000000004011408                __ledf2
                0x0000000004011408                __ltdf2
 .text          0x00000000040114e8      0x86c c:/altera/15.0/nios2eds/bin/gnu/h-x86_64-mingw32/bin/../lib/gcc/nios2-elf/4.9.1/mno-hw-mul\libgcc.a(muldf3.o)
                0x00000000040114e8                __muldf3
 .text          0x0000000004011d54      0x8d0 c:/altera/15.0/nios2eds/bin/gnu/h-x86_64-mingw32/bin/../lib/gcc/nios2-elf/4.9.1/mno-hw-mul\libgcc.a(subdf3.o)
                0x0000000004011d54                __subdf3
 .text          0x0000000004012624       0x88 c:/altera/15.0/nios2eds/bin/gnu/h-x86_64-mingw32/bin/../lib/gcc/nios2-elf/4.9.1/mno-hw-mul\libgcc.a(fixdfsi.o)
                0x0000000004012624                __fixdfsi
 .text          0x00000000040126ac       0xd0 c:/altera/15.0/nios2eds/bin/gnu/h-x86_64-mingw32/bin/../lib/gcc/nios2-elf/4.9.1/mno-hw-mul\libgcc.a(floatsidf.o)
                0x00000000040126ac                __floatsidf
 .text          0x000000000401277c       0xa4 c:/altera/15.0/nios2eds/bin/gnu/h-x86_64-mingw32/bin/../lib/gcc/nios2-elf/4.9.1/mno-hw-mul\libgcc.a(floatunsidf.o)
                0x000000000401277c                __floatunsidf
 .text          0x0000000004012820       0x64 c:/altera/15.0/nios2eds/bin/gnu/h-x86_64-mingw32/bin/../lib/gcc/nios2-elf/4.9.1/mno-hw-mul\libgcc.a(_clzsi2.o)
                0x0000000004012820                __clzsi2
 .text          0x0000000004012884       0xb4 ../usb_kb_bsp/\libhal_bsp.a(alt_sys_init.o)
                0x00000000040128bc                alt_irq_init
                0x00000000040128f0                alt_sys_init
 .text          0x0000000004012938      0x164 ../usb_kb_bsp/\libhal_bsp.a(altera_avalon_jtag_uart_fd.o)
                0x0000000004012938                altera_avalon_jtag_uart_read_fd
                0x0000000004012998                altera_avalon_jtag_uart_write_fd
                0x00000000040129f8                altera_avalon_jtag_uart_close_fd
                0x0000000004012a48                altera_avalon_jtag_uart_ioctl_fd
 .text          0x0000000004012a9c      0x3d8 ../usb_kb_bsp/\libhal_bsp.a(altera_avalon_jtag_uart_init.o)
                0x0000000004012a9c                altera_avalon_jtag_uart_init
                0x0000000004012e0c                altera_avalon_jtag_uart_close
 .text          0x0000000004012e74       0xec ../usb_kb_bsp/\libhal_bsp.a(altera_avalon_jtag_uart_ioctl.o)
                0x0000000004012e74                altera_avalon_jtag_uart_ioctl
 .text          0x0000000004012f60      0x20c ../usb_kb_bsp/\libhal_bsp.a(altera_avalon_jtag_uart_read.o)
                0x0000000004012f60                altera_avalon_jtag_uart_read
 .text          0x000000000401316c      0x218 ../usb_kb_bsp/\libhal_bsp.a(altera_avalon_jtag_uart_write.o)
                0x000000000401316c                altera_avalon_jtag_uart_write
 *(.gnu.warning.*)
 *(.fini)
                0x0000000004013384                PROVIDE (__etext, ABSOLUTE (.))
                0x0000000004013384                PROVIDE (_etext, ABSOLUTE (.))
                0x0000000004013384                PROVIDE (etext, ABSOLUTE (.))
 *(.eh_frame_hdr)
                0x0000000004013384                . = ALIGN (0x4)
                0x0000000004013384                PROVIDE (__preinit_array_start, ABSOLUTE (.))
 *(.preinit_array)
                0x0000000004013384                PROVIDE (__preinit_array_end, ABSOLUTE (.))
                0x0000000004013384                PROVIDE (__init_array_start, ABSOLUTE (.))
 *(.init_array)
                0x0000000004013384                PROVIDE (__init_array_end, ABSOLUTE (.))
                0x0000000004013384                PROVIDE (__fini_array_start, ABSOLUTE (.))
 *(.fini_array)
                0x0000000004013384                PROVIDE (__fini_array_end, ABSOLUTE (.))
 *(.eh_frame)
 *(.gcc_except_table .gcc_except_table.*)
 *(.dynamic)
                0x0000000004013384                PROVIDE (__CTOR_LIST__, ABSOLUTE (.))
 *(.ctors)
 *(SORT(.ctors.*))
                0x0000000004013384                PROVIDE (__CTOR_END__, ABSOLUTE (.))
                0x0000000004013384                PROVIDE (__DTOR_LIST__, ABSOLUTE (.))
 *(.dtors)
 *(SORT(.dtors.*))
                0x0000000004013384                PROVIDE (__DTOR_END__, ABSOLUTE (.))
 *(.jcr)
                0x0000000004013384                . = ALIGN (0x4)

.rodata         0x0000000004013384      0x374
                0x0000000004013384                PROVIDE (__ram_rodata_start, ABSOLUTE (.))
                0x0000000004013384                . = ALIGN (0x4)
 *(.rodata .rodata.* .gnu.linkonce.r.*)
 .rodata        0x0000000004013384        0xc obj/default/HAL/src/alt_dev.o
 .rodata        0x0000000004013390       0x14 obj/default/HAL/src/alt_main.o
 .rodata        0x00000000040133a4       0x74 obj/default/usb.o
 .rodata        0x0000000004013418      0x100 c:/altera/15.0/nios2eds/bin/gnu/h-x86_64-mingw32/bin/../lib/gcc/nios2-elf/4.9.1/mno-hw-mul\libgcc.a(_clz.o)
                0x0000000004013418                __clz_tab
 .rodata.str1.4
                0x0000000004013518        0x2 c:/altera/15.0/nios2eds/bin/gnu/h-x86_64-mingw32/bin/../lib/gcc/nios2-elf/4.9.1/../../../../../H-x86_64-mingw32/nios2-elf/lib/mno-hw-mul\libc.a(lib_a-impure.o)
                                          0x4 (size before relaxing)
 *fill*         0x000000000401351a        0x2 
 .rodata.str1.4
                0x000000000401351c        0x2 c:/altera/15.0/nios2eds/bin/gnu/h-x86_64-mingw32/bin/../lib/gcc/nios2-elf/4.9.1/../../../../../H-x86_64-mingw32/nios2-elf/lib/mno-hw-mul\libc.a(lib_a-puts.o)
                                          0x4 (size before relaxing)
 *fill*         0x000000000401351e        0x2 
 .rodata.str1.4
                0x0000000004013520       0x42 c:/altera/15.0/nios2eds/bin/gnu/h-x86_64-mingw32/bin/../lib/gcc/nios2-elf/4.9.1/../../../../../H-x86_64-mingw32/nios2-elf/lib/mno-hw-mul\libc.a(lib_a-vfprintf.o)
                                         0x44 (size before relaxing)
 .rodata        0x0000000004013562       0x20 c:/altera/15.0/nios2eds/bin/gnu/h-x86_64-mingw32/bin/../lib/gcc/nios2-elf/4.9.1/../../../../../H-x86_64-mingw32/nios2-elf/lib/mno-hw-mul\libc.a(lib_a-vfprintf.o)
 *fill*         0x0000000004013582        0x2 
 .rodata.str1.4
                0x0000000004013584       0x10 c:/altera/15.0/nios2eds/bin/gnu/h-x86_64-mingw32/bin/../lib/gcc/nios2-elf/4.9.1/../../../../../H-x86_64-mingw32/nios2-elf/lib/mno-hw-mul\libc.a(lib_a-dtoa.o)
                                         0x14 (size before relaxing)
 .rodata.str1.4
                0x0000000004013594        0xc c:/altera/15.0/nios2eds/bin/gnu/h-x86_64-mingw32/bin/../lib/gcc/nios2-elf/4.9.1/../../../../../H-x86_64-mingw32/nios2-elf/lib/mno-hw-mul\libc.a(lib_a-locale.o)
                                         0x14 (size before relaxing)
 .rodata        0x00000000040135a0      0x124 c:/altera/15.0/nios2eds/bin/gnu/h-x86_64-mingw32/bin/../lib/gcc/nios2-elf/4.9.1/../../../../../H-x86_64-mingw32/nios2-elf/lib/mno-hw-mul\libc.a(lib_a-mprec.o)
                0x00000000040135ac                __mprec_tinytens
                0x00000000040135d4                __mprec_bigtens
                0x00000000040135fc                __mprec_tens
 .rodata.str1.4
                0x0000000000000000       0x30 c:/altera/15.0/nios2eds/bin/gnu/h-x86_64-mingw32/bin/../lib/gcc/nios2-elf/4.9.1/../../../../../H-x86_64-mingw32/nios2-elf/lib/mno-hw-mul\libc.a(lib_a-vfiprintf.o)
 .rodata        0x00000000040136c4       0x20 c:/altera/15.0/nios2eds/bin/gnu/h-x86_64-mingw32/bin/../lib/gcc/nios2-elf/4.9.1/../../../../../H-x86_64-mingw32/nios2-elf/lib/mno-hw-mul\libc.a(lib_a-vfiprintf.o)
 .rodata        0x00000000040136e4       0x14 ../usb_kb_bsp/\libhal_bsp.a(alt_sys_init.o)
 *(.rodata1)
                0x00000000040136f8                . = ALIGN (0x4)
                0x00000000040136f8                PROVIDE (__ram_rodata_end, ABSOLUTE (.))
                0x0000000004013384                PROVIDE (__flash_rodata_start, LOADADDR (.rodata))

.rwdata         0x00000000040136f8     0x1b38 load address 0x0000000004015230
                0x00000000040136f8                PROVIDE (__ram_rwdata_start, ABSOLUTE (.))
                0x00000000040136f8                . = ALIGN (0x4)
 *(.got.plt)
 *(.got)
 *(.data1)
 *(.data .data.* .gnu.linkonce.d.*)
 .data          0x00000000040136f8        0x0 ../usb_kb_bsp//obj/HAL/src/crt0.o
 .data          0x00000000040136f8        0x0 obj/default/HAL/src/alt_alarm_start.o
 .data          0x00000000040136f8        0x0 obj/default/HAL/src/alt_busy_sleep.o
 .data          0x00000000040136f8        0x0 obj/default/HAL/src/alt_close.o
 .data          0x00000000040136f8        0x0 obj/default/HAL/src/alt_dcache_flush.o
 .data          0x00000000040136f8        0x0 obj/default/HAL/src/alt_dcache_flush_all.o
 .data          0x00000000040136f8        0x0 obj/default/HAL/src/alt_dcache_flush_no_writeback.o
 .data          0x00000000040136f8      0x1a8 obj/default/HAL/src/alt_dev.o
                0x00000000040136f8                alt_dev_null
                0x0000000004013720                alt_fd_list
 .data          0x00000000040138a0        0x0 obj/default/HAL/src/alt_dev_llist_insert.o
 .data          0x00000000040138a0        0x0 obj/default/HAL/src/alt_dma_rxchan_open.o
 .data          0x00000000040138a0        0x0 obj/default/HAL/src/alt_dma_txchan_open.o
 .data          0x00000000040138a0        0x0 obj/default/HAL/src/alt_do_ctors.o
 .data          0x00000000040138a0        0x0 obj/default/HAL/src/alt_do_dtors.o
 .data          0x00000000040138a0        0x0 obj/default/HAL/src/alt_ecc_fatal_exception.o
 .data          0x00000000040138a0        0x0 obj/default/HAL/src/alt_env_lock.o
 .data          0x00000000040138a0        0x0 obj/default/HAL/src/alt_environ.o
 .data          0x00000000040138a0        0x0 obj/default/HAL/src/alt_errno.o
 .data          0x00000000040138a0        0x0 obj/default/HAL/src/alt_execve.o
 .data          0x00000000040138a0        0x0 obj/default/HAL/src/alt_exit.o
 .data          0x00000000040138a0        0x0 obj/default/HAL/src/alt_fcntl.o
 .data          0x00000000040138a0        0x0 obj/default/HAL/src/alt_fd_lock.o
 .data          0x00000000040138a0        0x0 obj/default/HAL/src/alt_fd_unlock.o
 .data          0x00000000040138a0        0x0 obj/default/HAL/src/alt_find_dev.o
 .data          0x00000000040138a0        0x0 obj/default/HAL/src/alt_find_file.o
 .data          0x00000000040138a0        0x0 obj/default/HAL/src/alt_flash_dev.o
 .data          0x00000000040138a0        0x0 obj/default/HAL/src/alt_fork.o
 .data          0x00000000040138a0        0x0 obj/default/HAL/src/alt_fs_reg.o
 .data          0x00000000040138a0        0x0 obj/default/HAL/src/alt_fstat.o
 .data          0x00000000040138a0        0x0 obj/default/HAL/src/alt_get_fd.o
 .data          0x00000000040138a0        0x0 obj/default/HAL/src/alt_getchar.o
 .data          0x00000000040138a0        0x0 obj/default/HAL/src/alt_getpid.o
 .data          0x00000000040138a0        0x0 obj/default/HAL/src/alt_gettod.o
 .data          0x00000000040138a0       0x24 obj/default/HAL/src/alt_gmon.o
                0x00000000040138a0                alt_gmon_data
 .data          0x00000000040138c4        0x0 obj/default/HAL/src/alt_icache_flush.o
 .data          0x00000000040138c4        0x0 obj/default/HAL/src/alt_icache_flush_all.o
 .data          0x00000000040138c4        0x0 obj/default/HAL/src/alt_iic.o
 .data          0x00000000040138c4        0x0 obj/default/HAL/src/alt_iic_isr_register.o
 .data          0x00000000040138c4        0x0 obj/default/HAL/src/alt_instruction_exception_entry.o
 .data          0x00000000040138c4        0x0 obj/default/HAL/src/alt_instruction_exception_register.o
 .data          0x00000000040138c4        0x0 obj/default/HAL/src/alt_io_redirect.o
 .data          0x00000000040138c4        0x0 obj/default/HAL/src/alt_ioctl.o
 .data          0x00000000040138c4        0x0 obj/default/HAL/src/alt_irq_handler.o
 .data          0x00000000040138c4        0x0 obj/default/HAL/src/alt_irq_register.o
 .data          0x00000000040138c4        0x0 obj/default/HAL/src/alt_irq_vars.o
 .data          0x00000000040138c4        0x0 obj/default/HAL/src/alt_isatty.o
 .data          0x00000000040138c4        0x0 obj/default/HAL/src/alt_kill.o
 .data          0x00000000040138c4        0x0 obj/default/HAL/src/alt_link.o
 .data          0x00000000040138c4        0x0 obj/default/HAL/src/alt_load.o
 .data          0x00000000040138c4        0x0 obj/default/HAL/src/alt_log_printf.o
 .data          0x00000000040138c4        0x0 obj/default/HAL/src/alt_lseek.o
 .data          0x00000000040138c4        0x0 obj/default/HAL/src/alt_main.o
 .data          0x00000000040138c4        0x0 obj/default/HAL/src/alt_malloc_lock.o
 .data          0x00000000040138c4        0x0 obj/default/HAL/src/alt_open.o
 .data          0x00000000040138c4        0x0 obj/default/HAL/src/alt_printf.o
 .data          0x00000000040138c4        0x0 obj/default/HAL/src/alt_putchar.o
 .data          0x00000000040138c4        0x0 obj/default/HAL/src/alt_putstr.o
 .data          0x00000000040138c4        0x0 obj/default/HAL/src/alt_read.o
 .data          0x00000000040138c4        0x0 obj/default/HAL/src/alt_release_fd.o
 .data          0x00000000040138c4        0x0 obj/default/HAL/src/alt_remap_cached.o
 .data          0x00000000040138c4        0x0 obj/default/HAL/src/alt_remap_uncached.o
 .data          0x00000000040138c4        0x0 obj/default/HAL/src/alt_rename.o
 .data          0x00000000040138c4        0x0 obj/default/HAL/src/alt_sbrk.o
 .data          0x00000000040138c4        0x0 obj/default/HAL/src/alt_settod.o
 .data          0x00000000040138c4        0x0 obj/default/HAL/src/alt_stat.o
 .data          0x00000000040138c4        0x0 obj/default/HAL/src/alt_tick.o
 .data          0x00000000040138c4        0x0 obj/default/HAL/src/alt_times.o
 .data          0x00000000040138c4        0x0 obj/default/HAL/src/alt_uncached_free.o
 .data          0x00000000040138c4        0x0 obj/default/HAL/src/alt_uncached_malloc.o
 .data          0x00000000040138c4        0x0 obj/default/HAL/src/alt_unlink.o
 .data          0x00000000040138c4        0x0 obj/default/HAL/src/alt_usleep.o
 .data          0x00000000040138c4        0x0 obj/default/HAL/src/alt_wait.o
 .data          0x00000000040138c4        0x0 obj/default/HAL/src/alt_write.o
 .data          0x00000000040138c4        0x0 obj/default/HAL/src/altera_nios2_qsys_irq.o
 .data          0x00000000040138c4        0x0 obj/default/io_handler.o
 .data          0x00000000040138c4        0x0 obj/default/main.o
 .data          0x00000000040138c4        0x0 obj/default/usb.o
 .data          0x00000000040138c4        0x0 obj/default/HAL/src/alt_ecc_fatal_entry.o
 .data          0x00000000040138c4        0x0 obj/default/HAL/src/alt_exception_entry.o
 .data          0x00000000040138c4        0x0 obj/default/HAL/src/alt_exception_muldiv.o
 .data          0x00000000040138c4        0x0 obj/default/HAL/src/alt_exception_trap.o
 .data          0x00000000040138c4        0x0 obj/default/HAL/src/alt_irq_entry.o
 .data          0x00000000040138c4        0x0 obj/default/HAL/src/alt_log_macro.o
 .data          0x00000000040138c4        0x0 obj/default/HAL/src/alt_mcount.o
 .data          0x00000000040138c4        0x0 obj/default/HAL/src/alt_software_exception.o
 .data          0x00000000040138c4        0x0 obj/default/HAL/src/crt0.o
 .data          0x00000000040138c4        0x0 c:/altera/15.0/nios2eds/bin/gnu/h-x86_64-mingw32/bin/../lib/gcc/nios2-elf/4.9.1/mno-hw-mul\libgcc.a(_muldi3.o)
 .data          0x00000000040138c4        0x0 c:/altera/15.0/nios2eds/bin/gnu/h-x86_64-mingw32/bin/../lib/gcc/nios2-elf/4.9.1/mno-hw-mul\libgcc.a(_umoddi3.o)
 .data          0x00000000040138c4        0x0 c:/altera/15.0/nios2eds/bin/gnu/h-x86_64-mingw32/bin/../lib/gcc/nios2-elf/4.9.1/mno-hw-mul\libgcc.a(lib2-divmod.o)
 .data          0x00000000040138c4        0x0 c:/altera/15.0/nios2eds/bin/gnu/h-x86_64-mingw32/bin/../lib/gcc/nios2-elf/4.9.1/mno-hw-mul\libgcc.a(lib2-mul.o)
 .data          0x00000000040138c4        0x0 c:/altera/15.0/nios2eds/bin/gnu/h-x86_64-mingw32/bin/../lib/gcc/nios2-elf/4.9.1/mno-hw-mul\libgcc.a(_clz.o)
 .data          0x00000000040138c4        0x0 c:/altera/15.0/nios2eds/bin/gnu/h-x86_64-mingw32/bin/../lib/gcc/nios2-elf/4.9.1/../../../../../H-x86_64-mingw32/nios2-elf/lib/mno-hw-mul\libc.a(lib_a-atexit.o)
 .data          0x00000000040138c4        0x0 c:/altera/15.0/nios2eds/bin/gnu/h-x86_64-mingw32/bin/../lib/gcc/nios2-elf/4.9.1/../../../../../H-x86_64-mingw32/nios2-elf/lib/mno-hw-mul\libc.a(lib_a-exit.o)
 .data          0x00000000040138c4        0x0 c:/altera/15.0/nios2eds/bin/gnu/h-x86_64-mingw32/bin/../lib/gcc/nios2-elf/4.9.1/../../../../../H-x86_64-mingw32/nios2-elf/lib/mno-hw-mul\libc.a(lib_a-fputs.o)
 .data          0x00000000040138c4        0x0 c:/altera/15.0/nios2eds/bin/gnu/h-x86_64-mingw32/bin/../lib/gcc/nios2-elf/4.9.1/../../../../../H-x86_64-mingw32/nios2-elf/lib/mno-hw-mul\libc.a(lib_a-fvwrite.o)
 .data          0x00000000040138c4        0x0 c:/altera/15.0/nios2eds/bin/gnu/h-x86_64-mingw32/bin/../lib/gcc/nios2-elf/4.9.1/../../../../../H-x86_64-mingw32/nios2-elf/lib/mno-hw-mul\libc.a(lib_a-getc.o)
 .data          0x00000000040138c4      0x424 c:/altera/15.0/nios2eds/bin/gnu/h-x86_64-mingw32/bin/../lib/gcc/nios2-elf/4.9.1/../../../../../H-x86_64-mingw32/nios2-elf/lib/mno-hw-mul\libc.a(lib_a-impure.o)
 .data          0x0000000004013ce8        0x0 c:/altera/15.0/nios2eds/bin/gnu/h-x86_64-mingw32/bin/../lib/gcc/nios2-elf/4.9.1/../../../../../H-x86_64-mingw32/nios2-elf/lib/mno-hw-mul\libc.a(lib_a-int_errno.o)
 .data          0x0000000004013ce8        0x0 c:/altera/15.0/nios2eds/bin/gnu/h-x86_64-mingw32/bin/../lib/gcc/nios2-elf/4.9.1/../../../../../H-x86_64-mingw32/nios2-elf/lib/mno-hw-mul\libc.a(lib_a-malloc.o)
 .data          0x0000000004013ce8      0x408 c:/altera/15.0/nios2eds/bin/gnu/h-x86_64-mingw32/bin/../lib/gcc/nios2-elf/4.9.1/../../../../../H-x86_64-mingw32/nios2-elf/lib/mno-hw-mul\libc.a(lib_a-mallocr.o)
                0x0000000004013ce8                __malloc_av_
 .data          0x00000000040140f0        0x0 c:/altera/15.0/nios2eds/bin/gnu/h-x86_64-mingw32/bin/../lib/gcc/nios2-elf/4.9.1/../../../../../H-x86_64-mingw32/nios2-elf/lib/mno-hw-mul\libc.a(lib_a-memchr.o)
 .data          0x00000000040140f0        0x0 c:/altera/15.0/nios2eds/bin/gnu/h-x86_64-mingw32/bin/../lib/gcc/nios2-elf/4.9.1/../../../../../H-x86_64-mingw32/nios2-elf/lib/mno-hw-mul\libc.a(lib_a-memcmp.o)
 .data          0x00000000040140f0        0x0 c:/altera/15.0/nios2eds/bin/gnu/h-x86_64-mingw32/bin/../lib/gcc/nios2-elf/4.9.1/../../../../../H-x86_64-mingw32/nios2-elf/lib/mno-hw-mul\libc.a(lib_a-memcpy.o)
 .data          0x00000000040140f0        0x0 c:/altera/15.0/nios2eds/bin/gnu/h-x86_64-mingw32/bin/../lib/gcc/nios2-elf/4.9.1/../../../../../H-x86_64-mingw32/nios2-elf/lib/mno-hw-mul\libc.a(lib_a-memmove.o)
 .data          0x00000000040140f0        0x0 c:/altera/15.0/nios2eds/bin/gnu/h-x86_64-mingw32/bin/../lib/gcc/nios2-elf/4.9.1/../../../../../H-x86_64-mingw32/nios2-elf/lib/mno-hw-mul\libc.a(lib_a-memset.o)
 .data          0x00000000040140f0        0x0 c:/altera/15.0/nios2eds/bin/gnu/h-x86_64-mingw32/bin/../lib/gcc/nios2-elf/4.9.1/../../../../../H-x86_64-mingw32/nios2-elf/lib/mno-hw-mul\libc.a(lib_a-printf.o)
 .data          0x00000000040140f0        0x0 c:/altera/15.0/nios2eds/bin/gnu/h-x86_64-mingw32/bin/../lib/gcc/nios2-elf/4.9.1/../../../../../H-x86_64-mingw32/nios2-elf/lib/mno-hw-mul\libc.a(lib_a-putc.o)
 .data          0x00000000040140f0        0x0 c:/altera/15.0/nios2eds/bin/gnu/h-x86_64-mingw32/bin/../lib/gcc/nios2-elf/4.9.1/../../../../../H-x86_64-mingw32/nios2-elf/lib/mno-hw-mul\libc.a(lib_a-puts.o)
 .data          0x00000000040140f0        0x0 c:/altera/15.0/nios2eds/bin/gnu/h-x86_64-mingw32/bin/../lib/gcc/nios2-elf/4.9.1/../../../../../H-x86_64-mingw32/nios2-elf/lib/mno-hw-mul\libc.a(lib_a-reallocr.o)
 .data          0x00000000040140f0        0x0 c:/altera/15.0/nios2eds/bin/gnu/h-x86_64-mingw32/bin/../lib/gcc/nios2-elf/4.9.1/../../../../../H-x86_64-mingw32/nios2-elf/lib/mno-hw-mul\libc.a(lib_a-rget.o)
 .data          0x00000000040140f0        0x0 c:/altera/15.0/nios2eds/bin/gnu/h-x86_64-mingw32/bin/../lib/gcc/nios2-elf/4.9.1/../../../../../H-x86_64-mingw32/nios2-elf/lib/mno-hw-mul\libc.a(lib_a-sbrkr.o)
 .data          0x00000000040140f0        0x0 c:/altera/15.0/nios2eds/bin/gnu/h-x86_64-mingw32/bin/../lib/gcc/nios2-elf/4.9.1/../../../../../H-x86_64-mingw32/nios2-elf/lib/mno-hw-mul\libc.a(lib_a-strlen.o)
 .data          0x00000000040140f0        0x0 c:/altera/15.0/nios2eds/bin/gnu/h-x86_64-mingw32/bin/../lib/gcc/nios2-elf/4.9.1/../../../../../H-x86_64-mingw32/nios2-elf/lib/mno-hw-mul\libc.a(lib_a-vfprintf.o)
 .data          0x00000000040140f0        0x0 c:/altera/15.0/nios2eds/bin/gnu/h-x86_64-mingw32/bin/../lib/gcc/nios2-elf/4.9.1/../../../../../H-x86_64-mingw32/nios2-elf/lib/mno-hw-mul\libc.a(lib_a-wbuf.o)
 .data          0x00000000040140f0        0x0 c:/altera/15.0/nios2eds/bin/gnu/h-x86_64-mingw32/bin/../lib/gcc/nios2-elf/4.9.1/../../../../../H-x86_64-mingw32/nios2-elf/lib/mno-hw-mul\libc.a(lib_a-wsetup.o)
 .data          0x00000000040140f0        0x0 c:/altera/15.0/nios2eds/bin/gnu/h-x86_64-mingw32/bin/../lib/gcc/nios2-elf/4.9.1/../../../../../H-x86_64-mingw32/nios2-elf/lib/mno-hw-mul\libc.a(lib_a-__atexit.o)
 .data          0x00000000040140f0        0x0 c:/altera/15.0/nios2eds/bin/gnu/h-x86_64-mingw32/bin/../lib/gcc/nios2-elf/4.9.1/../../../../../H-x86_64-mingw32/nios2-elf/lib/mno-hw-mul\libc.a(lib_a-__call_atexit.o)
 .data          0x00000000040140f0        0x0 c:/altera/15.0/nios2eds/bin/gnu/h-x86_64-mingw32/bin/../lib/gcc/nios2-elf/4.9.1/../../../../../H-x86_64-mingw32/nios2-elf/lib/mno-hw-mul\libc.a(lib_a-dtoa.o)
 .data          0x00000000040140f0        0x0 c:/altera/15.0/nios2eds/bin/gnu/h-x86_64-mingw32/bin/../lib/gcc/nios2-elf/4.9.1/../../../../../H-x86_64-mingw32/nios2-elf/lib/mno-hw-mul\libc.a(lib_a-fflush.o)
 .data          0x00000000040140f0        0x0 c:/altera/15.0/nios2eds/bin/gnu/h-x86_64-mingw32/bin/../lib/gcc/nios2-elf/4.9.1/../../../../../H-x86_64-mingw32/nios2-elf/lib/mno-hw-mul\libc.a(lib_a-findfp.o)
 .data          0x00000000040140f0        0x0 c:/altera/15.0/nios2eds/bin/gnu/h-x86_64-mingw32/bin/../lib/gcc/nios2-elf/4.9.1/../../../../../H-x86_64-mingw32/nios2-elf/lib/mno-hw-mul\libc.a(lib_a-freer.o)
 .data          0x00000000040140f0        0x0 c:/altera/15.0/nios2eds/bin/gnu/h-x86_64-mingw32/bin/../lib/gcc/nios2-elf/4.9.1/../../../../../H-x86_64-mingw32/nios2-elf/lib/mno-hw-mul\libc.a(lib_a-fwalk.o)
 .data          0x00000000040140f0       0x78 c:/altera/15.0/nios2eds/bin/gnu/h-x86_64-mingw32/bin/../lib/gcc/nios2-elf/4.9.1/../../../../../H-x86_64-mingw32/nios2-elf/lib/mno-hw-mul\libc.a(lib_a-locale.o)
 .data          0x0000000004014168        0x0 c:/altera/15.0/nios2eds/bin/gnu/h-x86_64-mingw32/bin/../lib/gcc/nios2-elf/4.9.1/../../../../../H-x86_64-mingw32/nios2-elf/lib/mno-hw-mul\libc.a(lib_a-makebuf.o)
 .data          0x0000000004014168        0x0 c:/altera/15.0/nios2eds/bin/gnu/h-x86_64-mingw32/bin/../lib/gcc/nios2-elf/4.9.1/../../../../../H-x86_64-mingw32/nios2-elf/lib/mno-hw-mul\libc.a(lib_a-mprec.o)
 .data          0x0000000004014168        0x0 c:/altera/15.0/nios2eds/bin/gnu/h-x86_64-mingw32/bin/../lib/gcc/nios2-elf/4.9.1/../../../../../H-x86_64-mingw32/nios2-elf/lib/mno-hw-mul\libc.a(lib_a-refill.o)
 .data          0x0000000004014168        0x0 c:/altera/15.0/nios2eds/bin/gnu/h-x86_64-mingw32/bin/../lib/gcc/nios2-elf/4.9.1/../../../../../H-x86_64-mingw32/nios2-elf/lib/mno-hw-mul\libc.a(lib_a-s_fpclassify.o)
 .data          0x0000000004014168        0x0 c:/altera/15.0/nios2eds/bin/gnu/h-x86_64-mingw32/bin/../lib/gcc/nios2-elf/4.9.1/../../../../../H-x86_64-mingw32/nios2-elf/lib/mno-hw-mul\libc.a(lib_a-stdio.o)
 .data          0x0000000004014168        0x0 c:/altera/15.0/nios2eds/bin/gnu/h-x86_64-mingw32/bin/../lib/gcc/nios2-elf/4.9.1/../../../../../H-x86_64-mingw32/nios2-elf/lib/mno-hw-mul\libc.a(lib_a-strcmp.o)
 .data          0x0000000004014168        0x0 c:/altera/15.0/nios2eds/bin/gnu/h-x86_64-mingw32/bin/../lib/gcc/nios2-elf/4.9.1/../../../../../H-x86_64-mingw32/nios2-elf/lib/mno-hw-mul\libc.a(lib_a-vfiprintf.o)
 .data          0x0000000004014168        0x0 c:/altera/15.0/nios2eds/bin/gnu/h-x86_64-mingw32/bin/../lib/gcc/nios2-elf/4.9.1/../../../../../H-x86_64-mingw32/nios2-elf/lib/mno-hw-mul\libc.a(lib_a-writer.o)
 .data          0x0000000004014168        0x0 c:/altera/15.0/nios2eds/bin/gnu/h-x86_64-mingw32/bin/../lib/gcc/nios2-elf/4.9.1/../../../../../H-x86_64-mingw32/nios2-elf/lib/mno-hw-mul\libc.a(closer.o)
 .data          0x0000000004014168        0x0 c:/altera/15.0/nios2eds/bin/gnu/h-x86_64-mingw32/bin/../lib/gcc/nios2-elf/4.9.1/../../../../../H-x86_64-mingw32/nios2-elf/lib/mno-hw-mul\libc.a(lib_a-callocr.o)
 .data          0x0000000004014168        0x0 c:/altera/15.0/nios2eds/bin/gnu/h-x86_64-mingw32/bin/../lib/gcc/nios2-elf/4.9.1/../../../../../H-x86_64-mingw32/nios2-elf/lib/mno-hw-mul\libc.a(lib_a-fclose.o)
 .data          0x0000000004014168        0x0 c:/altera/15.0/nios2eds/bin/gnu/h-x86_64-mingw32/bin/../lib/gcc/nios2-elf/4.9.1/../../../../../H-x86_64-mingw32/nios2-elf/lib/mno-hw-mul\libc.a(lib_a-fputwc.o)
 .data          0x0000000004014168        0x0 c:/altera/15.0/nios2eds/bin/gnu/h-x86_64-mingw32/bin/../lib/gcc/nios2-elf/4.9.1/../../../../../H-x86_64-mingw32/nios2-elf/lib/mno-hw-mul\libc.a(lib_a-fstatr.o)
 .data          0x0000000004014168        0x0 c:/altera/15.0/nios2eds/bin/gnu/h-x86_64-mingw32/bin/../lib/gcc/nios2-elf/4.9.1/../../../../../H-x86_64-mingw32/nios2-elf/lib/mno-hw-mul\libc.a(lib_a-isattyr.o)
 .data          0x0000000004014168        0x0 c:/altera/15.0/nios2eds/bin/gnu/h-x86_64-mingw32/bin/../lib/gcc/nios2-elf/4.9.1/../../../../../H-x86_64-mingw32/nios2-elf/lib/mno-hw-mul\libc.a(lib_a-lseekr.o)
 .data          0x0000000004014168        0x0 c:/altera/15.0/nios2eds/bin/gnu/h-x86_64-mingw32/bin/../lib/gcc/nios2-elf/4.9.1/../../../../../H-x86_64-mingw32/nios2-elf/lib/mno-hw-mul\libc.a(lib_a-readr.o)
 .data          0x0000000004014168        0x0 c:/altera/15.0/nios2eds/bin/gnu/h-x86_64-mingw32/bin/../lib/gcc/nios2-elf/4.9.1/../../../../../H-x86_64-mingw32/nios2-elf/lib/mno-hw-mul\libc.a(lib_a-wcrtomb.o)
 .data          0x0000000004014168        0x0 c:/altera/15.0/nios2eds/bin/gnu/h-x86_64-mingw32/bin/../lib/gcc/nios2-elf/4.9.1/../../../../../H-x86_64-mingw32/nios2-elf/lib/mno-hw-mul\libc.a(lib_a-wctomb_r.o)
 .data          0x0000000004014168        0x0 c:/altera/15.0/nios2eds/bin/gnu/h-x86_64-mingw32/bin/../lib/gcc/nios2-elf/4.9.1/mno-hw-mul\libgcc.a(_udivdi3.o)
 .data          0x0000000004014168        0x0 c:/altera/15.0/nios2eds/bin/gnu/h-x86_64-mingw32/bin/../lib/gcc/nios2-elf/4.9.1/mno-hw-mul\libgcc.a(adddf3.o)
 .data          0x0000000004014168        0x0 c:/altera/15.0/nios2eds/bin/gnu/h-x86_64-mingw32/bin/../lib/gcc/nios2-elf/4.9.1/mno-hw-mul\libgcc.a(divdf3.o)
 .data          0x0000000004014168        0x0 c:/altera/15.0/nios2eds/bin/gnu/h-x86_64-mingw32/bin/../lib/gcc/nios2-elf/4.9.1/mno-hw-mul\libgcc.a(eqdf2.o)
 .data          0x0000000004014168        0x0 c:/altera/15.0/nios2eds/bin/gnu/h-x86_64-mingw32/bin/../lib/gcc/nios2-elf/4.9.1/mno-hw-mul\libgcc.a(gedf2.o)
 .data          0x0000000004014168        0x0 c:/altera/15.0/nios2eds/bin/gnu/h-x86_64-mingw32/bin/../lib/gcc/nios2-elf/4.9.1/mno-hw-mul\libgcc.a(ledf2.o)
 .data          0x0000000004014168        0x0 c:/altera/15.0/nios2eds/bin/gnu/h-x86_64-mingw32/bin/../lib/gcc/nios2-elf/4.9.1/mno-hw-mul\libgcc.a(muldf3.o)
 .data          0x0000000004014168        0x0 c:/altera/15.0/nios2eds/bin/gnu/h-x86_64-mingw32/bin/../lib/gcc/nios2-elf/4.9.1/mno-hw-mul\libgcc.a(subdf3.o)
 .data          0x0000000004014168        0x0 c:/altera/15.0/nios2eds/bin/gnu/h-x86_64-mingw32/bin/../lib/gcc/nios2-elf/4.9.1/mno-hw-mul\libgcc.a(fixdfsi.o)
 .data          0x0000000004014168        0x0 c:/altera/15.0/nios2eds/bin/gnu/h-x86_64-mingw32/bin/../lib/gcc/nios2-elf/4.9.1/mno-hw-mul\libgcc.a(floatsidf.o)
 .data          0x0000000004014168        0x0 c:/altera/15.0/nios2eds/bin/gnu/h-x86_64-mingw32/bin/../lib/gcc/nios2-elf/4.9.1/mno-hw-mul\libgcc.a(floatunsidf.o)
 .data          0x0000000004014168        0x0 c:/altera/15.0/nios2eds/bin/gnu/h-x86_64-mingw32/bin/../lib/gcc/nios2-elf/4.9.1/mno-hw-mul\libgcc.a(_clzsi2.o)
 .data          0x0000000004014168     0x1060 ../usb_kb_bsp/\libhal_bsp.a(alt_sys_init.o)
 .data          0x00000000040151c8        0x0 ../usb_kb_bsp/\libhal_bsp.a(altera_avalon_jtag_uart_fd.o)
 .data          0x00000000040151c8        0x0 ../usb_kb_bsp/\libhal_bsp.a(altera_avalon_jtag_uart_init.o)
 .data          0x00000000040151c8        0x0 ../usb_kb_bsp/\libhal_bsp.a(altera_avalon_jtag_uart_ioctl.o)
 .data          0x00000000040151c8        0x0 ../usb_kb_bsp/\libhal_bsp.a(altera_avalon_jtag_uart_read.o)
 .data          0x00000000040151c8        0x0 ../usb_kb_bsp/\libhal_bsp.a(altera_avalon_jtag_uart_write.o)
                0x000000000401d1c8                _gp = ABSOLUTE ((. + 0x8000))
                0x000000000401d1c8                PROVIDE (gp, _gp)
 *(.rwdata .rwdata.*)
 *(.sdata .sdata.* .gnu.linkonce.s.*)
 .sdata         0x00000000040151c8       0x14 obj/default/HAL/src/alt_dev.o
                0x00000000040151c8                alt_fs_list
                0x00000000040151d0                alt_dev_list
                0x00000000040151d8                alt_max_fd
 .sdata         0x00000000040151dc        0x8 obj/default/HAL/src/alt_dma_rxchan_open.o
                0x00000000040151dc                alt_dma_rxchan_list
 .sdata         0x00000000040151e4        0x8 obj/default/HAL/src/alt_dma_txchan_open.o
                0x00000000040151e4                alt_dma_txchan_list
 .sdata         0x00000000040151ec        0x4 obj/default/HAL/src/alt_environ.o
                0x00000000040151ec                environ
 .sdata         0x00000000040151f0        0x4 obj/default/HAL/src/alt_errno.o
                0x00000000040151f0                alt_errno
 .sdata         0x00000000040151f4        0x8 obj/default/HAL/src/alt_flash_dev.o
                0x00000000040151f4                alt_flash_dev_list
 .sdata         0x00000000040151fc        0xc obj/default/HAL/src/alt_gmon.o
 .sdata         0x0000000004015208        0x4 obj/default/HAL/src/alt_irq_vars.o
                0x0000000004015208                alt_priority_mask
 .sdata         0x000000000401520c        0x4 obj/default/HAL/src/alt_sbrk.o
 .sdata         0x0000000004015210        0x8 obj/default/HAL/src/alt_tick.o
                0x0000000004015210                alt_alarm_list
 .sdata         0x0000000004015218        0x8 c:/altera/15.0/nios2eds/bin/gnu/h-x86_64-mingw32/bin/../lib/gcc/nios2-elf/4.9.1/../../../../../H-x86_64-mingw32/nios2-elf/lib/mno-hw-mul\libc.a(lib_a-impure.o)
                0x0000000004015218                _global_impure_ptr
                0x000000000401521c                _impure_ptr
 .sdata         0x0000000004015220        0x8 c:/altera/15.0/nios2eds/bin/gnu/h-x86_64-mingw32/bin/../lib/gcc/nios2-elf/4.9.1/../../../../../H-x86_64-mingw32/nios2-elf/lib/mno-hw-mul\libc.a(lib_a-mallocr.o)
                0x0000000004015220                __malloc_sbrk_base
                0x0000000004015224                __malloc_trim_threshold
 .sdata         0x0000000004015228        0x4 c:/altera/15.0/nios2eds/bin/gnu/h-x86_64-mingw32/bin/../lib/gcc/nios2-elf/4.9.1/../../../../../H-x86_64-mingw32/nios2-elf/lib/mno-hw-mul\libc.a(lib_a-locale.o)
                0x0000000004015228                __mb_cur_max
 .sdata         0x000000000401522c        0x4 c:/altera/15.0/nios2eds/bin/gnu/h-x86_64-mingw32/bin/../lib/gcc/nios2-elf/4.9.1/../../../../../H-x86_64-mingw32/nios2-elf/lib/mno-hw-mul\libc.a(lib_a-wctomb_r.o)
                0x000000000401522c                __wctomb
 *(.sdata2 .sdata2.* .gnu.linkonce.s2.*)
                0x0000000004015230                . = ALIGN (0x4)
                0x0000000004015230                _edata = ABSOLUTE (.)
                0x0000000004015230                PROVIDE (edata, ABSOLUTE (.))
                0x0000000004015230                PROVIDE (__ram_rwdata_end, ABSOLUTE (.))
                0x0000000004015230                PROVIDE (__flash_rwdata_start, LOADADDR (.rwdata))

.bss            0x0000000004016d68      0x29c
                0x0000000004016d68                __bss_start = ABSOLUTE (.)
                0x0000000004016d68                PROVIDE (__sbss_start, ABSOLUTE (.))
                0x0000000004016d68                PROVIDE (___sbss_start, ABSOLUTE (.))
 *(.dynsbss)
 *(.sbss .sbss.* .gnu.linkonce.sb.*)
 .sbss          0x0000000004016d68        0x4 obj/default/HAL/src/alt_ecc_fatal_exception.o
                0x0000000004016d68                alt_exception_ecc_fatal_handler
 .sbss          0x0000000004016d6c        0x4 obj/default/HAL/src/alt_environ.o
                0x0000000004016d6c                __env
 .sbss          0x0000000004016d70       0x10 obj/default/HAL/src/alt_gettod.o
                0x0000000004016d70                alt_timezone
                0x0000000004016d78                alt_resettime
 .sbss          0x0000000004016d80        0xc obj/default/HAL/src/alt_gmon.o
 .sbss          0x0000000004016d8c        0x4 obj/default/HAL/src/alt_irq_vars.o
                0x0000000004016d8c                alt_irq_active
 .sbss          0x0000000004016d90        0xc obj/default/HAL/src/alt_main.o
                0x0000000004016d90                alt_argc
                0x0000000004016d94                alt_argv
                0x0000000004016d98                alt_envp
 .sbss          0x0000000004016d9c        0x8 obj/default/HAL/src/alt_tick.o
                0x0000000004016d9c                _alt_tick_rate
                0x0000000004016da0                _alt_nticks
 .sbss          0x0000000004016da4        0x4 obj/default/main.o
 .sbss          0x0000000004016da8        0x4 c:/altera/15.0/nios2eds/bin/gnu/h-x86_64-mingw32/bin/../lib/gcc/nios2-elf/4.9.1/../../../../../H-x86_64-mingw32/nios2-elf/lib/mno-hw-mul\libc.a(lib_a-int_errno.o)
                0x0000000004016da8                errno
 .sbss          0x0000000004016dac        0xc c:/altera/15.0/nios2eds/bin/gnu/h-x86_64-mingw32/bin/../lib/gcc/nios2-elf/4.9.1/../../../../../H-x86_64-mingw32/nios2-elf/lib/mno-hw-mul\libc.a(lib_a-mallocr.o)
                0x0000000004016dac                __malloc_max_total_mem
                0x0000000004016db0                __malloc_max_sbrked_mem
                0x0000000004016db4                __malloc_top_pad
 .sbss          0x0000000004016db8        0xc c:/altera/15.0/nios2eds/bin/gnu/h-x86_64-mingw32/bin/../lib/gcc/nios2-elf/4.9.1/../../../../../H-x86_64-mingw32/nios2-elf/lib/mno-hw-mul\libc.a(lib_a-locale.o)
                0x0000000004016db8                _PathLocale
                0x0000000004016dbc                __mlocale_changed
                0x0000000004016dc0                __nlocale_changed
 *(.sbss2 .sbss2.* .gnu.linkonce.sb2.*)
 *(.scommon)
                0x0000000004016dc4                PROVIDE (__sbss_end, ABSOLUTE (.))
                0x0000000004016dc4                PROVIDE (___sbss_end, ABSOLUTE (.))
 *(.dynbss)
 *(.bss .bss.* .gnu.linkonce.b.*)
 .bss           0x0000000004016dc4        0x0 ../usb_kb_bsp//obj/HAL/src/crt0.o
 .bss           0x0000000004016dc4        0x0 obj/default/HAL/src/alt_alarm_start.o
 .bss           0x0000000004016dc4        0x0 obj/default/HAL/src/alt_busy_sleep.o
 .bss           0x0000000004016dc4        0x0 obj/default/HAL/src/alt_close.o
 .bss           0x0000000004016dc4        0x0 obj/default/HAL/src/alt_dcache_flush.o
 .bss           0x0000000004016dc4        0x0 obj/default/HAL/src/alt_dcache_flush_all.o
 .bss           0x0000000004016dc4        0x0 obj/default/HAL/src/alt_dcache_flush_no_writeback.o
 .bss           0x0000000004016dc4        0x0 obj/default/HAL/src/alt_dev.o
 .bss           0x0000000004016dc4        0x0 obj/default/HAL/src/alt_dev_llist_insert.o
 .bss           0x0000000004016dc4        0x0 obj/default/HAL/src/alt_dma_rxchan_open.o
 .bss           0x0000000004016dc4        0x0 obj/default/HAL/src/alt_dma_txchan_open.o
 .bss           0x0000000004016dc4        0x0 obj/default/HAL/src/alt_do_ctors.o
 .bss           0x0000000004016dc4        0x0 obj/default/HAL/src/alt_do_dtors.o
 .bss           0x0000000004016dc4        0x0 obj/default/HAL/src/alt_ecc_fatal_exception.o
 .bss           0x0000000004016dc4        0x0 obj/default/HAL/src/alt_env_lock.o
 .bss           0x0000000004016dc4        0x0 obj/default/HAL/src/alt_environ.o
 .bss           0x0000000004016dc4        0x0 obj/default/HAL/src/alt_errno.o
 .bss           0x0000000004016dc4        0x0 obj/default/HAL/src/alt_execve.o
 .bss           0x0000000004016dc4        0x0 obj/default/HAL/src/alt_exit.o
 .bss           0x0000000004016dc4        0x0 obj/default/HAL/src/alt_fcntl.o
 .bss           0x0000000004016dc4        0x0 obj/default/HAL/src/alt_fd_lock.o
 .bss           0x0000000004016dc4        0x0 obj/default/HAL/src/alt_fd_unlock.o
 .bss           0x0000000004016dc4        0x0 obj/default/HAL/src/alt_find_dev.o
 .bss           0x0000000004016dc4        0x0 obj/default/HAL/src/alt_find_file.o
 .bss           0x0000000004016dc4        0x0 obj/default/HAL/src/alt_flash_dev.o
 .bss           0x0000000004016dc4        0x0 obj/default/HAL/src/alt_fork.o
 .bss           0x0000000004016dc4        0x0 obj/default/HAL/src/alt_fs_reg.o
 .bss           0x0000000004016dc4        0x0 obj/default/HAL/src/alt_fstat.o
 .bss           0x0000000004016dc4        0x0 obj/default/HAL/src/alt_get_fd.o
 .bss           0x0000000004016dc4        0x0 obj/default/HAL/src/alt_getchar.o
 .bss           0x0000000004016dc4        0x0 obj/default/HAL/src/alt_getpid.o
 .bss           0x0000000004016dc4        0x0 obj/default/HAL/src/alt_gettod.o
 .bss           0x0000000004016dc4       0x18 obj/default/HAL/src/alt_gmon.o
 .bss           0x0000000004016ddc        0x0 obj/default/HAL/src/alt_icache_flush.o
 .bss           0x0000000004016ddc        0x0 obj/default/HAL/src/alt_icache_flush_all.o
 .bss           0x0000000004016ddc        0x0 obj/default/HAL/src/alt_iic.o
 .bss           0x0000000004016ddc        0x0 obj/default/HAL/src/alt_iic_isr_register.o
 .bss           0x0000000004016ddc        0x0 obj/default/HAL/src/alt_instruction_exception_entry.o
 .bss           0x0000000004016ddc        0x0 obj/default/HAL/src/alt_instruction_exception_register.o
 .bss           0x0000000004016ddc        0x0 obj/default/HAL/src/alt_io_redirect.o
 .bss           0x0000000004016ddc        0x0 obj/default/HAL/src/alt_ioctl.o
 .bss           0x0000000004016ddc        0x0 obj/default/HAL/src/alt_irq_handler.o
 .bss           0x0000000004016ddc        0x0 obj/default/HAL/src/alt_irq_register.o
 .bss           0x0000000004016ddc        0x0 obj/default/HAL/src/alt_irq_vars.o
 .bss           0x0000000004016ddc        0x0 obj/default/HAL/src/alt_isatty.o
 .bss           0x0000000004016ddc        0x0 obj/default/HAL/src/alt_kill.o
 .bss           0x0000000004016ddc        0x0 obj/default/HAL/src/alt_link.o
 .bss           0x0000000004016ddc        0x0 obj/default/HAL/src/alt_load.o
 .bss           0x0000000004016ddc        0x0 obj/default/HAL/src/alt_log_printf.o
 .bss           0x0000000004016ddc        0x0 obj/default/HAL/src/alt_lseek.o
 .bss           0x0000000004016ddc        0x0 obj/default/HAL/src/alt_main.o
 .bss           0x0000000004016ddc        0x0 obj/default/HAL/src/alt_malloc_lock.o
 .bss           0x0000000004016ddc        0x0 obj/default/HAL/src/alt_open.o
 .bss           0x0000000004016ddc        0x0 obj/default/HAL/src/alt_printf.o
 .bss           0x0000000004016ddc        0x0 obj/default/HAL/src/alt_putchar.o
 .bss           0x0000000004016ddc        0x0 obj/default/HAL/src/alt_putstr.o
 .bss           0x0000000004016ddc        0x0 obj/default/HAL/src/alt_read.o
 .bss           0x0000000004016ddc        0x0 obj/default/HAL/src/alt_release_fd.o
 .bss           0x0000000004016ddc        0x0 obj/default/HAL/src/alt_remap_cached.o
 .bss           0x0000000004016ddc        0x0 obj/default/HAL/src/alt_remap_uncached.o
 .bss           0x0000000004016ddc        0x0 obj/default/HAL/src/alt_rename.o
 .bss           0x0000000004016ddc        0x0 obj/default/HAL/src/alt_sbrk.o
 .bss           0x0000000004016ddc        0x0 obj/default/HAL/src/alt_settod.o
 .bss           0x0000000004016ddc        0x0 obj/default/HAL/src/alt_stat.o
 .bss           0x0000000004016ddc        0x0 obj/default/HAL/src/alt_tick.o
 .bss           0x0000000004016ddc        0x0 obj/default/HAL/src/alt_times.o
 .bss           0x0000000004016ddc        0x0 obj/default/HAL/src/alt_uncached_free.o
 .bss           0x0000000004016ddc        0x0 obj/default/HAL/src/alt_uncached_malloc.o
 .bss           0x0000000004016ddc        0x0 obj/default/HAL/src/alt_unlink.o
 .bss           0x0000000004016ddc        0x0 obj/default/HAL/src/alt_usleep.o
 .bss           0x0000000004016ddc        0x0 obj/default/HAL/src/alt_wait.o
 .bss           0x0000000004016ddc        0x0 obj/default/HAL/src/alt_write.o
 .bss           0x0000000004016ddc        0x0 obj/default/HAL/src/altera_nios2_qsys_irq.o
 .bss           0x0000000004016ddc        0x0 obj/default/io_handler.o
 .bss           0x0000000004016ddc        0x0 obj/default/main.o
 .bss           0x0000000004016ddc        0x0 obj/default/usb.o
 .bss           0x0000000004016ddc        0x0 obj/default/HAL/src/alt_ecc_fatal_entry.o
 .bss           0x0000000004016ddc        0x0 obj/default/HAL/src/alt_exception_entry.o
 .bss           0x0000000004016ddc        0x0 obj/default/HAL/src/alt_exception_muldiv.o
 .bss           0x0000000004016ddc        0x0 obj/default/HAL/src/alt_exception_trap.o
 .bss           0x0000000004016ddc        0x0 obj/default/HAL/src/alt_irq_entry.o
 .bss           0x0000000004016ddc        0x0 obj/default/HAL/src/alt_log_macro.o
 .bss           0x0000000004016ddc        0x0 obj/default/HAL/src/alt_mcount.o
 .bss           0x0000000004016ddc        0x0 obj/default/HAL/src/alt_software_exception.o
 .bss           0x0000000004016ddc        0x0 obj/default/HAL/src/crt0.o
 .bss           0x0000000004016ddc        0x0 c:/altera/15.0/nios2eds/bin/gnu/h-x86_64-mingw32/bin/../lib/gcc/nios2-elf/4.9.1/mno-hw-mul\libgcc.a(_muldi3.o)
 .bss           0x0000000004016ddc        0x0 c:/altera/15.0/nios2eds/bin/gnu/h-x86_64-mingw32/bin/../lib/gcc/nios2-elf/4.9.1/mno-hw-mul\libgcc.a(_umoddi3.o)
 .bss           0x0000000004016ddc        0x0 c:/altera/15.0/nios2eds/bin/gnu/h-x86_64-mingw32/bin/../lib/gcc/nios2-elf/4.9.1/mno-hw-mul\libgcc.a(lib2-divmod.o)
 .bss           0x0000000004016ddc        0x0 c:/altera/15.0/nios2eds/bin/gnu/h-x86_64-mingw32/bin/../lib/gcc/nios2-elf/4.9.1/mno-hw-mul\libgcc.a(lib2-mul.o)
 .bss           0x0000000004016ddc        0x0 c:/altera/15.0/nios2eds/bin/gnu/h-x86_64-mingw32/bin/../lib/gcc/nios2-elf/4.9.1/mno-hw-mul\libgcc.a(_clz.o)
 .bss           0x0000000004016ddc        0x0 c:/altera/15.0/nios2eds/bin/gnu/h-x86_64-mingw32/bin/../lib/gcc/nios2-elf/4.9.1/../../../../../H-x86_64-mingw32/nios2-elf/lib/mno-hw-mul\libc.a(lib_a-atexit.o)
 .bss           0x0000000004016ddc        0x0 c:/altera/15.0/nios2eds/bin/gnu/h-x86_64-mingw32/bin/../lib/gcc/nios2-elf/4.9.1/../../../../../H-x86_64-mingw32/nios2-elf/lib/mno-hw-mul\libc.a(lib_a-exit.o)
 .bss           0x0000000004016ddc        0x0 c:/altera/15.0/nios2eds/bin/gnu/h-x86_64-mingw32/bin/../lib/gcc/nios2-elf/4.9.1/../../../../../H-x86_64-mingw32/nios2-elf/lib/mno-hw-mul\libc.a(lib_a-fputs.o)
 .bss           0x0000000004016ddc        0x0 c:/altera/15.0/nios2eds/bin/gnu/h-x86_64-mingw32/bin/../lib/gcc/nios2-elf/4.9.1/../../../../../H-x86_64-mingw32/nios2-elf/lib/mno-hw-mul\libc.a(lib_a-fvwrite.o)
 .bss           0x0000000004016ddc        0x0 c:/altera/15.0/nios2eds/bin/gnu/h-x86_64-mingw32/bin/../lib/gcc/nios2-elf/4.9.1/../../../../../H-x86_64-mingw32/nios2-elf/lib/mno-hw-mul\libc.a(lib_a-getc.o)
 .bss           0x0000000004016ddc        0x0 c:/altera/15.0/nios2eds/bin/gnu/h-x86_64-mingw32/bin/../lib/gcc/nios2-elf/4.9.1/../../../../../H-x86_64-mingw32/nios2-elf/lib/mno-hw-mul\libc.a(lib_a-impure.o)
 .bss           0x0000000004016ddc        0x0 c:/altera/15.0/nios2eds/bin/gnu/h-x86_64-mingw32/bin/../lib/gcc/nios2-elf/4.9.1/../../../../../H-x86_64-mingw32/nios2-elf/lib/mno-hw-mul\libc.a(lib_a-int_errno.o)
 .bss           0x0000000004016ddc        0x0 c:/altera/15.0/nios2eds/bin/gnu/h-x86_64-mingw32/bin/../lib/gcc/nios2-elf/4.9.1/../../../../../H-x86_64-mingw32/nios2-elf/lib/mno-hw-mul\libc.a(lib_a-malloc.o)
 .bss           0x0000000004016ddc       0x28 c:/altera/15.0/nios2eds/bin/gnu/h-x86_64-mingw32/bin/../lib/gcc/nios2-elf/4.9.1/../../../../../H-x86_64-mingw32/nios2-elf/lib/mno-hw-mul\libc.a(lib_a-mallocr.o)
                0x0000000004016ddc                __malloc_current_mallinfo
 .bss           0x0000000004016e04        0x0 c:/altera/15.0/nios2eds/bin/gnu/h-x86_64-mingw32/bin/../lib/gcc/nios2-elf/4.9.1/../../../../../H-x86_64-mingw32/nios2-elf/lib/mno-hw-mul\libc.a(lib_a-memchr.o)
 .bss           0x0000000004016e04        0x0 c:/altera/15.0/nios2eds/bin/gnu/h-x86_64-mingw32/bin/../lib/gcc/nios2-elf/4.9.1/../../../../../H-x86_64-mingw32/nios2-elf/lib/mno-hw-mul\libc.a(lib_a-memcmp.o)
 .bss           0x0000000004016e04        0x0 c:/altera/15.0/nios2eds/bin/gnu/h-x86_64-mingw32/bin/../lib/gcc/nios2-elf/4.9.1/../../../../../H-x86_64-mingw32/nios2-elf/lib/mno-hw-mul\libc.a(lib_a-memcpy.o)
 .bss           0x0000000004016e04        0x0 c:/altera/15.0/nios2eds/bin/gnu/h-x86_64-mingw32/bin/../lib/gcc/nios2-elf/4.9.1/../../../../../H-x86_64-mingw32/nios2-elf/lib/mno-hw-mul\libc.a(lib_a-memmove.o)
 .bss           0x0000000004016e04        0x0 c:/altera/15.0/nios2eds/bin/gnu/h-x86_64-mingw32/bin/../lib/gcc/nios2-elf/4.9.1/../../../../../H-x86_64-mingw32/nios2-elf/lib/mno-hw-mul\libc.a(lib_a-memset.o)
 .bss           0x0000000004016e04        0x0 c:/altera/15.0/nios2eds/bin/gnu/h-x86_64-mingw32/bin/../lib/gcc/nios2-elf/4.9.1/../../../../../H-x86_64-mingw32/nios2-elf/lib/mno-hw-mul\libc.a(lib_a-printf.o)
 .bss           0x0000000004016e04        0x0 c:/altera/15.0/nios2eds/bin/gnu/h-x86_64-mingw32/bin/../lib/gcc/nios2-elf/4.9.1/../../../../../H-x86_64-mingw32/nios2-elf/lib/mno-hw-mul\libc.a(lib_a-putc.o)
 .bss           0x0000000004016e04        0x0 c:/altera/15.0/nios2eds/bin/gnu/h-x86_64-mingw32/bin/../lib/gcc/nios2-elf/4.9.1/../../../../../H-x86_64-mingw32/nios2-elf/lib/mno-hw-mul\libc.a(lib_a-puts.o)
 .bss           0x0000000004016e04        0x0 c:/altera/15.0/nios2eds/bin/gnu/h-x86_64-mingw32/bin/../lib/gcc/nios2-elf/4.9.1/../../../../../H-x86_64-mingw32/nios2-elf/lib/mno-hw-mul\libc.a(lib_a-reallocr.o)
 .bss           0x0000000004016e04        0x0 c:/altera/15.0/nios2eds/bin/gnu/h-x86_64-mingw32/bin/../lib/gcc/nios2-elf/4.9.1/../../../../../H-x86_64-mingw32/nios2-elf/lib/mno-hw-mul\libc.a(lib_a-rget.o)
 .bss           0x0000000004016e04        0x0 c:/altera/15.0/nios2eds/bin/gnu/h-x86_64-mingw32/bin/../lib/gcc/nios2-elf/4.9.1/../../../../../H-x86_64-mingw32/nios2-elf/lib/mno-hw-mul\libc.a(lib_a-sbrkr.o)
 .bss           0x0000000004016e04        0x0 c:/altera/15.0/nios2eds/bin/gnu/h-x86_64-mingw32/bin/../lib/gcc/nios2-elf/4.9.1/../../../../../H-x86_64-mingw32/nios2-elf/lib/mno-hw-mul\libc.a(lib_a-strlen.o)
 .bss           0x0000000004016e04        0x0 c:/altera/15.0/nios2eds/bin/gnu/h-x86_64-mingw32/bin/../lib/gcc/nios2-elf/4.9.1/../../../../../H-x86_64-mingw32/nios2-elf/lib/mno-hw-mul\libc.a(lib_a-vfprintf.o)
 .bss           0x0000000004016e04        0x0 c:/altera/15.0/nios2eds/bin/gnu/h-x86_64-mingw32/bin/../lib/gcc/nios2-elf/4.9.1/../../../../../H-x86_64-mingw32/nios2-elf/lib/mno-hw-mul\libc.a(lib_a-wbuf.o)
 .bss           0x0000000004016e04        0x0 c:/altera/15.0/nios2eds/bin/gnu/h-x86_64-mingw32/bin/../lib/gcc/nios2-elf/4.9.1/../../../../../H-x86_64-mingw32/nios2-elf/lib/mno-hw-mul\libc.a(lib_a-wsetup.o)
 .bss           0x0000000004016e04        0x0 c:/altera/15.0/nios2eds/bin/gnu/h-x86_64-mingw32/bin/../lib/gcc/nios2-elf/4.9.1/../../../../../H-x86_64-mingw32/nios2-elf/lib/mno-hw-mul\libc.a(lib_a-__atexit.o)
 .bss           0x0000000004016e04        0x0 c:/altera/15.0/nios2eds/bin/gnu/h-x86_64-mingw32/bin/../lib/gcc/nios2-elf/4.9.1/../../../../../H-x86_64-mingw32/nios2-elf/lib/mno-hw-mul\libc.a(lib_a-__call_atexit.o)
 .bss           0x0000000004016e04        0x0 c:/altera/15.0/nios2eds/bin/gnu/h-x86_64-mingw32/bin/../lib/gcc/nios2-elf/4.9.1/../../../../../H-x86_64-mingw32/nios2-elf/lib/mno-hw-mul\libc.a(lib_a-dtoa.o)
 .bss           0x0000000004016e04        0x0 c:/altera/15.0/nios2eds/bin/gnu/h-x86_64-mingw32/bin/../lib/gcc/nios2-elf/4.9.1/../../../../../H-x86_64-mingw32/nios2-elf/lib/mno-hw-mul\libc.a(lib_a-fflush.o)
 .bss           0x0000000004016e04        0x0 c:/altera/15.0/nios2eds/bin/gnu/h-x86_64-mingw32/bin/../lib/gcc/nios2-elf/4.9.1/../../../../../H-x86_64-mingw32/nios2-elf/lib/mno-hw-mul\libc.a(lib_a-findfp.o)
 .bss           0x0000000004016e04        0x0 c:/altera/15.0/nios2eds/bin/gnu/h-x86_64-mingw32/bin/../lib/gcc/nios2-elf/4.9.1/../../../../../H-x86_64-mingw32/nios2-elf/lib/mno-hw-mul\libc.a(lib_a-freer.o)
 .bss           0x0000000004016e04        0x0 c:/altera/15.0/nios2eds/bin/gnu/h-x86_64-mingw32/bin/../lib/gcc/nios2-elf/4.9.1/../../../../../H-x86_64-mingw32/nios2-elf/lib/mno-hw-mul\libc.a(lib_a-fwalk.o)
 .bss           0x0000000004016e04        0x0 c:/altera/15.0/nios2eds/bin/gnu/h-x86_64-mingw32/bin/../lib/gcc/nios2-elf/4.9.1/../../../../../H-x86_64-mingw32/nios2-elf/lib/mno-hw-mul\libc.a(lib_a-locale.o)
 .bss           0x0000000004016e04        0x0 c:/altera/15.0/nios2eds/bin/gnu/h-x86_64-mingw32/bin/../lib/gcc/nios2-elf/4.9.1/../../../../../H-x86_64-mingw32/nios2-elf/lib/mno-hw-mul\libc.a(lib_a-makebuf.o)
 .bss           0x0000000004016e04        0x0 c:/altera/15.0/nios2eds/bin/gnu/h-x86_64-mingw32/bin/../lib/gcc/nios2-elf/4.9.1/../../../../../H-x86_64-mingw32/nios2-elf/lib/mno-hw-mul\libc.a(lib_a-mprec.o)
 .bss           0x0000000004016e04        0x0 c:/altera/15.0/nios2eds/bin/gnu/h-x86_64-mingw32/bin/../lib/gcc/nios2-elf/4.9.1/../../../../../H-x86_64-mingw32/nios2-elf/lib/mno-hw-mul\libc.a(lib_a-refill.o)
 .bss           0x0000000004016e04        0x0 c:/altera/15.0/nios2eds/bin/gnu/h-x86_64-mingw32/bin/../lib/gcc/nios2-elf/4.9.1/../../../../../H-x86_64-mingw32/nios2-elf/lib/mno-hw-mul\libc.a(lib_a-s_fpclassify.o)
 .bss           0x0000000004016e04        0x0 c:/altera/15.0/nios2eds/bin/gnu/h-x86_64-mingw32/bin/../lib/gcc/nios2-elf/4.9.1/../../../../../H-x86_64-mingw32/nios2-elf/lib/mno-hw-mul\libc.a(lib_a-stdio.o)
 .bss           0x0000000004016e04        0x0 c:/altera/15.0/nios2eds/bin/gnu/h-x86_64-mingw32/bin/../lib/gcc/nios2-elf/4.9.1/../../../../../H-x86_64-mingw32/nios2-elf/lib/mno-hw-mul\libc.a(lib_a-strcmp.o)
 .bss           0x0000000004016e04        0x0 c:/altera/15.0/nios2eds/bin/gnu/h-x86_64-mingw32/bin/../lib/gcc/nios2-elf/4.9.1/../../../../../H-x86_64-mingw32/nios2-elf/lib/mno-hw-mul\libc.a(lib_a-vfiprintf.o)
 .bss           0x0000000004016e04        0x0 c:/altera/15.0/nios2eds/bin/gnu/h-x86_64-mingw32/bin/../lib/gcc/nios2-elf/4.9.1/../../../../../H-x86_64-mingw32/nios2-elf/lib/mno-hw-mul\libc.a(lib_a-writer.o)
 .bss           0x0000000004016e04        0x0 c:/altera/15.0/nios2eds/bin/gnu/h-x86_64-mingw32/bin/../lib/gcc/nios2-elf/4.9.1/../../../../../H-x86_64-mingw32/nios2-elf/lib/mno-hw-mul\libc.a(closer.o)
 .bss           0x0000000004016e04        0x0 c:/altera/15.0/nios2eds/bin/gnu/h-x86_64-mingw32/bin/../lib/gcc/nios2-elf/4.9.1/../../../../../H-x86_64-mingw32/nios2-elf/lib/mno-hw-mul\libc.a(lib_a-callocr.o)
 .bss           0x0000000004016e04        0x0 c:/altera/15.0/nios2eds/bin/gnu/h-x86_64-mingw32/bin/../lib/gcc/nios2-elf/4.9.1/../../../../../H-x86_64-mingw32/nios2-elf/lib/mno-hw-mul\libc.a(lib_a-fclose.o)
 .bss           0x0000000004016e04        0x0 c:/altera/15.0/nios2eds/bin/gnu/h-x86_64-mingw32/bin/../lib/gcc/nios2-elf/4.9.1/../../../../../H-x86_64-mingw32/nios2-elf/lib/mno-hw-mul\libc.a(lib_a-fputwc.o)
 .bss           0x0000000004016e04        0x0 c:/altera/15.0/nios2eds/bin/gnu/h-x86_64-mingw32/bin/../lib/gcc/nios2-elf/4.9.1/../../../../../H-x86_64-mingw32/nios2-elf/lib/mno-hw-mul\libc.a(lib_a-fstatr.o)
 .bss           0x0000000004016e04        0x0 c:/altera/15.0/nios2eds/bin/gnu/h-x86_64-mingw32/bin/../lib/gcc/nios2-elf/4.9.1/../../../../../H-x86_64-mingw32/nios2-elf/lib/mno-hw-mul\libc.a(lib_a-isattyr.o)
 .bss           0x0000000004016e04        0x0 c:/altera/15.0/nios2eds/bin/gnu/h-x86_64-mingw32/bin/../lib/gcc/nios2-elf/4.9.1/../../../../../H-x86_64-mingw32/nios2-elf/lib/mno-hw-mul\libc.a(lib_a-lseekr.o)