Archive member included to satisfy reference by file (symbol)

/opt/altera/15.0/nios2eds/bin/gnu/H-x86_64-pc-linux-gnu/bin/../lib/gcc/nios2-elf/4.9.1/../../../../../H-x86_64-pc-linux-gnu/nios2-elf/lib/mno-hw-mul/libc.a(lib_a-printf.o)
                              obj/default/main.o (printf)
/opt/altera/15.0/nios2eds/bin/gnu/H-x86_64-pc-linux-gnu/bin/../lib/gcc/nios2-elf/4.9.1/../../../../../H-x86_64-pc-linux-gnu/nios2-elf/lib/mno-hw-mul/libc.a(lib_a-puts.o)
                              obj/default/main.o (puts)
/opt/altera/15.0/nios2eds/bin/gnu/H-x86_64-pc-linux-gnu/bin/../lib/gcc/nios2-elf/4.9.1/../../../../../H-x86_64-pc-linux-gnu/nios2-elf/lib/mno-hw-mul/libc.a(lib_a-strlen.o)
                              /opt/altera/15.0/nios2eds/bin/gnu/H-x86_64-pc-linux-gnu/bin/../lib/gcc/nios2-elf/4.9.1/../../../../../H-x86_64-pc-linux-gnu/nios2-elf/lib/mno-hw-mul/libc.a(lib_a-puts.o) (strlen)
/opt/altera/15.0/nios2eds/bin/gnu/H-x86_64-pc-linux-gnu/bin/../lib/gcc/nios2-elf/4.9.1/../../../../../H-x86_64-pc-linux-gnu/nios2-elf/lib/mno-hw-mul/libc.a(lib_a-vfprintf.o)
                              /opt/altera/15.0/nios2eds/bin/gnu/H-x86_64-pc-linux-gnu/bin/../lib/gcc/nios2-elf/4.9.1/../../../../../H-x86_64-pc-linux-gnu/nios2-elf/lib/mno-hw-mul/libc.a(lib_a-printf.o) (___vfprintf_internal_r)
/opt/altera/15.0/nios2eds/bin/gnu/H-x86_64-pc-linux-gnu/bin/../lib/gcc/nios2-elf/4.9.1/../../../../../H-x86_64-pc-linux-gnu/nios2-elf/lib/mno-hw-mul/libc.a(lib_a-wsetup.o)
                              /opt/altera/15.0/nios2eds/bin/gnu/H-x86_64-pc-linux-gnu/bin/../lib/gcc/nios2-elf/4.9.1/../../../../../H-x86_64-pc-linux-gnu/nios2-elf/lib/mno-hw-mul/libc.a(lib_a-vfprintf.o) (__swsetup_r)
/opt/altera/15.0/nios2eds/bin/gnu/H-x86_64-pc-linux-gnu/bin/../lib/gcc/nios2-elf/4.9.1/../../../../../H-x86_64-pc-linux-gnu/nios2-elf/lib/mno-hw-mul/libc.a(lib_a-dtoa.o)
                              /opt/altera/15.0/nios2eds/bin/gnu/H-x86_64-pc-linux-gnu/bin/../lib/gcc/nios2-elf/4.9.1/../../../../../H-x86_64-pc-linux-gnu/nios2-elf/lib/mno-hw-mul/libc.a(lib_a-vfprintf.o) (_dtoa_r)
/opt/altera/15.0/nios2eds/bin/gnu/H-x86_64-pc-linux-gnu/bin/../lib/gcc/nios2-elf/4.9.1/../../../../../H-x86_64-pc-linux-gnu/nios2-elf/lib/mno-hw-mul/libc.a(lib_a-fflush.o)
                              /opt/altera/15.0/nios2eds/bin/gnu/H-x86_64-pc-linux-gnu/bin/../lib/gcc/nios2-elf/4.9.1/../../../../../H-x86_64-pc-linux-gnu/nios2-elf/lib/mno-hw-mul/libc.a(lib_a-vfprintf.o) (_fflush_r)
/opt/altera/15.0/nios2eds/bin/gnu/H-x86_64-pc-linux-gnu/bin/../lib/gcc/nios2-elf/4.9.1/../../../../../H-x86_64-pc-linux-gnu/nios2-elf/lib/mno-hw-mul/libc.a(lib_a-findfp.o)
                              /opt/altera/15.0/nios2eds/bin/gnu/H-x86_64-pc-linux-gnu/bin/../lib/gcc/nios2-elf/4.9.1/../../../../../H-x86_64-pc-linux-gnu/nios2-elf/lib/mno-hw-mul/libc.a(lib_a-vfprintf.o) (__sinit)
/opt/altera/15.0/nios2eds/bin/gnu/H-x86_64-pc-linux-gnu/bin/../lib/gcc/nios2-elf/4.9.1/../../../../../H-x86_64-pc-linux-gnu/nios2-elf/lib/mno-hw-mul/libc.a(lib_a-freer.o)
                              /opt/altera/15.0/nios2eds/bin/gnu/H-x86_64-pc-linux-gnu/bin/../lib/gcc/nios2-elf/4.9.1/../../../../../H-x86_64-pc-linux-gnu/nios2-elf/lib/mno-hw-mul/libc.a(lib_a-wsetup.o) (_free_r)
/opt/altera/15.0/nios2eds/bin/gnu/H-x86_64-pc-linux-gnu/bin/../lib/gcc/nios2-elf/4.9.1/../../../../../H-x86_64-pc-linux-gnu/nios2-elf/lib/mno-hw-mul/libc.a(lib_a-fvwrite.o)
                              /opt/altera/15.0/nios2eds/bin/gnu/H-x86_64-pc-linux-gnu/bin/../lib/gcc/nios2-elf/4.9.1/../../../../../H-x86_64-pc-linux-gnu/nios2-elf/lib/mno-hw-mul/libc.a(lib_a-puts.o) (__sfvwrite_r)
/opt/altera/15.0/nios2eds/bin/gnu/H-x86_64-pc-linux-gnu/bin/../lib/gcc/nios2-elf/4.9.1/../../../../../H-x86_64-pc-linux-gnu/nios2-elf/lib/mno-hw-mul/libc.a(lib_a-fwalk.o)
                              /opt/altera/15.0/nios2eds/bin/gnu/H-x86_64-pc-linux-gnu/bin/../lib/gcc/nios2-elf/4.9.1/../../../../../H-x86_64-pc-linux-gnu/nios2-elf/lib/mno-hw-mul/libc.a(lib_a-findfp.o) (_fwalk)
/opt/altera/15.0/nios2eds/bin/gnu/H-x86_64-pc-linux-gnu/bin/../lib/gcc/nios2-elf/4.9.1/../../../../../H-x86_64-pc-linux-gnu/nios2-elf/lib/mno-hw-mul/libc.a(lib_a-impure.o)
                              /opt/altera/15.0/nios2eds/bin/gnu/H-x86_64-pc-linux-gnu/bin/../lib/gcc/nios2-elf/4.9.1/../../../../../H-x86_64-pc-linux-gnu/nios2-elf/lib/mno-hw-mul/libc.a(lib_a-fflush.o) (_global_impure_ptr)
/opt/altera/15.0/nios2eds/bin/gnu/H-x86_64-pc-linux-gnu/bin/../lib/gcc/nios2-elf/4.9.1/../../../../../H-x86_64-pc-linux-gnu/nios2-elf/lib/mno-hw-mul/libc.a(lib_a-locale.o)
                              /opt/altera/15.0/nios2eds/bin/gnu/H-x86_64-pc-linux-gnu/bin/../lib/gcc/nios2-elf/4.9.1/../../../../../H-x86_64-pc-linux-gnu/nios2-elf/lib/mno-hw-mul/libc.a(lib_a-vfprintf.o) (_localeconv_r)
/opt/altera/15.0/nios2eds/bin/gnu/H-x86_64-pc-linux-gnu/bin/../lib/gcc/nios2-elf/4.9.1/../../../../../H-x86_64-pc-linux-gnu/nios2-elf/lib/mno-hw-mul/libc.a(lib_a-makebuf.o)
[...]
Memory Configuration

Name             Origin             Length             Attributes
onchip_memory2_0 0x0000000000000000 0x0000000000000010
reset            0x0000000010000000 0x0000000000000020
sdram            0x0000000010000020 0x0000000007ffffe0
*default*        0x0000000000000000 0xffffffffffffffff

Linker script and memory map

LOAD ../lab8_app_bsp//obj/HAL/src/crt0.o
LOAD obj/default/io_handler.o
LOAD obj/default/main.o
LOAD obj/default/usb.o
LOAD /opt/altera/15.0/nios2eds/bin/gnu/H-x86_64-pc-linux-gnu/bin/../lib/gcc/nios2-elf/4.9.1/../../../../../H-x86_64-pc-linux-gnu/nios2-elf/lib/mno-hw-mul/libstdc++.a
LOAD /opt/altera/15.0/nios2eds/bin/gnu/H-x86_64-pc-linux-gnu/bin/../lib/gcc/nios2-elf/4.9.1/../../../../../H-x86_64-pc-linux-gnu/nios2-elf/lib/mno-hw-mul/libm.a
LOAD /opt/altera/15.0/nios2eds/bin/gnu/H-x86_64-pc-linux-gnu/bin/../lib/gcc/nios2-elf/4.9.1/mno-hw-mul/libgcc.a
START GROUP
LOAD /opt/altera/15.0/nios2eds/bin/gnu/H-x86_64-pc-linux-gnu/bin/../lib/gcc/nios2-elf/4.9.1/../../../../../H-x86_64-pc-linux-gnu/nios2-elf/lib/mno-hw-mul/libc.a
LOAD /opt/altera/15.0/nios2eds/bin/gnu/H-x86_64-pc-linux-gnu/bin/../lib/gcc/nios2-elf/4.9.1/mno-hw-mul/libgcc.a
LOAD ../lab8_app_bsp//libhal_bsp.a
LOAD /opt/altera/15.0/nios2eds/bin/gnu/H-x86_64-pc-linux-gnu/bin/../lib/gcc/nios2-elf/4.9.1/../../../../../H-x86_64-pc-linux-gnu/nios2-elf/lib/mno-hw-mul/libm.a
END GROUP
LOAD /opt/altera/15.0/nios2eds/bin/gnu/H-x86_64-pc-linux-gnu/bin/../lib/gcc/nios2-elf/4.9.1/mno-hw-mul/libgcc.a
                0x0000000000000000                __alt_mem_onchip_memory2_0 = 0x0
                0x0000000010000000                __alt_mem_sdram = 0x10000000

.entry          0x0000000010000000       0x20
 *(.entry)
 .entry         0x0000000010000000       0x20 ../lab8_app_bsp//obj/HAL/src/crt0.o
                0x0000000010000000                __reset

.exceptions     0x0000000010000020      0x20c
                0x0000000010000020                PROVIDE (__ram_exceptions_start, ABSOLUTE (.))
                0x0000000010000020                . = ALIGN (0x20)
 *(.irq)
 *(.exceptions.entry.label)
 .exceptions.entry.label
                0x0000000010000020        0x0 ../lab8_app_bsp//libhal_bsp.a(alt_irq_entry.o)
                0x0000000010000020                alt_irq_entry
 .exceptions.entry.label
                0x0000000010000020        0x0 ../lab8_app_bsp//libhal_bsp.a(alt_exception_entry.o)
                0x0000000010000020                alt_exception
 *(.exceptions.entry.user)
 *(.exceptions.entry.ecc_fatal)
 *(.exceptions.entry)
 .exceptions.entry
                0x0000000010000020       0x54 ../lab8_app_bsp//libhal_bsp.a(alt_exception_entry.o)
 *(.exceptions.irqtest.user)
 *(.exceptions.irqtest)
 .exceptions.irqtest
                0x0000000010000074       0x10 ../lab8_app_bsp//libhal_bsp.a(alt_irq_entry.o)
 *(.exceptions.irqhandler.user)
 *(.exceptions.irqhandler)
 .exceptions.irqhandler
                0x0000000010000084        0x4 ../lab8_app_bsp//libhal_bsp.a(alt_irq_entry.o)
 *(.exceptions.irqreturn.user)
 *(.exceptions.irqreturn)
 .exceptions.irqreturn
                0x0000000010000088        0x4 ../lab8_app_bsp//libhal_bsp.a(alt_irq_entry.o)
 *(.exceptions.notirq.label)
 .exceptions.notirq.label
                0x000000001000008c        0x0 ../lab8_app_bsp//libhal_bsp.a(alt_irq_entry.o)
 *(.exceptions.notirq.user)
 *(.exceptions.notirq)
 .exceptions.notirq
                0x000000001000008c        0x8 ../lab8_app_bsp//libhal_bsp.a(alt_exception_entry.o)
 *(.exceptions.soft.user)
 *(.exceptions.soft)
 *(.exceptions.unknown.user)
 *(.exceptions.unknown)
 .exceptions.unknown
                0x0000000010000094       0x14 ../lab8_app_bsp//libhal_bsp.a(alt_exception_entry.o)
 *(.exceptions.exit.label)
 .exceptions.exit.label
                0x00000000100000a8        0x0 ../lab8_app_bsp//libhal_bsp.a(alt_irq_entry.o)
 .exceptions.exit.label
                0x00000000100000a8        0x0 ../lab8_app_bsp//libhal_bsp.a(alt_exception_entry.o)
 *(.exceptions.exit.user)
 *(.exceptions.exit)
 .exceptions.exit
                0x00000000100000a8       0x54 ../lab8_app_bsp//libhal_bsp.a(alt_exception_entry.o)
 *(.exceptions)
 .exceptions    0x00000000100000fc       0xd0 ../lab8_app_bsp//libhal_bsp.a(alt_irq_handler.o)
                0x00000000100000fc                alt_irq_handler
 .exceptions    0x00000000100001cc       0x60 ../lab8_app_bsp//libhal_bsp.a(alt_instruction_exception_entry.o)
                0x00000000100001cc                alt_instruction_exception_entry
                0x000000001000022c                PROVIDE (__ram_exceptions_end, ABSOLUTE (.))
                0x0000000010000020                PROVIDE (__flash_exceptions_start, LOADADDR (.exceptions))

.text           0x000000001000022c    0x11240
                0x000000001000022c                PROVIDE (stext, ABSOLUTE (.))
 *(.interp)
 *(.hash)
 *(.dynsym)
 *(.dynstr)
 *(.gnu.version)
 *(.gnu.version_d)
 *(.gnu.version_r)
 *(.rel.init)
 *(.rela.init)
 *(.rel.text .rel.text.* .rel.gnu.linkonce.t.*)
 *(.rela.text .rela.text.* .rela.gnu.linkonce.t.*)
 *(.rel.fini)
 *(.rela.fini)
 *(.rel.rodata .rel.rodata.* .rel.gnu.linkonce.r.*)
 *(.rela.rodata .rela.rodata.* .rela.gnu.linkonce.r.*)
 *(.rel.data .rel.data.* .rel.gnu.linkonce.d.*)
 *(.rela.data .rela.data.* .rela.gnu.linkonce.d.*)
 *(.rel.tdata .rel.tdata.* .rel.gnu.linkonce.td.*)
 *(.rela.tdata .rela.tdata.* .rela.gnu.linkonce.td.*)
 *(.rel.tbss .rel.tbss.* .rel.gnu.linkonce.tb.*)
 *(.rela.tbss .rela.tbss.* .rela.gnu.linkonce.tb.*)
 *(.rel.ctors)
 *(.rela.ctors)
 *(.rel.dtors)
 *(.rela.dtors)
 *(.rel.got)
 *(.rela.got)
 *(.rel.sdata .rel.sdata.* .rel.gnu.linkonce.s.*)
 *(.rela.sdata .rela.sdata.* .rela.gnu.linkonce.s.*)
 *(.rel.sbss .rel.sbss.* .rel.gnu.linkonce.sb.*)
 *(.rela.sbss .rela.sbss.* .rela.gnu.linkonce.sb.*)
 *(.rel.sdata2 .rel.sdata2.* .rel.gnu.linkonce.s2.*)
 *(.rela.sdata2 .rela.sdata2.* .rela.gnu.linkonce.s2.*)
 *(.rel.sbss2 .rel.sbss2.* .rel.gnu.linkonce.sb2.*)
 *(.rela.sbss2 .rela.sbss2.* .rela.gnu.linkonce.sb2.*)
 *(.rel.bss .rel.bss.* .rel.gnu.linkonce.b.*)
 *(.rela.bss .rela.bss.* .rela.gnu.linkonce.b.*)
 *(.rel.plt)
 *(.rela.plt)
 *(.rel.dyn)
 *(.init)
 *(.plt)
 *(.text .stub .text.* .gnu.linkonce.t.*)
 .text          0x000000001000022c       0x3c ../lab8_app_bsp//obj/HAL/src/crt0.o
                0x000000001000022c                _start
 .text          0x0000000010000268      0x124 obj/default/io_handler.o
                0x0000000010000268                IO_init
                0x00000000100002b8                IO_write
                0x0000000010000324                IO_read
 .text          0x000000001000038c      0xd4c obj/default/main.o
                0x000000001000038c                main
 .text          0x00000000100010d8     0x1150 obj/default/usb.o
                0x00000000100010d8                UsbWrite
                0x0000000010001130                UsbRead
                0x0000000010001174                UsbSoftReset
                0x0000000010001228                UsbSetAddress
                0x0000000010001328                UsbGetDeviceDesc1
                0x000000001000146c                UsbGetDeviceDesc2
                0x0000000010001640                UsbGetConfigDesc1
                0x00000000100017cc                UsbGetConfigDesc2
                0x0000000010001a30                UsbSetConfig
                0x0000000010001b2c                UsbClassRequest
                0x0000000010001c28                UsbGetHidDesc
                0x0000000010001d6c                UsbGetReportDesc
                0x00000000100020a8                UsbWaitTDListDone
                0x000000001000212c                UsbGetRetryCnt
                0x00000000100021ac                UsbPrintMem
 .text          0x0000000010002228       0x68 /opt/altera/15.0/nios2eds/bin/gnu/H-x86_64-pc-linux-gnu/bin/../lib/gcc/nios2-elf/4.9.1/../../../../../H-x86_64-pc-linux-gnu/nios2-elf/lib/mno-hw-mul/libc.a(lib_a-printf.o)
                0x0000000010002228                _printf_r
                0x0000000010002254                printf
 .text          0x0000000010002290       0xcc /opt/altera/15.0/nios2eds/bin/gnu/H-x86_64-pc-linux-gnu/bin/../lib/gcc/nios2-elf/4.9.1/../../../../../H-x86_64-pc-linux-gnu/nios2-elf/lib/mno-hw-mul/libc.a(lib_a-puts.o)
                0x0000000010002290                _puts_r
                0x0000000010002348                puts
 .text          0x000000001000235c       0x98 /opt/altera/15.0/nios2eds/bin/gnu/H-x86_64-pc-linux-gnu/bin/../lib/gcc/nios2-elf/4.9.1/../../../../../H-x86_64-pc-linux-gnu/nios2-elf/lib/mno-hw-mul/libc.a(lib_a-strlen.o)
                0x000000001000235c                strlen
 .text          0x00000000100023f4     0x2120 /opt/altera/15.0/nios2eds/bin/gnu/H-x86_64-pc-linux-gnu/bin/../lib/gcc/nios2-elf/4.9.1/../../../../../H-x86_64-pc-linux-gnu/nios2-elf/lib/mno-hw-mul/libc.a(lib_a-vfprintf.o)
                0x00000000100023f4                ___vfprintf_internal_r
                0x00000000100044f0                __vfprintf_internal
 .text          0x0000000010004514      0x130 /opt/altera/15.0/nios2eds/bin/gnu/H-x86_64-pc-linux-gnu/bin/../lib/gcc/nios2-elf/4.9.1/../../../../../H-x86_64-pc-linux-gnu/nios2-elf/lib/mno-hw-mul/libc.a(lib_a-wsetup.o)
                0x0000000010004514                __swsetup_r
 .text          0x0000000010004644     0x1950 /opt/altera/15.0/nios2eds/bin/gnu/H-x86_64-pc-linux-gnu/bin/../lib/gcc/nios2-elf/4.9.1/../../../../../H-x86_64-pc-linux-gnu/nios2-elf/lib/mno-hw-mul/libc.a(lib_a-dtoa.o)
                0x000000001000486c                _dtoa_r
 .text          0x0000000010005f94      0x258 /opt/altera/15.0/nios2eds/bin/gnu/H-x86_64-pc-linux-gnu/bin/../lib/gcc/nios2-elf/4.9.1/../../../../../H-x86_64-pc-linux-gnu/nios2-elf/lib/mno-hw-mul/libc.a(lib_a-fflush.o)
                0x0000000010005f94                _fflush_r
                0x00000000100061bc                fflush
 .text          0x00000000100061ec      0x3b4 /opt/altera/15.0/nios2eds/bin/gnu/H-x86_64-pc-linux-gnu/bin/../lib/gcc/nios2-elf/4.9.1/../../../../../H-x86_64-pc-linux-gnu/nios2-elf/lib/mno-hw-mul/libc.a(lib_a-findfp.o)
                0x00000000100061fc                _cleanup_r
                0x00000000100063a8                __sfmoreglue
                0x0000000010006420                __sfp
                0x0000000010006538                _cleanup
                0x0000000010006550                __sinit
                0x0000000010006560                __sfp_lock_acquire
                0x0000000010006564                __sfp_lock_release
                0x0000000010006568                __sinit_lock_acquire
                0x000000001000656c                __sinit_lock_release
                0x0000000010006570                __fp_lock_all
                0x0000000010006588                __fp_unlock_all
 .text          0x00000000100065a0      0x414 /opt/altera/15.0/nios2eds/bin/gnu/H-x86_64-pc-linux-gnu/bin/../lib/gcc/nios2-elf/4.9.1/../../../../../H-x86_64-pc-linux-gnu/nios2-elf/lib/mno-hw-mul/libc.a(lib_a-freer.o)
                0x00000000100065a0                _malloc_trim_r
                0x00000000100066c4                _free_r
 .text          0x00000000100069b4      0x4a4 /opt/altera/15.0/nios2eds/bin/gnu/H-x86_64-pc-linux-gnu/bin/../lib/gcc/nios2-elf/4.9.1/../../../../../H-x86_64-pc-linux-gnu/nios2-elf/lib/mno-hw-mul/libc.a(lib_a-fvwrite.o)
                0x00000000100069b4                __sfvwrite_r
 .text          0x0000000010006e58      0x170 /opt/altera/15.0/nios2eds/bin/gnu/H-x86_64-pc-linux-gnu/bin/../lib/gcc/nios2-elf/4.9.1/../../../../../H-x86_64-pc-linux-gnu/nios2-elf/lib/mno-hw-mul/libc.a(lib_a-fwalk.o)
                0x0000000010006e58                _fwalk
                0x0000000010006f10                _fwalk_reent
 .text          0x0000000010006fc8        0x0 /opt/altera/15.0/nios2eds/bin/gnu/H-x86_64-pc-linux-gnu/bin/../lib/gcc/nios2-elf/4.9.1/../../../../../H-x86_64-pc-linux-gnu/nios2-elf/lib/mno-hw-mul/libc.a(lib_a-impure.o)
 .text          0x0000000010006fc8       0xe0 /opt/altera/15.0/nios2eds/bin/gnu/H-x86_64-pc-linux-gnu/bin/../lib/gcc/nios2-elf/4.9.1/../../../../../H-x86_64-pc-linux-gnu/nios2-elf/lib/mno-hw-mul/libc.a(lib_a-locale.o)
                0x0000000010006fc8                _setlocale_r
                0x0000000010007044                __locale_charset
                0x0000000010007050                __locale_mb_cur_max
                0x0000000010007060                __locale_msgcharset
                0x000000001000706c                __locale_cjk_lang
                0x0000000010007074                _localeconv_r
                0x0000000010007080                setlocale
                0x000000001000709c                localeconv
 .text          0x00000000100070a8      0x1b8 /opt/altera/15.0/nios2eds/bin/gnu/H-x86_64-pc-linux-gnu/bin/../lib/gcc/nios2-elf/4.9.1/../../../../../H-x86_64-pc-linux-gnu/nios2-elf/lib/mno-hw-mul/libc.a(lib_a-makebuf.o)
                0x00000000100070a8                __smakebuf_r
 .text          0x0000000010007260      0x7a8 /opt/altera/15.0/nios2eds/bin/gnu/H-x86_64-pc-linux-gnu/bin/../lib/gcc/nios2-elf/4.9.1/../../../../../H-x86_64-pc-linux-gnu/nios2-elf/lib/mno-hw-mul/libc.a(lib_a-mallocr.o)
                0x0000000010007260                _malloc_r
 .text          0x0000000010007a08       0xe8 /opt/altera/15.0/nios2eds/bin/gnu/H-x86_64-pc-linux-gnu/bin/../lib/gcc/nios2-elf/4.9.1/../../../../../H-x86_64-pc-linux-gnu/nios2-elf/lib/mno-hw-mul/libc.a(lib_a-memchr.o)
                0x0000000010007a08                memchr
 .text          0x0000000010007af0      0x138 /opt/altera/15.0/nios2eds/bin/gnu/H-x86_64-pc-linux-gnu/bin/../lib/gcc/nios2-elf/4.9.1/../../../../../H-x86_64-pc-linux-gnu/nios2-elf/lib/mno-hw-mul/libc.a(lib_a-memcpy.o)
                0x0000000010007af0                memcpy
 .text          0x0000000010007c28      0x15c /opt/altera/15.0/nios2eds/bin/gnu/H-x86_64-pc-linux-gnu/bin/../lib/gcc/nios2-elf/4.9.1/../../../../../H-x86_64-pc-linux-gnu/nios2-elf/lib/mno-hw-mul/libc.a(lib_a-memmove.o)
                0x0000000010007c28                memmove
 .text          0x0000000010007d84      0x124 /opt/altera/15.0/nios2eds/bin/gnu/H-x86_64-pc-linux-gnu/bin/../lib/gcc/nios2-elf/4.9.1/../../../../../H-x86_64-pc-linux-gnu/nios2-elf/lib/mno-hw-mul/libc.a(lib_a-memset.o)
                0x0000000010007d84                memset
 .text          0x0000000010007ea8     0x1048 /opt/altera/15.0/nios2eds/bin/gnu/H-x86_64-pc-linux-gnu/bin/../lib/gcc/nios2-elf/4.9.1/../../../../../H-x86_64-pc-linux-gnu/nios2-elf/lib/mno-hw-mul/libc.a(lib_a-mprec.o)
                0x0000000010007ea8                _Balloc
                0x0000000010007f50                _Bfree
                0x0000000010007f78                __multadd
                0x00000000100080b4                __s2b
                0x00000000100081b8                __hi0bits
                0x0000000010008220                __lo0bits
                0x00000000100082d0                __i2b
                0x000000001000830c                __multiply
                0x000000001000859c                __pow5mult
                0x00000000100086dc                __lshift
                0x0000000010008824                __mcmp
                0x0000000010008884                __mdiff
                0x0000000010008a1c                __ulp
                0x0000000010008a7c                __b2d
                0x0000000010008b98                __d2b
                0x0000000010008cd4                __ratio
                0x0000000010008d78                _mprec_log10
                0x0000000010008dec                __copybits
                0x0000000010008e64                __any_on
 .text          0x0000000010008ef0      0x5a0 /opt/altera/15.0/nios2eds/bin/gnu/H-x86_64-pc-linux-gnu/bin/../lib/gcc/nios2-elf/4.9.1/../../../../../H-x86_64-pc-linux-gnu/nios2-elf/lib/mno-hw-mul/libc.a(lib_a-reallocr.o)
                0x0000000010008ef0                _realloc_r
 .text          0x0000000010009490       0x74 /opt/altera/15.0/nios2eds/bin/gnu/H-x86_64-pc-linux-gnu/bin/../lib/gcc/nios2-elf/4.9.1/../../../../../H-x86_64-pc-linux-gnu/nios2-elf/lib/mno-hw-mul/libc.a(lib_a-s_fpclassify.o)
                0x0000000010009490                __fpclassifyd
 .text          0x0000000010009504       0x54 /opt/altera/15.0/nios2eds/bin/gnu/H-x86_64-pc-linux-gnu/bin/../lib/gcc/nios2-elf/4.9.1/../../../../../H-x86_64-pc-linux-gnu/nios2-elf/lib/mno-hw-mul/libc.a(lib_a-sbrkr.o)
                0x0000000010009504                _sbrk_r
 .text          0x0000000010009558      0x13c /opt/altera/15.0/nios2eds/bin/gnu/H-x86_64-pc-linux-gnu/bin/../lib/gcc/nios2-elf/4.9.1/../../../../../H-x86_64-pc-linux-gnu/nios2-elf/lib/mno-hw-mul/libc.a(lib_a-stdio.o)
                0x0000000010009558                __sread
                0x00000000100095ac                __seofread
                0x00000000100095b4                __swrite
                0x0000000010009630                __sseek
                0x000000001000968c                __sclose
 .text          0x0000000010009694       0xa4 /opt/altera/15.0/nios2eds/bin/gnu/H-x86_64-pc-linux-gnu/bin/../lib/gcc/nios2-elf/4.9.1/../../../../../H-x86_64-pc-linux-gnu/nios2-elf/lib/mno-hw-mul/libc.a(lib_a-strcmp.o)
                0x0000000010009694                strcmp
 .text          0x0000000010009738     0x155c /opt/altera/15.0/nios2eds/bin/gnu/H-x86_64-pc-linux-gnu/bin/../lib/gcc/nios2-elf/4.9.1/../../../../../H-x86_64-pc-linux-gnu/nios2-elf/lib/mno-hw-mul/libc.a(lib_a-vfiprintf.o)
                0x0000000010009834                __sprint_r
                0x000000001000984c                ___vfiprintf_internal_r
                0x000000001000ac70                __vfiprintf_internal
 .text          0x000000001000ac94       0x5c /opt/altera/15.0/nios2eds/bin/gnu/H-x86_64-pc-linux-gnu/bin/../lib/gcc/nios2-elf/4.9.1/../../../../../H-x86_64-pc-linux-gnu/nios2-elf/lib/mno-hw-mul/libc.a(lib_a-writer.o)
                0x000000001000ac94                _write_r
 .text          0x000000001000acf0       0x54 /opt/altera/15.0/nios2eds/bin/gnu/H-x86_64-pc-linux-gnu/bin/../lib/gcc/nios2-elf/4.9.1/../../../../../H-x86_64-pc-linux-gnu/nios2-elf/lib/mno-hw-mul/libc.a(closer.o)
                0x000000001000acf0                _close_r
 .text          0x000000001000ad44       0xd8 /opt/altera/15.0/nios2eds/bin/gnu/H-x86_64-pc-linux-gnu/bin/../lib/gcc/nios2-elf/4.9.1/../../../../../H-x86_64-pc-linux-gnu/nios2-elf/lib/mno-hw-mul/libc.a(lib_a-callocr.o)
                0x000000001000ad44                _calloc_r
 .text          0x000000001000ae1c      0x114 /opt/altera/15.0/nios2eds/bin/gnu/H-x86_64-pc-linux-gnu/bin/../lib/gcc/nios2-elf/4.9.1/../../../../../H-x86_64-pc-linux-gnu/nios2-elf/lib/mno-hw-mul/libc.a(lib_a-fclose.o)
                0x000000001000ae1c                _fclose_r
                0x000000001000af1c                fclose
 .text          0x000000001000af30      0x1dc /opt/altera/15.0/nios2eds/bin/gnu/H-x86_64-pc-linux-gnu/bin/../lib/gcc/nios2-elf/4.9.1/../../../../../H-x86_64-pc-linux-gnu/nios2-elf/lib/mno-hw-mul/libc.a(lib_a-fputwc.o)
                0x000000001000af30                _fputwc_r
                0x000000001000b0b4                fputwc
 .text          0x000000001000b10c       0x58 /opt/altera/15.0/nios2eds/bin/gnu/H-x86_64-pc-linux-gnu/bin/../lib/gcc/nios2-elf/4.9.1/../../../../../H-x86_64-pc-linux-gnu/nios2-elf/lib/mno-hw-mul/libc.a(lib_a-fstatr.o)
                0x000000001000b10c                _fstat_r
 .text          0x000000001000b164        0x0 /opt/altera/15.0/nios2eds/bin/gnu/H-x86_64-pc-linux-gnu/bin/../lib/gcc/nios2-elf/4.9.1/../../../../../H-x86_64-pc-linux-gnu/nios2-elf/lib/mno-hw-mul/libc.a(lib_a-int_errno.o)
 .text          0x000000001000b164       0x54 /opt/altera/15.0/nios2eds/bin/gnu/H-x86_64-pc-linux-gnu/bin/../lib/gcc/nios2-elf/4.9.1/../../../../../H-x86_64-pc-linux-gnu/nios2-elf/lib/mno-hw-mul/libc.a(lib_a-isattyr.o)
                0x000000001000b164                _isatty_r
 .text          0x000000001000b1b8       0x5c /opt/altera/15.0/nios2eds/bin/gnu/H-x86_64-pc-linux-gnu/bin/../lib/gcc/nios2-elf/4.9.1/../../../../../H-x86_64-pc-linux-gnu/nios2-elf/lib/mno-hw-mul/libc.a(lib_a-lseekr.o)
                0x000000001000b1b8                _lseek_r
 .text          0x000000001000b214       0x5c /opt/altera/15.0/nios2eds/bin/gnu/H-x86_64-pc-linux-gnu/bin/../lib/gcc/nios2-elf/4.9.1/../../../../../H-x86_64-pc-linux-gnu/nios2-elf/lib/mno-hw-mul/libc.a(lib_a-readr.o)
                0x000000001000b214                _read_r
 .text          0x000000001000b270      0x170 /opt/altera/15.0/nios2eds/bin/gnu/H-x86_64-pc-linux-gnu/bin/../lib/gcc/nios2-elf/4.9.1/../../../../../H-x86_64-pc-linux-gnu/nios2-elf/lib/mno-hw-mul/libc.a(lib_a-wbuf.o)
                0x000000001000b270                __swbuf_r
                0x000000001000b3c4                __swbuf
 .text          0x000000001000b3e0      0x174 /opt/altera/15.0/nios2eds/bin/gnu/H-x86_64-pc-linux-gnu/bin/../lib/gcc/nios2-elf/4.9.1/../../../../../H-x86_64-pc-linux-gnu/nios2-elf/lib/mno-hw-mul/libc.a(lib_a-wcrtomb.o)
                0x000000001000b3e0                _wcrtomb_r
                0x000000001000b47c                wcrtomb
 .text          0x000000001000b554       0x8c /opt/altera/15.0/nios2eds/bin/gnu/H-x86_64-pc-linux-gnu/bin/../lib/gcc/nios2-elf/4.9.1/../../../../../H-x86_64-pc-linux-gnu/nios2-elf/lib/mno-hw-mul/libc.a(lib_a-wctomb_r.o)
                0x000000001000b554                __ascii_wctomb
                0x000000001000b584                _wctomb_r
 .text          0x000000001000b5e0      0x640 /opt/altera/15.0/nios2eds/bin/gnu/H-x86_64-pc-linux-gnu/bin/../lib/gcc/nios2-elf/4.9.1/mno-hw-mul/libgcc.a(_udivdi3.o)
                0x000000001000b5e0                __udivdi3
 .text          0x000000001000bc20      0x61c /opt/altera/15.0/nios2eds/bin/gnu/H-x86_64-pc-linux-gnu/bin/../lib/gcc/nios2-elf/4.9.1/mno-hw-mul/libgcc.a(_umoddi3.o)
                0x000000001000bc20                __umoddi3
 .text          0x000000001000c23c      0x12c /opt/altera/15.0/nios2eds/bin/gnu/H-x86_64-pc-linux-gnu/bin/../lib/gcc/nios2-elf/4.9.1/mno-hw-mul/libgcc.a(lib2-divmod.o)
                0x000000001000c2a8                __divsi3
                0x000000001000c2fc                __modsi3
                0x000000001000c358                __udivsi3
                0x000000001000c360                __umodsi3
 .text          0x000000001000c368       0x28 /opt/altera/15.0/nios2eds/bin/gnu/H-x86_64-pc-linux-gnu/bin/../lib/gcc/nios2-elf/4.9.1/mno-hw-mul/libgcc.a(lib2-mul.o)
                0x000000001000c368                __mulsi3
 .text          0x000000001000c390      0x89c /opt/altera/15.0/nios2eds/bin/gnu/H-x86_64-pc-linux-gnu/bin/../lib/gcc/nios2-elf/4.9.1/mno-hw-mul/libgcc.a(adddf3.o)
                0x000000001000c390                __adddf3
 .text          0x000000001000cc2c      0x980 /opt/altera/15.0/nios2eds/bin/gnu/H-x86_64-pc-linux-gnu/bin/../lib/gcc/nios2-elf/4.9.1/mno-hw-mul/libgcc.a(divdf3.o)
                0x000000001000cc2c                __divdf3
 .text          0x000000001000d5ac       0x84 /opt/altera/15.0/nios2eds/bin/gnu/H-x86_64-pc-linux-gnu/bin/../lib/gcc/nios2-elf/4.9.1/mno-hw-mul/libgcc.a(eqdf2.o)
                0x000000001000d5ac                __eqdf2
                0x000000001000d5ac                __nedf2
 .text          0x000000001000d630       0xe0 /opt/altera/15.0/nios2eds/bin/gnu/H-x86_64-pc-linux-gnu/bin/../lib/gcc/nios2-elf/4.9.1/mno-hw-mul/libgcc.a(gedf2.o)
                0x000000001000d630                __gtdf2
                0x000000001000d630                __gedf2
 .text          0x000000001000d710       0xe0 /opt/altera/15.0/nios2eds/bin/gnu/H-x86_64-pc-linux-gnu/bin/../lib/gcc/nios2-elf/4.9.1/mno-hw-mul/libgcc.a(ledf2.o)
                0x000000001000d710                __ltdf2
                0x000000001000d710                __ledf2
 .text          0x000000001000d7f0      0x86c /opt/altera/15.0/nios2eds/bin/gnu/H-x86_64-pc-linux-gnu/bin/../lib/gcc/nios2-elf/4.9.1/mno-hw-mul/libgcc.a(muldf3.o)
                0x000000001000d7f0                __muldf3
 .text          0x000000001000e05c      0x8d0 /opt/altera/15.0/nios2eds/bin/gnu/H-x86_64-pc-linux-gnu/bin/../lib/gcc/nios2-elf/4.9.1/mno-hw-mul/libgcc.a(subdf3.o)
                0x000000001000e05c                __subdf3
 .text          0x000000001000e92c       0x88 /opt/altera/15.0/nios2eds/bin/gnu/H-x86_64-pc-linux-gnu/bin/../lib/gcc/nios2-elf/4.9.1/mno-hw-mul/libgcc.a(fixdfsi.o)
                0x000000001000e92c                __fixdfsi
 .text          0x000000001000e9b4       0xd0 /opt/altera/15.0/nios2eds/bin/gnu/H-x86_64-pc-linux-gnu/bin/../lib/gcc/nios2-elf/4.9.1/mno-hw-mul/libgcc.a(floatsidf.o)
                0x000000001000e9b4                __floatsidf
 .text          0x000000001000ea84       0xa4 /opt/altera/15.0/nios2eds/bin/gnu/H-x86_64-pc-linux-gnu/bin/../lib/gcc/nios2-elf/4.9.1/mno-hw-mul/libgcc.a(floatunsidf.o)
                0x000000001000ea84                __floatunsidf
 .text          0x000000001000eb28        0x0 /opt/altera/15.0/nios2eds/bin/gnu/H-x86_64-pc-linux-gnu/bin/../lib/gcc/nios2-elf/4.9.1/mno-hw-mul/libgcc.a(_clz.o)
 .text          0x000000001000eb28       0x64 /opt/altera/15.0/nios2eds/bin/gnu/H-x86_64-pc-linux-gnu/bin/../lib/gcc/nios2-elf/4.9.1/mno-hw-mul/libgcc.a(_clzsi2.o)
                0x000000001000eb28                __clzsi2
 .text          0x000000001000eb8c      0x128 ../lab8_app_bsp//libhal_bsp.a(alt_close.o)
                0x000000001000ebdc                close
 .text          0x000000001000ecb4       0x2c ../lab8_app_bsp//libhal_bsp.a(alt_dev.o)
 .text          0x000000001000ece0        0x0 ../lab8_app_bsp//libhal_bsp.a(alt_errno.o)
 .text          0x000000001000ece0      0x108 ../lab8_app_bsp//libhal_bsp.a(alt_fstat.o)
                0x000000001000ed30                fstat
 .text          0x000000001000ede8       0xfc ../lab8_app_bsp//libhal_bsp.a(alt_isatty.o)
                0x000000001000ee38                isatty
 .text          0x000000001000eee4       0xe4 ../lab8_app_bsp//libhal_bsp.a(alt_load.o)
                0x000000001000ef48                alt_load
 .text          0x000000001000efc8      0x12c ../lab8_app_bsp//libhal_bsp.a(alt_lseek.o)
                0x000000001000f018                lseek
 .text          0x000000001000f0f4       0x78 ../lab8_app_bsp//libhal_bsp.a(alt_main.o)
                0x000000001000f0f4                alt_main
 .text          0x000000001000f16c       0x40 ../lab8_app_bsp//libhal_bsp.a(alt_malloc_lock.o)
                0x000000001000f16c                __malloc_lock
                0x000000001000f18c                __malloc_unlock
 .text          0x000000001000f1ac      0x154 ../lab8_app_bsp//libhal_bsp.a(alt_read.o)
                0x000000001000f1fc                read
 .text          0x000000001000f300       0x80 ../lab8_app_bsp//libhal_bsp.a(alt_release_fd.o)
                0x000000001000f300                alt_release_fd
 .text          0x000000001000f380       0xb0 ../lab8_app_bsp//libhal_bsp.a(alt_sbrk.o)
                0x000000001000f380                sbrk
 .text          0x000000001000f430       0x30 ../lab8_app_bsp//libhal_bsp.a(alt_usleep.o)
                0x000000001000f430                usleep
 .text          0x000000001000f460      0x150 ../lab8_app_bsp//libhal_bsp.a(alt_write.o)
                0x000000001000f4b0                write
 .text          0x000000001000f5b0       0xb4 ../lab8_app_bsp//libhal_bsp.a(alt_sys_init.o)
                0x000000001000f5e8                alt_irq_init
                0x000000001000f61c                alt_sys_init
 .text          0x000000001000f664      0x164 ../lab8_app_bsp//libhal_bsp.a(altera_avalon_jtag_uart_fd.o)
                0x000000001000f664                altera_avalon_jtag_uart_read_fd
                0x000000001000f6c4                altera_avalon_jtag_uart_write_fd
                0x000000001000f724                altera_avalon_jtag_uart_close_fd
                0x000000001000f774                altera_avalon_jtag_uart_ioctl_fd
 .text          0x000000001000f7c8      0x3d8 ../lab8_app_bsp//libhal_bsp.a(altera_avalon_jtag_uart_init.o)
                0x000000001000f7c8                altera_avalon_jtag_uart_init
                0x000000001000fb38                altera_avalon_jtag_uart_close
 .text          0x000000001000fba0       0xec ../lab8_app_bsp//libhal_bsp.a(altera_avalon_jtag_uart_ioctl.o)
                0x000000001000fba0                altera_avalon_jtag_uart_ioctl
 .text          0x000000001000fc8c      0x20c ../lab8_app_bsp//libhal_bsp.a(altera_avalon_jtag_uart_read.o)
                0x000000001000fc8c                altera_avalon_jtag_uart_read
 .text          0x000000001000fe98      0x218 ../lab8_app_bsp//libhal_bsp.a(altera_avalon_jtag_uart_write.o)
                0x000000001000fe98                altera_avalon_jtag_uart_write
 .text          0x00000000100100b0      0x140 ../lab8_app_bsp//libhal_bsp.a(alt_alarm_start.o)
                0x00000000100100b0                alt_alarm_start
 .text          0x00000000100101f0      0x158 ../lab8_app_bsp//libhal_bsp.a(alt_busy_sleep.o)
                0x00000000100101f0                alt_busy_sleep
 .text          0x0000000010010348       0x1c ../lab8_app_bsp//libhal_bsp.a(alt_dcache_flush_all.o)
                0x0000000010010348                alt_dcache_flush_all
 .text          0x0000000010010364       0xf4 ../lab8_app_bsp//libhal_bsp.a(alt_dev_llist_insert.o)
                0x00000000100103b4                alt_dev_llist_insert
 .text          0x0000000010010458       0x5c ../lab8_app_bsp//libhal_bsp.a(alt_do_ctors.o)
                0x0000000010010458                _do_ctors
 .text          0x00000000100104b4       0x5c ../lab8_app_bsp//libhal_bsp.a(alt_do_dtors.o)
                0x00000000100104b4                _do_dtors
 .text          0x0000000010010510       0x1c ../lab8_app_bsp//libhal_bsp.a(alt_icache_flush_all.o)
                0x0000000010010510                alt_icache_flush_all
 .text          0x000000001001052c      0x1e0 ../lab8_app_bsp//libhal_bsp.a(alt_iic.o)
                0x000000001001052c                alt_ic_isr_register
                0x000000001001057c                alt_ic_irq_enable
                0x000000001001061c                alt_ic_irq_disable
                0x00000000100106c0                alt_ic_irq_enabled
 .text          0x000000001001070c       0xf0 ../lab8_app_bsp//libhal_bsp.a(alt_iic_isr_register.o)
                0x000000001001070c                alt_iic_isr_register
 .text          0x00000000100107fc      0x158 ../lab8_app_bsp//libhal_bsp.a(alt_io_redirect.o)
                0x00000000100108dc                alt_io_redirect
 .text          0x0000000010010954        0x0 ../lab8_app_bsp//libhal_bsp.a(alt_irq_entry.o)
 .text          0x0000000010010954        0x0 ../lab8_app_bsp//libhal_bsp.a(alt_irq_handler.o)
 .text          0x0000000010010954        0x0 ../lab8_app_bsp//libhal_bsp.a(alt_irq_vars.o)
 .text          0x0000000010010954      0x2a4 ../lab8_app_bsp//libhal_bsp.a(alt_open.o)
                0x0000000010010a98                open
 .text          0x0000000010010bf8      0x19c ../lab8_app_bsp//libhal_bsp.a(alt_tick.o)
                0x0000000010010bf8                alt_alarm_stop
                0x0000000010010c90                alt_tick
 .text          0x0000000010010d94       0x20 ../lab8_app_bsp//libhal_bsp.a(altera_nios2_gen2_irq.o)
                0x0000000010010d94                altera_nios2_gen2_irq_init
 .text          0x0000000010010db4        0x0 ../lab8_app_bsp//libhal_bsp.a(alt_exception_entry.o)
 .text          0x0000000010010db4       0x90 ../lab8_app_bsp//libhal_bsp.a(alt_find_dev.o)
                0x0000000010010db4                alt_find_dev
 .text          0x0000000010010e44      0x114 ../lab8_app_bsp//libhal_bsp.a(alt_find_file.o)
                0x0000000010010e44                alt_find_file
 .text          0x0000000010010f58       0xd4 ../lab8_app_bsp//libhal_bsp.a(alt_get_fd.o)
                0x0000000010010f58                alt_get_fd
 .text          0x000000001001102c       0x9c ../lab8_app_bsp//libhal_bsp.a(alt_instruction_exception_entry.o)
                0x000000001001102c                alt_exception_cause_generated_bad_addr
 .text          0x00000000100110c8       0x14 /opt/altera/15.0/nios2eds/bin/gnu/H-x86_64-pc-linux-gnu/bin/../lib/gcc/nios2-elf/4.9.1/../../../../../H-x86_64-pc-linux-gnu/nios2-elf/lib/mno-hw-mul/libc.a(lib_a-atexit.o)
                0x00000000100110c8                atexit
 .text          0x00000000100110dc       0x38 /opt/altera/15.0/nios2eds/bin/gnu/H-x86_64-pc-linux-gnu/bin/../lib/gcc/nios2-elf/4.9.1/../../../../../H-x86_64-pc-linux-gnu/nios2-elf/lib/mno-hw-mul/libc.a(lib_a-exit.o)
                0x00000000100110dc                exit
 .text          0x0000000010011114       0x7c /opt/altera/15.0/nios2eds/bin/gnu/H-x86_64-pc-linux-gnu/bin/../lib/gcc/nios2-elf/4.9.1/../../../../../H-x86_64-pc-linux-gnu/nios2-elf/lib/mno-hw-mul/libc.a(lib_a-memcmp.o)
                0x0000000010011114                memcmp
 .text          0x0000000010011190      0x114 /opt/altera/15.0/nios2eds/bin/gnu/H-x86_64-pc-linux-gnu/bin/../lib/gcc/nios2-elf/4.9.1/../../../../../H-x86_64-pc-linux-gnu/nios2-elf/lib/mno-hw-mul/libc.a(lib_a-__atexit.o)
                0x0000000010011190                __register_exitproc
 .text          0x00000000100112a4      0x194 /opt/altera/15.0/nios2eds/bin/gnu/H-x86_64-pc-linux-gnu/bin/../lib/gcc/nios2-elf/4.9.1/../../../../../H-x86_64-pc-linux-gnu/nios2-elf/lib/mno-hw-mul/libc.a(lib_a-__call_atexit.o)
                0x00000000100112a4                __call_exitprocs
 .text          0x0000000010011438       0x34 ../lab8_app_bsp//libhal_bsp.a(alt_exit.o)
                0x0000000010011438                _exit
 *(.gnu.warning.*)
 *(.fini)
                0x000000001001146c                PROVIDE (__etext, ABSOLUTE (.))
                0x000000001001146c                PROVIDE (_etext, ABSOLUTE (.))
                0x000000001001146c                PROVIDE (etext, ABSOLUTE (.))
 *(.eh_frame_hdr)
                0x000000001001146c                . = ALIGN (0x4)
                0x000000001001146c                PROVIDE (__preinit_array_start, ABSOLUTE (.))
 *(.preinit_array)
                0x000000001001146c                PROVIDE (__preinit_array_end, ABSOLUTE (.))
                0x000000001001146c                PROVIDE (__init_array_start, ABSOLUTE (.))
 *(.init_array)
                0x000000001001146c                PROVIDE (__init_array_end, ABSOLUTE (.))
                0x000000001001146c                PROVIDE (__fini_array_start, ABSOLUTE (.))
 *(.fini_array)
                0x000000001001146c                PROVIDE (__fini_array_end, ABSOLUTE (.))
 *(.eh_frame)
 *(.gcc_except_table .gcc_except_table.*)
 *(.dynamic)
                0x000000001001146c                PROVIDE (__CTOR_LIST__, ABSOLUTE (.))
 *(.ctors)
 *(SORT(.ctors.*))
                0x000000001001146c                PROVIDE (__CTOR_END__, ABSOLUTE (.))
                0x000000001001146c                PROVIDE (__DTOR_LIST__, ABSOLUTE (.))
 *(.dtors)
 *(SORT(.dtors.*))
                0x000000001001146c                PROVIDE (__DTOR_END__, ABSOLUTE (.))
 *(.jcr)
                0x000000001001146c                . = ALIGN (0x4)

.rodata         0x000000001001146c      0xa78
                0x000000001001146c                PROVIDE (__ram_rodata_start, ABSOLUTE (.))
                0x000000001001146c                . = ALIGN (0x4)
 *(.rodata .rodata.* .gnu.linkonce.r.*)
 .rodata        0x000000001001146c      0x704 obj/default/main.o
 .rodata        0x0000000010011b70       0x74 obj/default/usb.o
 .rodata.str1.4
                0x0000000010011be4        0x2 /opt/altera/15.0/nios2eds/bin/gnu/H-x86_64-pc-linux-gnu/bin/../lib/gcc/nios2-elf/4.9.1/../../../../../H-x86_64-pc-linux-gnu/nios2-elf/lib/mno-hw-mul/libc.a(lib_a-puts.o)
                                          0x4 (size before relaxing)
 *fill*         0x0000000010011be6        0x2 
 .rodata.str1.4
                0x0000000010011be8       0x42 /opt/altera/15.0/nios2eds/bin/gnu/H-x86_64-pc-linux-gnu/bin/../lib/gcc/nios2-elf/4.9.1/../../../../../H-x86_64-pc-linux-gnu/nios2-elf/lib/mno-hw-mul/libc.a(lib_a-vfprintf.o)
                                         0x44 (size before relaxing)
 .rodata        0x0000000010011c2a       0x20 /opt/altera/15.0/nios2eds/bin/gnu/H-x86_64-pc-linux-gnu/bin/../lib/gcc/nios2-elf/4.9.1/../../../../../H-x86_64-pc-linux-gnu/nios2-elf/lib/mno-hw-mul/libc.a(lib_a-vfprintf.o)
 *fill*         0x0000000010011c4a        0x2 
 .rodata.str1.4
                0x0000000010011c4c       0x10 /opt/altera/15.0/nios2eds/bin/gnu/H-x86_64-pc-linux-gnu/bin/../lib/gcc/nios2-elf/4.9.1/../../../../../H-x86_64-pc-linux-gnu/nios2-elf/lib/mno-hw-mul/libc.a(lib_a-dtoa.o)
                                         0x14 (size before relaxing)
 .rodata.str1.4
                0x0000000010011c5c        0x2 /opt/altera/15.0/nios2eds/bin/gnu/H-x86_64-pc-linux-gnu/bin/../lib/gcc/nios2-elf/4.9.1/../../../../../H-x86_64-pc-linux-gnu/nios2-elf/lib/mno-hw-mul/libc.a(lib_a-impure.o)
                                          0x4 (size before relaxing)
 *fill*         0x0000000010011c5e        0x2 
 .rodata.str1.4
                0x0000000010011c60        0xc /opt/altera/15.0/nios2eds/bin/gnu/H-x86_64-pc-linux-gnu/bin/../lib/gcc/nios2-elf/4.9.1/../../../../../H-x86_64-pc-linux-gnu/nios2-elf/lib/mno-hw-mul/libc.a(lib_a-locale.o)
                                         0x14 (size before relaxing)
 .rodata        0x0000000010011c6c      0x124 /opt/altera/15.0/nios2eds/bin/gnu/H-x86_64-pc-linux-gnu/bin/../lib/gcc/nios2-elf/4.9.1/../../../../../H-x86_64-pc-linux-gnu/nios2-elf/lib/mno-hw-mul/libc.a(lib_a-mprec.o)
                0x0000000010011c78                __mprec_tinytens
                0x0000000010011ca0                __mprec_bigtens
                0x0000000010011cc8                __mprec_tens
 .rodata.str1.4
                0x0000000000000000       0x30 /opt/altera/15.0/nios2eds/bin/gnu/H-x86_64-pc-linux-gnu/bin/../lib/gcc/nios2-elf/4.9.1/../../../../../H-x86_64-pc-linux-gnu/nios2-elf/lib/mno-hw-mul/libc.a(lib_a-vfiprintf.o)
 .rodata        0x0000000010011d90       0x20 /opt/altera/15.0/nios2eds/bin/gnu/H-x86_64-pc-linux-gnu/bin/../lib/gcc/nios2-elf/4.9.1/../../../../../H-x86_64-pc-linux-gnu/nios2-elf/lib/mno-hw-mul/libc.a(lib_a-vfiprintf.o)
 .rodata        0x0000000010011db0      0x100 /opt/altera/15.0/nios2eds/bin/gnu/H-x86_64-pc-linux-gnu/bin/../lib/gcc/nios2-elf/4.9.1/mno-hw-mul/libgcc.a(_clz.o)
                0x0000000010011db0                __clz_tab
 .rodata        0x0000000010011eb0        0xc ../lab8_app_bsp//libhal_bsp.a(alt_dev.o)
 .rodata        0x0000000010011ebc       0x14 ../lab8_app_bsp//libhal_bsp.a(alt_main.o)
 .rodata        0x0000000010011ed0       0x14 ../lab8_app_bsp//libhal_bsp.a(alt_sys_init.o)
 *(.rodata1)
                0x0000000010011ee4                . = ALIGN (0x4)
                0x0000000010011ee4                PROVIDE (__ram_rodata_end, ABSOLUTE (.))
                0x000000001001146c                PROVIDE (__flash_rodata_start, LOADADDR (.rodata))

.rwdata         0x0000000010011ee4     0x1aec load address 0x00000000100139d0
                0x0000000010011ee4                PROVIDE (__ram_rwdata_start, ABSOLUTE (.))
                0x0000000010011ee4                . = ALIGN (0x4)
 *(.got.plt)
 *(.got)
 *(.data1)
 *(.data .data.* .gnu.linkonce.d.*)
 .data          0x0000000010011ee4        0x0 ../lab8_app_bsp//obj/HAL/src/crt0.o
 .data          0x0000000010011ee4        0x0 obj/default/io_handler.o
 .data          0x0000000010011ee4        0x0 obj/default/main.o
 .data          0x0000000010011ee4        0x0 obj/default/usb.o
 .data          0x0000000010011ee4        0x0 /opt/altera/15.0/nios2eds/bin/gnu/H-x86_64-pc-linux-gnu/bin/../lib/gcc/nios2-elf/4.9.1/../../../../../H-x86_64-pc-linux-gnu/nios2-elf/lib/mno-hw-mul/libc.a(lib_a-printf.o)
 .data          0x0000000010011ee4        0x0 /opt/altera/15.0/nios2eds/bin/gnu/H-x86_64-pc-linux-gnu/bin/../lib/gcc/nios2-elf/4.9.1/../../../../../H-x86_64-pc-linux-gnu/nios2-elf/lib/mno-hw-mul/libc.a(lib_a-puts.o)
 .data          0x0000000010011ee4        0x0 /opt/altera/15.0/nios2eds/bin/gnu/H-x86_64-pc-linux-gnu/bin/../lib/gcc/nios2-elf/4.9.1/../../../../../H-x86_64-pc-linux-gnu/nios2-elf/lib/mno-hw-mul/libc.a(lib_a-strlen.o)
 .data          0x0000000010011ee4        0x0 /opt/altera/15.0/nios2eds/bin/gnu/H-x86_64-pc-linux-gnu/bin/../lib/gcc/nios2-elf/4.9.1/../../../../../H-x86_64-pc-linux-gnu/nios2-elf/lib/mno-hw-mul/libc.a(lib_a-vfprintf.o)
 .data          0x0000000010011ee4        0x0 /opt/altera/15.0/nios2eds/bin/gnu/H-x86_64-pc-linux-gnu/bin/../lib/gcc/nios2-elf/4.9.1/../../../../../H-x86_64-pc-linux-gnu/nios2-elf/lib/mno-hw-mul/libc.a(lib_a-wsetup.o)
 .data          0x0000000010011ee4        0x0 /opt/altera/15.0/nios2eds/bin/gnu/H-x86_64-pc-linux-gnu/bin/../lib/gcc/nios2-elf/4.9.1/../../../../../H-x86_64-pc-linux-gnu/nios2-elf/lib/mno-hw-mul/libc.a(lib_a-dtoa.o)
 .data          0x0000000010011ee4        0x0 /opt/altera/15.0/nios2eds/bin/gnu/H-x86_64-pc-linux-gnu/bin/../lib/gcc/nios2-elf/4.9.1/../../../../../H-x86_64-pc-linux-gnu/nios2-elf/lib/mno-hw-mul/libc.a(lib_a-fflush.o)
 .data          0x0000000010011ee4        0x0 /opt/altera/15.0/nios2eds/bin/gnu/H-x86_64-pc-linux-gnu/bin/../lib/gcc/nios2-elf/4.9.1/../../../../../H-x86_64-pc-linux-gnu/nios2-elf/lib/mno-hw-mul/libc.a(lib_a-findfp.o)
 .data          0x0000000010011ee4        0x0 /opt/altera/15.0/nios2eds/bin/gnu/H-x86_64-pc-linux-gnu/bin/../lib/gcc/nios2-elf/4.9.1/../../../../../H-x86_64-pc-linux-gnu/nios2-elf/lib/mno-hw-mul/libc.a(lib_a-freer.o)
 .data          0x0000000010011ee4        0x0 /opt/altera/15.0/nios2eds/bin/gnu/H-x86_64-pc-linux-gnu/bin/../lib/gcc/nios2-elf/4.9.1/../../../../../H-x86_64-pc-linux-gnu/nios2-elf/lib/mno-hw-mul/libc.a(lib_a-fvwrite.o)
 .data          0x0000000010011ee4        0x0 /opt/altera/15.0/nios2eds/bin/gnu/H-x86_64-pc-linux-gnu/bin/../lib/gcc/nios2-elf/4.9.1/../../../../../H-x86_64-pc-linux-gnu/nios2-elf/lib/mno-hw-mul/libc.a(lib_a-fwalk.o)
 .data          0x0000000010011ee4      0x424 /opt/altera/15.0/nios2eds/bin/gnu/H-x86_64-pc-linux-gnu/bin/../lib/gcc/nios2-elf/4.9.1/../../../../../H-x86_64-pc-linux-gnu/nios2-elf/lib/mno-hw-mul/libc.a(lib_a-impure.o)
 .data          0x0000000010012308       0x78 /opt/altera/15.0/nios2eds/bin/gnu/H-x86_64-pc-linux-gnu/bin/../lib/gcc/nios2-elf/4.9.1/../../../../../H-x86_64-pc-linux-gnu/nios2-elf/lib/mno-hw-mul/libc.a(lib_a-locale.o)
 .data          0x0000000010012380        0x0 /opt/altera/15.0/nios2eds/bin/gnu/H-x86_64-pc-linux-gnu/bin/../lib/gcc/nios2-elf/4.9.1/../../../../../H-x86_64-pc-linux-gnu/nios2-elf/lib/mno-hw-mul/libc.a(lib_a-makebuf.o)
 .data          0x0000000010012380      0x408 /opt/altera/15.0/nios2eds/bin/gnu/H-x86_64-pc-linux-gnu/bin/../lib/gcc/nios2-elf/4.9.1/../../../../../H-x86_64-pc-linux-gnu/nios2-elf/lib/mno-hw-mul/libc.a(lib_a-mallocr.o)
                0x0000000010012380                __malloc_av_
 .data          0x0000000010012788        0x0 /opt/altera/15.0/nios2eds/bin/gnu/H-x86_64-pc-linux-gnu/bin/../lib/gcc/nios2-elf/4.9.1/../../../../../H-x86_64-pc-linux-gnu/nios2-elf/lib/mno-hw-mul/libc.a(lib_a-memchr.o)
 .data          0x0000000010012788        0x0 /opt/altera/15.0/nios2eds/bin/gnu/H-x86_64-pc-linux-gnu/bin/../lib/gcc/nios2-elf/4.9.1/../../../../../H-x86_64-pc-linux-gnu/nios2-elf/lib/mno-hw-mul/libc.a(lib_a-memcpy.o)
 .data          0x0000000010012788        0x0 /opt/altera/15.0/nios2eds/bin/gnu/H-x86_64-pc-linux-gnu/bin/../lib/gcc/nios2-elf/4.9.1/../../../../../H-x86_64-pc-linux-gnu/nios2-elf/lib/mno-hw-mul/libc.a(lib_a-memmove.o)
 .data          0x0000000010012788        0x0 /opt/altera/15.0/nios2eds/bin/gnu/H-x86_64-pc-linux-gnu/bin/../lib/gcc/nios2-elf/4.9.1/../../../../../H-x86_64-pc-linux-gnu/nios2-elf/lib/mno-hw-mul/libc.a(lib_a-memset.o)
 .data          0x0000000010012788        0x0 /opt/altera/15.0/nios2eds/bin/gnu/H-x86_64-pc-linux-gnu/bin/../lib/gcc/nios2-elf/4.9.1/../../../../../H-x86_64-pc-linux-gnu/nios2-elf/lib/mno-hw-mul/libc.a(lib_a-mprec.o)
 .data          0x0000000010012788        0x0 /opt/altera/15.0/nios2eds/bin/gnu/H-x86_64-pc-linux-gnu/bin/../lib/gcc/nios2-elf/4.9.1/../../../../../H-x86_64-pc-linux-gnu/nios2-elf/lib/mno-hw-mul/libc.a(lib_a-reallocr.o)
 .data          0x0000000010012788        0x0 /opt/altera/15.0/nios2eds/bin/gnu/H-x86_64-pc-linux-gnu/bin/../lib/gcc/nios2-elf/4.9.1/../../../../../H-x86_64-pc-linux-gnu/nios2-elf/lib/mno-hw-mul/libc.a(lib_a-s_fpclassify.o)
 .data          0x0000000010012788        0x0 /opt/altera/15.0/nios2eds/bin/gnu/H-x86_64-pc-linux-gnu/bin/../lib/gcc/nios2-elf/4.9.1/../../../../../H-x86_64-pc-linux-gnu/nios2-elf/lib/mno-hw-mul/libc.a(lib_a-sbrkr.o)
 .data          0x0000000010012788        0x0 /opt/altera/15.0/nios2eds/bin/gnu/H-x86_64-pc-linux-gnu/bin/../lib/gcc/nios2-elf/4.9.1/../../../../../H-x86_64-pc-linux-gnu/nios2-elf/lib/mno-hw-mul/libc.a(lib_a-stdio.o)
 .data          0x0000000010012788        0x0 /opt/altera/15.0/nios2eds/bin/gnu/H-x86_64-pc-linux-gnu/bin/../lib/gcc/nios2-elf/4.9.1/../../../../../H-x86_64-pc-linux-gnu/nios2-elf/lib/mno-hw-mul/libc.a(lib_a-strcmp.o)
 .data          0x0000000010012788        0x0 /opt/altera/15.0/nios2eds/bin/gnu/H-x86_64-pc-linux-gnu/bin/../lib/gcc/nios2-elf/4.9.1/../../../../../H-x86_64-pc-linux-gnu/nios2-elf/lib/mno-hw-mul/libc.a(lib_a-vfiprintf.o)
 .data          0x0000000010012788        0x0 /opt/altera/15.0/nios2eds/bin/gnu/H-x86_64-pc-linux-gnu/bin/../lib/gcc/nios2-elf/4.9.1/../../../../../H-x86_64-pc-linux-gnu/nios2-elf/lib/mno-hw-mul/libc.a(lib_a-writer.o)
 .data          0x0000000010012788        0x0 /opt/altera/15.0/nios2eds/bin/gnu/H-x86_64-pc-linux-gnu/bin/../lib/gcc/nios2-elf/4.9.1/../../../../../H-x86_64-pc-linux-gnu/nios2-elf/lib/mno-hw-mul/libc.a(closer.o)
 .data          0x0000000010012788        0x0 /opt/altera/15.0/nios2eds/bin/gnu/H-x86_64-pc-linux-gnu/bin/../lib/gcc/nios2-elf/4.9.1/../../../../../H-x86_64-pc-linux-gnu/nios2-elf/lib/mno-hw-mul/libc.a(lib_a-callocr.o)
 .data          0x0000000010012788        0x0 /opt/altera/15.0/nios2eds/bin/gnu/H-x86_64-pc-linux-gnu/bin/../lib/gcc/nios2-elf/4.9.1/../../../../../H-x86_64-pc-linux-gnu/nios2-elf/lib/mno-hw-mul/libc.a(lib_a-fclose.o)
 .data          0x0000000010012788        0x0 /opt/altera/15.0/nios2eds/bin/gnu/H-x86_64-pc-linux-gnu/bin/../lib/gcc/nios2-elf/4.9.1/../../../../../H-x86_64-pc-linux-gnu/nios2-elf/lib/mno-hw-mul/libc.a(lib_a-fputwc.o)
 .data          0x0000000010012788        0x0 /opt/altera/15.0/nios2eds/bin/gnu/H-x86_64-pc-linux-gnu/bin/../lib/gcc/nios2-elf/4.9.1/../../../../../H-x86_64-pc-linux-gnu/nios2-elf/lib/mno-hw-mul/libc.a(lib_a-fstatr.o)
 .data          0x0000000010012788        0x0 /opt/altera/15.0/nios2eds/bin/gnu/H-x86_64-pc-linux-gnu/bin/../lib/gcc/nios2-elf/4.9.1/../../../../../H-x86_64-pc-linux-gnu/nios2-elf/lib/mno-hw-mul/libc.a(lib_a-int_errno.o)
 .data          0x0000000010012788        0x0 /opt/altera/15.0/nios2eds/bin/gnu/H-x86_64-pc-linux-gnu/bin/../lib/gcc/nios2-elf/4.9.1/../../../../../H-x86_64-pc-linux-gnu/nios2-elf/lib/mno-hw-mul/libc.a(lib_a-isattyr.o)
 .data          0x0000000010012788        0x0 /opt/altera/15.0/nios2eds/bin/gnu/H-x86_64-pc-linux-gnu/bin/../lib/gcc/nios2-elf/4.9.1/../../../../../H-x86_64-pc-linux-gnu/nios2-elf/lib/mno-hw-mul/libc.a(lib_a-lseekr.o)
 .data          0x0000000010012788        0x0 /opt/altera/15.0/nios2eds/bin/gnu/H-x86_64-pc-linux-gnu/bin/../lib/gcc/nios2-elf/4.9.1/../../../../../H-x86_64-pc-linux-gnu/nios2-elf/lib/mno-hw-mul/libc.a(lib_a-readr.o)
 .data          0x0000000010012788        0x0 /opt/altera/15.0/nios2eds/bin/gnu/H-x86_64-pc-linux-gnu/bin/../lib/gcc/nios2-elf/4.9.1/../../../../../H-x86_64-pc-linux-gnu/nios2-elf/lib/mno-hw-mul/libc.a(lib_a-wbuf.o)
 .data          0x0000000010012788        0x0 /opt/altera/15.0/nios2eds/bin/gnu/H-x86_64-pc-linux-gnu/bin/../lib/gcc/nios2-elf/4.9.1/../../../../../H-x86_64-pc-linux-gnu/nios2-elf/lib/mno-hw-mul/libc.a(lib_a-wcrtomb.o)
 .data          0x0000000010012788        0x0 /opt/altera/15.0/nios2eds/bin/gnu/H-x86_64-pc-linux-gnu/bin/../lib/gcc/nios2-elf/4.9.1/../../../../../H-x86_64-pc-linux-gnu/nios2-elf/lib/mno-hw-mul/libc.a(lib_a-wctomb_r.o)
 .data          0x0000000010012788        0x0 /opt/altera/15.0/nios2eds/bin/gnu/H-x86_64-pc-linux-gnu/bin/../lib/gcc/nios2-elf/4.9.1/mno-hw-mul/libgcc.a(_udivdi3.o)
 .data          0x0000000010012788        0x0 /opt/altera/15.0/nios2eds/bin/gnu/H-x86_64-pc-linux-gnu/bin/../lib/gcc/nios2-elf/4.9.1/mno-hw-mul/libgcc.a(_umoddi3.o)
 .data          0x0000000010012788        0x0 /opt/altera/15.0/nios2eds/bin/gnu/H-x86_64-pc-linux-gnu/bin/../lib/gcc/nios2-elf/4.9.1/mno-hw-mul/libgcc.a(lib2-divmod.o)
 .data          0x0000000010012788        0x0 /opt/altera/15.0/nios2eds/bin/gnu/H-x86_64-pc-linux-gnu/bin/../lib/gcc/nios2-elf/4.9.1/mno-hw-mul/libgcc.a(lib2-mul.o)
 .data          0x0000000010012788        0x0 /opt/altera/15.0/nios2eds/bin/gnu/H-x86_64-pc-linux-gnu/bin/../lib/gcc/nios2-elf/4.9.1/mno-hw-mul/libgcc.a(adddf3.o)
 .data          0x0000000010012788        0x0 /opt/altera/15.0/nios2eds/bin/gnu/H-x86_64-pc-linux-gnu/bin/../lib/gcc/nios2-elf/4.9.1/mno-hw-mul/libgcc.a(divdf3.o)
 .data          0x0000000010012788        0x0 /opt/altera/15.0/nios2eds/bin/gnu/H-x86_64-pc-linux-gnu/bin/../lib/gcc/nios2-elf/4.9.1/mno-hw-mul/libgcc.a(eqdf2.o)
 .data          0x0000000010012788        0x0 /opt/altera/15.0/nios2eds/bin/gnu/H-x86_64-pc-linux-gnu/bin/../lib/gcc/nios2-elf/4.9.1/mno-hw-mul/libgcc.a(gedf2.o)
 .data          0x0000000010012788        0x0 /opt/altera/15.0/nios2eds/bin/gnu/H-x86_64-pc-linux-gnu/bin/../lib/gcc/nios2-elf/4.9.1/mno-hw-mul/libgcc.a(ledf2.o)
 .data          0x0000000010012788        0x0 /opt/altera/15.0/nios2eds/bin/gnu/H-x86_64-pc-linux-gnu/bin/../lib/gcc/nios2-elf/4.9.1/mno-hw-mul/libgcc.a(muldf3.o)
 .data          0x0000000010012788        0x0 /opt/altera/15.0/nios2eds/bin/gnu/H-x86_64-pc-linux-gnu/bin/../lib/gcc/nios2-elf/4.9.1/mno-hw-mul/libgcc.a(subdf3.o)
 .data          0x0000000010012788        0x0 /opt/altera/15.0/nios2eds/bin/gnu/H-x86_64-pc-linux-gnu/bin/../lib/gcc/nios2-elf/4.9.1/mno-hw-mul/libgcc.a(fixdfsi.o)
 .data          0x0000000010012788        0x0 /opt/altera/15.0/nios2eds/bin/gnu/H-x86_64-pc-linux-gnu/bin/../lib/gcc/nios2-elf/4.9.1/mno-hw-mul/libgcc.a(floatsidf.o)
 .data          0x0000000010012788        0x0 /opt/altera/15.0/nios2eds/bin/gnu/H-x86_64-pc-linux-gnu/bin/../lib/gcc/nios2-elf/4.9.1/mno-hw-mul/libgcc.a(floatunsidf.o)
 .data          0x0000000010012788        0x0 /opt/altera/15.0/nios2eds/bin/gnu/H-x86_64-pc-linux-gnu/bin/../lib/gcc/nios2-elf/4.9.1/mno-hw-mul/libgcc.a(_clz.o)
 .data          0x0000000010012788        0x0 /opt/altera/15.0/nios2eds/bin/gnu/H-x86_64-pc-linux-gnu/bin/../lib/gcc/nios2-elf/4.9.1/mno-hw-mul/libgcc.a(_clzsi2.o)
 .data          0x0000000010012788        0x0 ../lab8_app_bsp//libhal_bsp.a(alt_close.o)
 .data          0x0000000010012788      0x1a8 ../lab8_app_bsp//libhal_bsp.a(alt_dev.o)
                0x0000000010012788                alt_dev_null
                0x00000000100127b0                alt_fd_list
 .data          0x0000000010012930        0x0 ../lab8_app_bsp//libhal_bsp.a(alt_errno.o)
 .data          0x0000000010012930        0x0 ../lab8_app_bsp//libhal_bsp.a(alt_fstat.o)
 .data          0x0000000010012930        0x0 ../lab8_app_bsp//libhal_bsp.a(alt_isatty.o)
 .data          0x0000000010012930        0x0 ../lab8_app_bsp//libhal_bsp.a(alt_load.o)
 .data          0x0000000010012930        0x0 ../lab8_app_bsp//libhal_bsp.a(alt_lseek.o)
 .data          0x0000000010012930        0x0 ../lab8_app_bsp//libhal_bsp.a(alt_main.o)
 .data          0x0000000010012930        0x0 ../lab8_app_bsp//libhal_bsp.a(alt_malloc_lock.o)
 .data          0x0000000010012930        0x0 ../lab8_app_bsp//libhal_bsp.a(alt_read.o)
 .data          0x0000000010012930        0x0 ../lab8_app_bsp//libhal_bsp.a(alt_release_fd.o)
 .data          0x0000000010012930        0x0 ../lab8_app_bsp//libhal_bsp.a(alt_sbrk.o)
 .data          0x0000000010012930        0x0 ../lab8_app_bsp//libhal_bsp.a(alt_usleep.o)
 .data          0x0000000010012930        0x0 ../lab8_app_bsp//libhal_bsp.a(alt_write.o)
 .data          0x0000000010012930     0x1060 ../lab8_app_bsp//libhal_bsp.a(alt_sys_init.o)
 .data          0x0000000010013990        0x0 ../lab8_app_bsp//libhal_bsp.a(altera_avalon_jtag_uart_fd.o)
 .data          0x0000000010013990        0x0 ../lab8_app_bsp//libhal_bsp.a(altera_avalon_jtag_uart_init.o)
 .data          0x0000000010013990        0x0 ../lab8_app_bsp//libhal_bsp.a(altera_avalon_jtag_uart_ioctl.o)
 .data          0x0000000010013990        0x0 ../lab8_app_bsp//libhal_bsp.a(altera_avalon_jtag_uart_read.o)
 .data          0x0000000010013990        0x0 ../lab8_app_bsp//libhal_bsp.a(altera_avalon_jtag_uart_write.o)
 .data          0x0000000010013990        0x0 ../lab8_app_bsp//libhal_bsp.a(alt_alarm_start.o)
 .data          0x0000000010013990        0x0 ../lab8_app_bsp//libhal_bsp.a(alt_busy_sleep.o)
 .data          0x0000000010013990        0x0 ../lab8_app_bsp//libhal_bsp.a(alt_dcache_flush_all.o)
 .data          0x0000000010013990        0x0 ../lab8_app_bsp//libhal_bsp.a(alt_dev_llist_insert.o)
 .data          0x0000000010013990        0x0 ../lab8_app_bsp//libhal_bsp.a(alt_do_ctors.o)
 .data          0x0000000010013990        0x0 ../lab8_app_bsp//libhal_bsp.a(alt_do_dtors.o)
 .data          0x0000000010013990        0x0 ../lab8_app_bsp//libhal_bsp.a(alt_icache_flush_all.o)
 .data          0x0000000010013990        0x0 ../lab8_app_bsp//libhal_bsp.a(alt_iic.o)
 .data          0x0000000010013990        0x0 ../lab8_app_bsp//libhal_bsp.a(alt_iic_isr_register.o)
 .data          0x0000000010013990        0x0 ../lab8_app_bsp//libhal_bsp.a(alt_io_redirect.o)
 .data          0x0000000010013990        0x0 ../lab8_app_bsp//libhal_bsp.a(alt_irq_entry.o)
 .data          0x0000000010013990        0x0 ../lab8_app_bsp//libhal_bsp.a(alt_irq_handler.o)
 .data          0x0000000010013990        0x0 ../lab8_app_bsp//libhal_bsp.a(alt_irq_vars.o)
 .data          0x0000000010013990        0x0 ../lab8_app_bsp//libhal_bsp.a(alt_open.o)
 .data          0x0000000010013990        0x0 ../lab8_app_bsp//libhal_bsp.a(alt_tick.o)
 .data          0x0000000010013990        0x0 ../lab8_app_bsp//libhal_bsp.a(altera_nios2_gen2_irq.o)
 .data          0x0000000010013990        0x0 ../lab8_app_bsp//libhal_bsp.a(alt_exception_entry.o)
 .data          0x0000000010013990        0x0 ../lab8_app_bsp//libhal_bsp.a(alt_find_dev.o)
 .data          0x0000000010013990        0x0 ../lab8_app_bsp//libhal_bsp.a(alt_find_file.o)
 .data          0x0000000010013990        0x0 ../lab8_app_bsp//libhal_bsp.a(alt_get_fd.o)
 .data          0x0000000010013990        0x0 ../lab8_app_bsp//libhal_bsp.a(alt_instruction_exception_entry.o)
 .data          0x0000000010013990        0x0 /opt/altera/15.0/nios2eds/bin/gnu/H-x86_64-pc-linux-gnu/bin/../lib/gcc/nios2-elf/4.9.1/../../../../../H-x86_64-pc-linux-gnu/nios2-elf/lib/mno-hw-mul/libc.a(lib_a-atexit.o)
 .data          0x0000000010013990        0x0 /opt/altera/15.0/nios2eds/bin/gnu/H-x86_64-pc-linux-gnu/bin/../lib/gcc/nios2-elf/4.9.1/../../../../../H-x86_64-pc-linux-gnu/nios2-elf/lib/mno-hw-mul/libc.a(lib_a-exit.o)
 .data          0x0000000010013990        0x0 /opt/altera/15.0/nios2eds/bin/gnu/H-x86_64-pc-linux-gnu/bin/../lib/gcc/nios2-elf/4.9.1/../../../../../H-x86_64-pc-linux-gnu/nios2-elf/lib/mno-hw-mul/libc.a(lib_a-memcmp.o)
 .data          0x0000000010013990        0x0 /opt/altera/15.0/nios2eds/bin/gnu/H-x86_64-pc-linux-gnu/bin/../lib/gcc/nios2-elf/4.9.1/../../../../../H-x86_64-pc-linux-gnu/nios2-elf/lib/mno-hw-mul/libc.a(lib_a-__atexit.o)
 .data          0x0000000010013990        0x0 /opt/altera/15.0/nios2eds/bin/gnu/H-x86_64-pc-linux-gnu/bin/../lib/gcc/nios2-elf/4.9.1/../../../../../H-x86_64-pc-linux-gnu/nios2-elf/lib/mno-hw-mul/libc.a(lib_a-__call_atexit.o)
 .data          0x0000000010013990        0x0 ../lab8_app_bsp//libhal_bsp.a(alt_exit.o)
                0x000000001001b990                _gp = ABSOLUTE ((. + 0x8000))
                0x000000001001b990                PROVIDE (gp, _gp)
 *(.rwdata .rwdata.*)
 *(.sdata .sdata.* .gnu.linkonce.s.*)
 .sdata         0x0000000010013990        0x8 /opt/altera/15.0/nios2eds/bin/gnu/H-x86_64-pc-linux-gnu/bin/../lib/gcc/nios2-elf/4.9.1/../../../../../H-x86_64-pc-linux-gnu/nios2-elf/lib/mno-hw-mul/libc.a(lib_a-impure.o)
                0x0000000010013990                _global_impure_ptr
                0x0000000010013994                _impure_ptr
 .sdata         0x0000000010013998        0x4 /opt/altera/15.0/nios2eds/bin/gnu/H-x86_64-pc-linux-gnu/bin/../lib/gcc/nios2-elf/4.9.1/../../../../../H-x86_64-pc-linux-gnu/nios2-elf/lib/mno-hw-mul/libc.a(lib_a-locale.o)
                0x0000000010013998                __mb_cur_max
 .sdata         0x000000001001399c        0x8 /opt/altera/15.0/nios2eds/bin/gnu/H-x86_64-pc-linux-gnu/bin/../lib/gcc/nios2-elf/4.9.1/../../../../../H-x86_64-pc-linux-gnu/nios2-elf/lib/mno-hw-mul/libc.a(lib_a-mallocr.o)
                0x000000001001399c                __malloc_sbrk_base
                0x00000000100139a0                __malloc_trim_threshold
 .sdata         0x00000000100139a4        0x4 /opt/altera/15.0/nios2eds/bin/gnu/H-x86_64-pc-linux-gnu/bin/../lib/gcc/nios2-elf/4.9.1/../../../../../H-x86_64-pc-linux-gnu/nios2-elf/lib/mno-hw-mul/libc.a(lib_a-wctomb_r.o)
                0x00000000100139a4                __wctomb
 .sdata         0x00000000100139a8       0x14 ../lab8_app_bsp//libhal_bsp.a(alt_dev.o)
                0x00000000100139a8                alt_fs_list
                0x00000000100139b0                alt_dev_list
                0x00000000100139b8                alt_max_fd
 .sdata         0x00000000100139bc        0x4 ../lab8_app_bsp//libhal_bsp.a(alt_errno.o)
                0x00000000100139bc                alt_errno
 .sdata         0x00000000100139c0        0x4 ../lab8_app_bsp//libhal_bsp.a(alt_sbrk.o)
 .sdata         0x00000000100139c4        0x4 ../lab8_app_bsp//libhal_bsp.a(alt_irq_vars.o)
                0x00000000100139c4                alt_priority_mask
 .sdata         0x00000000100139c8        0x8 ../lab8_app_bsp//libhal_bsp.a(alt_tick.o)
                0x00000000100139c8                alt_alarm_list
 *(.sdata2 .sdata2.* .gnu.linkonce.s2.*)
                0x00000000100139d0                . = ALIGN (0x4)
                0x00000000100139d0                _edata = ABSOLUTE (.)
                0x00000000100139d0                PROVIDE (edata, ABSOLUTE (.))
                0x00000000100139d0                PROVIDE (__ram_rwdata_end, ABSOLUTE (.))
                0x00000000100139d0                PROVIDE (__flash_rwdata_start, LOADADDR (.rwdata))

.bss            0x00000000100154bc      0x164
                0x00000000100154bc                __bss_start = ABSOLUTE (.)
                0x00000000100154bc                PROVIDE (__sbss_start, ABSOLUTE (.))
                0x00000000100154bc                PROVIDE (___sbss_start, ABSOLUTE (.))
 *(.dynsbss)
 *(.sbss .sbss.* .gnu.linkonce.sb.*)
 .sbss          0x00000000100154bc        0x4 obj/default/main.o
 .sbss          0x00000000100154c0        0xc /opt/altera/15.0/nios2eds/bin/gnu/H-x86_64-pc-linux-gnu/bin/../lib/gcc/nios2-elf/4.9.1/../../../../../H-x86_64-pc-linux-gnu/nios2-elf/lib/mno-hw-mul/libc.a(lib_a-locale.o)
                0x00000000100154c0                _PathLocale
                0x00000000100154c4                __mlocale_changed
                0x00000000100154c8                __nlocale_changed
 .sbss          0x00000000100154cc        0xc /opt/altera/15.0/nios2eds/bin/gnu/H-x86_64-pc-linux-gnu/bin/../lib/gcc/nios2-elf/4.9.1/../../../../../H-x86_64-pc-linux-gnu/nios2-elf/lib/mno-hw-mul/libc.a(lib_a-mallocr.o)
                0x00000000100154cc                __malloc_max_total_mem
                0x00000000100154d0                __malloc_max_sbrked_mem
                0x00000000100154d4                __malloc_top_pad
 .sbss          0x00000000100154d8        0x4 /opt/altera/15.0/nios2eds/bin/gnu/H-x86_64-pc-linux-gnu/bin/../lib/gcc/nios2-elf/4.9.1/../../../../../H-x86_64-pc-linux-gnu/nios2-elf/lib/mno-hw-mul/libc.a(lib_a-int_errno.o)
                0x00000000100154d8                errno
 .sbss          0x00000000100154dc        0xc ../lab8_app_bsp//libhal_bsp.a(alt_main.o)
                0x00000000100154dc                alt_argc
                0x00000000100154e0                alt_argv
                0x00000000100154e4                alt_envp
 .sbss          0x00000000100154e8        0x4 ../lab8_app_bsp//libhal_bsp.a(alt_irq_vars.o)
                0x00000000100154e8                alt_irq_active
 .sbss          0x00000000100154ec        0x8 ../lab8_app_bsp//libhal_bsp.a(alt_tick.o)
                0x00000000100154ec                _alt_tick_rate
                0x00000000100154f0                _alt_nticks
 .sbss          0x00000000100154f4        0x4 ../lab8_app_bsp//libhal_bsp.a(alt_instruction_exception_entry.o)
                0x00000000100154f4                alt_instruction_exception_handler
 *(.sbss2 .sbss2.* .gnu.linkonce.sb2.*)
 *(.scommon)
                0x00000000100154f8                PROVIDE (__sbss_end, ABSOLUTE (.))
                0x00000000100154f8                PROVIDE (___sbss_end, ABSOLUTE (.))
 *(.dynbss)
 *(.bss .bss.* .gnu.linkonce.b.*)
 .bss           0x00000000100154f8        0x0 ../lab8_app_bsp//obj/HAL/src/crt0.o
 .bss           0x00000000100154f8        0x0 obj/default/io_handler.o
 .bss           0x00000000100154f8        0x0 obj/default/main.o
 .bss           0x00000000100154f8        0x0 obj/default/usb.o
 .bss           0x00000000100154f8        0x0 /opt/altera/15.0/nios2eds/bin/gnu/H-x86_64-pc-linux-gnu/bin/../lib/gcc/nios2-elf/4.9.1/../../../../../H-x86_64-pc-linux-gnu/nios2-elf/lib/mno-hw-mul/libc.a(lib_a-printf.o)
 .bss           0x00000000100154f8        0x0 /opt/altera/15.0/nios2eds/bin/gnu/H-x86_64-pc-linux-gnu/bin/../lib/gcc/nios2-elf/4.9.1/../../../../../H-x86_64-pc-linux-gnu/nios2-elf/lib/mno-hw-mul/libc.a(lib_a-puts.o)
 .bss           0x00000000100154f8        0x0 /opt/altera/15.0/nios2eds/bin/gnu/H-x86_64-pc-linux-gnu/bin/../lib/gcc/nios2-elf/4.9.1/../../../../../H-x86_64-pc-linux-gnu/nios2-elf/lib/mno-hw-mul/libc.a(lib_a-strlen.o)
 .bss           0x00000000100154f8        0x0 /opt/altera/15.0/nios2eds/bin/gnu/H-x86_64-pc-linux-gnu/bin/../lib/gcc/nios2-elf/4.9.1/../../../../../H-x86_64-pc-linux-gnu/nios2-elf/lib/mno-hw-mul/libc.a(lib_a-vfprintf.o)
 .bss           0x00000000100154f8        0x0 /opt/altera/15.0/nios2eds/bin/gnu/H-x86_64-pc-linux-gnu/bin/../lib/gcc/nios2-elf/4.9.1/../../../../../H-x86_64-pc-linux-gnu/nios2-elf/lib/mno-hw-mul/libc.a(lib_a-wsetup.o)
 .bss           0x00000000100154f8        0x0 /opt/altera/15.0/nios2eds/bin/gnu/H-x86_64-pc-linux-gnu/bin/../lib/gcc/nios2-elf/4.9.1/../../../../../H-x86_64-pc-linux-gnu/nios2-elf/lib/mno-hw-mul/libc.a(lib_a-dtoa.o)
 .bss           0x00000000100154f8        0x0 /opt/altera/15.0/nios2eds/bin/gnu/H-x86_64-pc-linux-gnu/bin/../lib/gcc/nios2-elf/4.9.1/../../../../../H-x86_64-pc-linux-gnu/nios2-elf/lib/mno-hw-mul/libc.a(lib_a-fflush.o)
 .bss           0x00000000100154f8        0x0 /opt/altera/15.0/nios2eds/bin/gnu/H-x86_64-pc-linux-gnu/bin/../lib/gcc/nios2-elf/4.9.1/../../../../../H-x86_64-pc-linux-gnu/nios2-elf/lib/mno-hw-mul/libc.a(lib_a-findfp.o)
 .bss           0x00000000100154f8        0x0 /opt/altera/15.0/nios2eds/bin/gnu/H-x86_64-pc-linux-gnu/bin/../lib/gcc/nios2-elf/4.9.1/../../../../../H-x86_64-pc-linux-gnu/nios2-elf/lib/mno-hw-mul/libc.a(lib_a-freer.o)
 .bss           0x00000000100154f8        0x0 /opt/altera/15.0/nios2eds/bin/gnu/H-x86_64-pc-linux-gnu/bin/../lib/gcc/nios2-elf/4.9.1/../../../../../H-x86_64-pc-linux-gnu/nios2-elf/lib/mno-hw-mul/libc.a(lib_a-fvwrite.o)
 .bss           0x00000000100154f8        0x0 /opt/altera/15.0/nios2eds/bin/gnu/H-x86_64-pc-linux-gnu/bin/../lib/gcc/nios2-elf/4.9.1/../../../../../H-x86_64-pc-linux-gnu/nios2-elf/lib/mno-hw-mul/libc.a(lib_a-fwalk.o)
 .bss           0x00000000100154f8        0x0 /opt/altera/15.0/nios2eds/bin/gnu/H-x86_64-pc-linux-gnu/bin/../lib/gcc/nios2-elf/4.9.1/../../../../../H-x86_64-pc-linux-gnu/nios2-elf/lib/mno-hw-mul/libc.a(lib_a-impure.o)
 .bss           0x00000000100154f8        0x0 /opt/altera/15.0/nios2eds/bin/gnu/H-x86_64-pc-linux-gnu/bin/../lib/gcc/nios2-elf/4.9.1/../../../../../H-x86_64-pc-linux-gnu/nios2-elf/lib/mno-hw-mul/libc.a(lib_a-locale.o)
 .bss           0x00000000100154f8        0x0 /opt/altera/15.0/nios2eds/bin/gnu/H-x86_64-pc-linux-gnu/bin/../lib/gcc/nios2-elf/4.9.1/../../../../../H-x86_64-pc-linux-gnu/nios2-elf/lib/mno-hw-mul/libc.a(lib_a-makebuf.o)
 .bss           0x00000000100154f8       0x28 /opt/altera/15.0/nios2eds/bin/gnu/H-x86_64-pc-linux-gnu/bin/../lib/gcc/nios2-elf/4.9.1/../../../../../H-x86_64-pc-linux-gnu/nios2-elf/lib/mno-hw-mul/libc.a(lib_a-mallocr.o)
                0x00000000100154f8                __malloc_current_mallinfo
 .bss           0x0000000010015520        0x0 /opt/altera/15.0/nios2eds/bin/gnu/H-x86_64-pc-linux-gnu/bin/../lib/gcc/nios2-elf/4.9.1/../../../../../H-x86_64-pc-linux-gnu/nios2-elf/lib/mno-hw-mul/libc.a(lib_a-memchr.o)
 .bss           0x0000000010015520        0x0 /opt/altera/15.0/nios2eds/bin/gnu/H-x86_64-pc-linux-gnu/bin/../lib/gcc/nios2-elf/4.9.1/../../../../../H-x86_64-pc-linux-gnu/nios2-elf/lib/mno-hw-mul/libc.a(lib_a-memcpy.o)
 .bss           0x0000000010015520        0x0 /opt/altera/15.0/nios2eds/bin/gnu/H-x86_64-pc-linux-gnu/bin/../lib/gcc/nios2-elf/4.9.1/../../../../../H-x86_64-pc-linux-gnu/nios2-elf/lib/mno-hw-mul/libc.a(lib_a-memmove.o)
 .bss           0x0000000010015520        0x0 /opt/altera/15.0/nios2eds/bin/gnu/H-x86_64-pc-linux-gnu/bin/../lib/gcc/nios2-elf/4.9.1/../../../../../H-x86_64-pc-linux-gnu/nios2-elf/lib/mno-hw-mul/libc.a(lib_a-memset.o)
 .bss           0x0000000010015520        0x0 /opt/altera/15.0/nios2eds/bin/gnu/H-x86_64-pc-linux-gnu/bin/../lib/gcc/nios2-elf/4.9.1/../../../../../H-x86_64-pc-linux-gnu/nios2-elf/lib/mno-hw-mul/libc.a(lib_a-mprec.o)
 .bss           0x0000000010015520        0x0 /opt/altera/15.0/nios2eds/bin/gnu/H-x86_64-pc-linux-gnu/bin/../lib/gcc/nios2-elf/4.9.1/../../../../../H-x86_64-pc-linux-gnu/nios2-elf/lib/mno-hw-mul/libc.a(lib_a-reallocr.o)
 .bss           0x0000000010015520        0x0 /opt/altera/15.0/nios2eds/bin/gnu/H-x86_64-pc-linux-gnu/bin/../lib/gcc/nios2-elf/4.9.1/../../../../../H-x86_64-pc-linux-gnu/nios2-elf/lib/mno-hw-mul/libc.a(lib_a-s_fpclassify.o)
 .bss           0x0000000010015520        0x0 /opt/altera/15.0/nios2eds/bin/gnu/H-x86_64-pc-linux-gnu/bin/../lib/gcc/nios2-elf/4.9.1/../../../../../H-x86_64-pc-linux-gnu/nios2-elf/lib/mno-hw-mul/libc.a(lib_a-sbrkr.o)
 .bss           0x0000000010015520        0x0 /opt/altera/15.0/nios2eds/bin/gnu/H-x86_64-pc-linux-gnu/bin/../lib/gcc/nios2-elf/4.9.1/../../../../../H-x86_64-pc-linux-gnu/nios2-elf/lib/mno-hw-mul/libc.a(lib_a-stdio.o)
 .bss           0x0000000010015520        0x0 /opt/altera/15.0/nios2eds/bin/gnu/H-x86_64-pc-linux-gnu/bin/../lib/gcc/nios2-elf/4.9.1/../../../../../H-x86_64-pc-linux-gnu/nios2-elf/lib/mno-hw-mul/libc.a(lib_a-strcmp.o)
 .bss           0x0000000010015520        0x0 /opt/altera/15.0/nios2eds/bin/gnu/H-x86_64-pc-linux-gnu/bin/../lib/gcc/nios2-elf/4.9.1/../../../../../H-x86_64-pc-linux-gnu/nios2-elf/lib/mno-hw-mul/libc.a(lib_a-vfiprintf.o)
 .bss           0x0000000010015520        0x0 /opt/altera/15.0/nios2eds/bin/gnu/H-x86_64-pc-linux-gnu/bin/../lib/gcc/nios2-elf/4.9.1/../../../../../H-x86_64-pc-linux-gnu/nios2-elf/lib/mno-hw-mul/libc.a(lib_a-writer.o)
 .bss           0x0000000010015520        0x0 /opt/altera/15.0/nios2eds/bin/gnu/H-x86_64-pc-linux-gnu/bin/../lib/gcc/nios2-elf/4.9.1/../../../../../H-x86_64-pc-linux-gnu/nios2-elf/lib/mno-hw-mul/libc.a(closer.o)
 .bss           0x0000000010015520        0x0 /opt/altera/15.0/nios2eds/bin/gnu/H-x86_64-pc-linux-gnu/bin/../lib/gcc/nios2-elf/4.9.1/../../../../../H-x86_64-pc-linux-gnu/nios2-elf/lib/mno-hw-mul/libc.a(lib_a-callocr.o)
 .bss           0x0000000010015520        0x0 /opt/altera/15.0/nios2eds/bin/gnu/H-x86_64-pc-linux-gnu/bin/../lib/gcc/nios2-elf/4.9.1/../../../../../H-x86_64-pc-linux-gnu/nios2-elf/lib/mno-hw-mul/libc.a(lib_a-fclose.o)
 .bss           0x0000000010015520        0x0 /opt/altera/15.0/nios2eds/bin/gnu/H-x86_64-pc-linux-gnu/bin/../lib/gcc/nios2-elf/4.9.1/../../../../../H-x86_64-pc-linux-gnu/nios2-elf/lib/mno-hw-mul/libc.a(lib_a-fputwc.o)
 .bss           0x0000000010015520        0x0 /opt/altera/15.0/nios2eds/bin/gnu/H-x86_64-pc-linux-gnu/bin/../lib/gcc/nios2-elf/4.9.1/../../../../../H-x86_64-pc-linux-gnu/nios2-elf/lib/mno-hw-mul/libc.a(lib_a-fstatr.o)
 .bss           0x0000000010015520        0x0 /opt/altera/15.0/nios2eds/bin/gnu/H-x86_64-pc-linux-gnu/bin/../lib/gcc/nios2-elf/4.9.1/../../../../../H-x86_64-pc-linux-gnu/nios2-elf/lib/mno-hw-mul/libc.a(lib_a-int_errno.o)
 .bss           0x0000000010015520        0x0 /opt/altera/15.0/nios2eds/bin/gnu/H-x86_64-pc-linux-gnu/bin/../lib/gcc/nios2-elf/4.9.1/../../../../../H-x86_64-pc-linux-gnu/nios2-elf/lib/mno-hw-mul/libc.a(lib_a-isattyr.o)
 .bss           0x0000000010015520        0x0 /opt/altera/15.0/nios2eds/bin/gnu/H-x86_64-pc-linux-gnu/bin/../lib/gcc/nios2-elf/4.9.1/../../../../../H-x86_64-pc-linux-gnu/nios2-elf/lib/mno-hw-mul/libc.a(lib_a-lseekr.o)
 .bss           0x0000000010015520        0x0 /opt/altera/15.0/nios2eds/bin/gnu/H-x86_64-pc-linux-gnu/bin/../lib/gcc/nios2-elf/4.9.1/../../../../../H-x86_64-pc-linux-gnu/nios2-elf/lib/mno-hw-mul/libc.a(lib_a-readr.o)
 .bss           0x0000000010015520        0x0 /opt/altera/15.0/nios2eds/bin/gnu/H-x86_64-pc-linux-gnu/bin/../lib/gcc/nios2-elf/4.9.1/../../../../../H-x86_64-pc-linux-gnu/nios2-elf/lib/mno-hw-mul/libc.a(lib_a-wbuf.o)
 .bss           0x0000000010015520        0x0 /opt/altera/15.0/nios2eds/bin/gnu/H-x86_64-pc-linux-gnu/bin/../lib/gcc/nios2-elf/4.9.1/../../../../../H-x86_64-pc-linux-gnu/nios2-elf/lib/mno-hw-mul/libc.a(lib_a-wcrtomb.o)
 .bss           0x0000000010015520        0x0 /opt/altera/15.0/nios2eds/bin/gnu/H-x86_64-pc-linux-gnu/bin/../lib/gcc/nios2-elf/4.9.1/../../../../../H-x86_64-pc-linux-gnu/nios2-elf/lib/mno-hw-mul/libc.a(lib_a-wctomb_r.o)
 .bss           0x0000000010015520        0x0 /opt/altera/15.0/nios2eds/bin/gnu/H-x86_64-pc-linux-gnu/bin/../lib/gcc/nios2-elf/4.9.1/mno-hw-mul/libgcc.a(_udivdi3.o)
 .bss           0x0000000010015520        0x0 /opt/altera/15.0/nios2eds/bin/gnu/H-x86_64-pc-linux-gnu/bin/../lib/gcc/nios2-elf/4.9.1/mno-hw-mul/libgcc.a(_umoddi3.o)
 .bss           0x0000000010015520        0x0 /opt/altera/15.0/nios2eds/bin/gnu/H-x86_64-pc-linux-gnu/bin/../lib/gcc/nios2-elf/4.9.1/mno-hw-mul/libgcc.a(lib2-divmod.o)
 .bss           0x0000000010015520        0x0 /opt/altera/15.0/nios2eds/bin/gnu/H-x86_64-pc-linux-gnu/bin/../lib/gcc/nios2-elf/4.9.1/mno-hw-mul/libgcc.a(lib2-mul.o)
 .bss           0x0000000010015520        0x0 /opt/altera/15.0/nios2eds/bin/gnu/H-x86_64-pc-linux-gnu/bin/../lib/gcc/nios2-elf/4.9.1/mno-hw-mul/libgcc.a(adddf3.o)
 .bss           0x0000000010015520        0x0 /opt/altera/15.0/nios2eds/bin/gnu/H-x86_64-pc-linux-gnu/bin/../lib/gcc/nios2-elf/4.9.1/mno-hw-mul/libgcc.a(divdf3.o)
 .bss           0x0000000010015520        0x0 /opt/altera/15.0/nios2eds/bin/gnu/H-x86_64-pc-linux-gnu/bin/../lib/gcc/nios2-elf/4.9.1/mno-hw-mul/libgcc.a(eqdf2.o)
 .bss           0x0000000010015520        0x0 /opt/altera/15.0/nios2eds/bin/gnu/H-x86_64-pc-linux-gnu/bin/../lib/gcc/nios2-elf/4.9.1/mno-hw-mul/libgcc.a(gedf2.o)
 .bss           0x0000000010015520        0x0 /opt/altera/15.0/nios2eds/bin/gnu/H-x86_64-pc-linux-gnu/bin/../lib/gcc/nios2-elf/4.9.1/mno-hw-mul/libgcc.a(ledf2.o)
 .bss           0x0000000010015520        0x0 /opt/altera/15.0/nios2eds/bin/gnu/H-x86_64-pc-linux-gnu/bin/../lib/gcc/nios2-elf/4.9.1/mno-hw-mul/libgcc.a(muldf3.o)
 .bss           0x0000000010015520        0x0 /opt/altera/15.0/nios2eds/bin/gnu/H-x86_64-pc-linux-gnu/bin/../lib/gcc/nios2-elf/4.9.1/mno-hw-mul/libgcc.a(subdf3.o)
 .bss           0x0000000010015520        0x0 /opt/altera/15.0/nios2eds/bin/gnu/H-x86_64-pc-linux-gnu/bin/../lib/gcc/nios2-elf/4.9.1/mno-hw-mul/libgcc.a(fixdfsi.o)
 .bss           0x0000000010015520        0x0 /opt/altera/15.0/nios2eds/bin/gnu/H-x86_64-pc-linux-gnu/bin/../lib/gcc/nios2-elf/4.9.1/mno-hw-mul/libgcc.a(floatsidf.o)
 .bss           0x0000000010015520        0x0 /opt/altera/15.0/nios2eds/bin/gnu/H-x86_64-pc-linux-gnu/bin/../lib/gcc/nios2-elf/4.9.1/mno-hw-mul/libgcc.a(floatunsidf.o)
 .bss           0x0000000010015520        0x0 /opt/altera/15.0/nios2eds/bin/gnu/H-x86_64-pc-linux-gnu/bin/../lib/gcc/nios2-elf/4.9.1/mno-hw-mul/libgcc.a(_clz.o)
 .bss           0x0000000010015520        0x0 /opt/altera/15.0/nios2eds/bin/gnu/H-x86_64-pc-linux-gnu/bin/../lib/gcc/nios2-elf/4.9.1/mno-hw-mul/libgcc.a(_clzsi2.o)
 .bss           0x0000000010015520        0x0 ../lab8_app_bsp//libhal_bsp.a(alt_close.o)
 .bss           0x0000000010015520        0x0 ../lab8_app_bsp//libhal_bsp.a(alt_dev.o)
 .bss           0x0000000010015520        0x0 ../lab8_app_bsp//libhal_bsp.a(alt_errno.o)
 .bss           0x0000000010015520        0x0 ../lab8_app_bsp//libhal_bsp.a(alt_fstat.o)
 .bss           0x0000000010015520        0x0 ../lab8_app_bsp//libhal_bsp.a(alt_isatty.o)
 .bss           0x0000000010015520        0x0 ../lab8_app_bsp//libhal_bsp.a(alt_load.o)
 .bss           0x0000000010015520        0x0 ../lab8_app_bsp//libhal_bsp.a(alt_lseek.o)
 .bss           0x0000000010015520        0x0 ../lab8_app_bsp//libhal_bsp.a(alt_main.o)
 .bss           0x0000000010015520        0x0 ../lab8_app_bsp//libhal_bsp.a(alt_malloc_lock.o)
 .bss           0x0000000010015520        0x0 ../lab8_app_bsp//libhal_bsp.a(alt_read.o)
 .bss           0x0000000010015520        0x0 ../lab8_app_bsp//libhal_bsp.a(alt_release_fd.o)
 .bss           0x0000000010015520        0x0 ../lab8_app_bsp//libhal_bsp.a(alt_sbrk.o)
 .bss           0x0000000010015520        0x0 ../lab8_app_bsp//libhal_bsp.a(alt_usleep.o)
 .bss           0x0000000010015520        0x0 ../lab8_app_bsp//libhal_bsp.a(alt_write.o)
 .bss           0x0000000010015520        0x0 ../lab8_app_bsp//libhal_bsp.a(alt_sys_init.o)
 .bss           0x0000000010015520        0x0 ../lab8_app_bsp//libhal_bsp.a(altera_avalon_jtag_uart_fd.o)
 .bss           0x0000000010015520        0x0 ../lab8_app_bsp//libhal_bsp.a(altera_avalon_jtag_uart_init.o)
 .bss           0x0000000010015520        0x0 ../lab8_app_bsp//libhal_bsp.a(altera_avalon_jtag_uart_ioctl.o)
 .bss           0x0000000010015520        0x0 ../lab8_app_bsp//libhal_bsp.a(altera_avalon_jtag_uart_read.o)
 .bss           0x0000000010015520        0x0 ../lab8_app_bsp//libhal_bsp.a(altera_avalon_jtag_uart_write.o)
 .bss           0x0000000010015520        0x0 ../lab8_app_bsp//libhal_bsp.a(alt_alarm_start.o)
 .bss           0x0000000010015520        0x0 ../lab8_app_bsp//libhal_bsp.a(alt_busy_sleep.o)
 .bss           0x0000000010015520        0x0 ../lab8_app_bsp//libhal_bsp.a(alt_dcache_flush_all.o)
 .bss           0x0000000010015520        0x0 ../lab8_app_bsp//libhal_bsp.a(alt_dev_llist_insert.o)
 .bss           0x0000000010015520        0x0 ../lab8_app_bsp//libhal_bsp.a(alt_do_ctors.o)
 .bss           0x0000000010015520        0x0 ../lab8_app_bsp//libhal_bsp.a(alt_do_dtors.o)
 .bss           0x0000000010015520        0x0 ../lab8_app_bsp//libhal_bsp.a(alt_icache_flush_all.o)
 .bss           0x0000000010015520        0x0 ../lab8_app_bsp//libhal_bsp.a(alt_iic.o)
 .bss           0x0000000010015520        0x0 ../lab8_app_bsp//libhal_bsp.a(alt_iic_isr_register.o)
 .bss           0x0000000010015520        0x0 ../lab8_app_bsp//libhal_bsp.a(alt_io_redirect.o)
 .bss           0x0000000010015520        0x0 ../lab8_app_bsp//libhal_bsp.a(alt_irq_entry.o)
 .bss           0x0000000010015520        0x0 ../lab8_app_bsp//libhal_bsp.a(alt_irq_handler.o)
 .bss           0x0000000010015520        0x0 ../lab8_app_bsp//libhal_bsp.a(alt_irq_vars.o)
 .bss           0x0000000010015520        0x0 ../lab8_app_bsp//libhal_bsp.a(alt_open.o)
 .bss           0x0000000010015520        0x0 ../lab8_app_bsp//libhal_bsp.a(alt_tick.o)
 .bss           0x0000000010015520        0x0 ../lab8_app_bsp//libhal_bsp.a(altera_nios2_gen2_irq.o)
 .bss           0x0000000010015520        0x0 ../lab8_app_bsp//libhal_bsp.a(alt_exception_entry.o)
 .bss           0x0000000010015520        0x0 ../lab8_app_bsp//libhal_bsp.a(alt_find_dev.o)
 .bss           0x0000000010015520        0x0 ../lab8_app_bsp//libhal_bsp.a(alt_find_file.o)
 .bss           0x0000000010015520        0x0 ../lab8_app_bsp//libhal_bsp.a(alt_get_fd.o)
 .bss           0x0000000010015520        0x0 ../lab8_app_bsp//libhal_bsp.a(alt_instruction_exception_entry.o)
 .bss           0x0000000010015520        0x0 /opt/altera/15.0/nios2eds/bin/gnu/H-x86_64-pc-linux-gnu/bin/../lib/gcc/nios2-elf/4.9.1/../../../../../H-x86_64-pc-linux-gnu/nios2-elf/lib/mno-hw-mul/libc.a(lib_a-atexit.o)
 .bss           0x0000000010015520        0x0 /opt/altera/15.0/nios2eds/bin/gnu/H-x86_64-pc-linux-gnu/bin/../lib/gcc/nios2-elf/4.9.1/../../../../../H-x86_64-pc-linux-gnu/nios2-elf/lib/mno-hw-mul/libc.a(lib_a-exit.o)
 .bss           0x0000000010015520        0x0 /opt/altera/15.0/nios2eds/bin/gnu/H-x86_64-pc-linux-gnu/bin/../lib/gcc/nios2-elf/4.9.1/../../../../../H-x86_64-pc-linux-gnu/nios2-elf/lib/mno-hw-mul/libc.a(lib_a-memcmp.o)
 .bss           0x0000000010015520        0x0 /opt/altera/15.0/nios2eds/bin/gnu/H-x86_64-pc-linux-gnu/bin/../lib/gcc/nios2-elf/4.9.1/../../../../../H-x86_64-pc-linux-gnu/nios2-elf/lib/mno-hw-mul/libc.a(lib_a-__atexit.o)
 .bss           0x0000000010015520        0x0 /opt/altera/15.0/nios2eds/bin/gnu/H-x86_64-pc-linux-gnu/bin/../lib/gcc/nios2-elf/4.9.1/../../../../../H-x86_64-pc-linux-gnu/nios2-elf/lib/mno-hw-mul/libc.a(lib_a-__call_atexit.o)
 .bss           0x0000000010015520        0x0 ../lab8_app_bsp//libhal_bsp.a(alt_exit.o)
 *(COMMON)
 COMMON         0x0000000010015520      0x100 ../lab8_app_bsp//libhal_bsp.a(alt_irq_handler.o)
                0x0000000010015520                alt_irq
                0x0000000010015620                . = ALIGN (0x4)
                0x0000000010015620                __bss_end = ABSOLUTE (.)

.onchip_memory2_0
                0x0000000000000000        0x0 load address 0x0000000010015620
                0x0000000000000000                PROVIDE (_alt_partition_onchip_memory2_0_start, ABSOLUTE (.))
 *(.onchip_memory2_0 .onchip_memory2_0. onchip_memory2_0.*)
                0x0000000000000000                . = ALIGN (0x4)
                0x0000000000000000                PROVIDE (_alt_partition_onchip_memory2_0_end, ABSOLUTE (.))
                0x0000000010015620                PROVIDE (_alt_partition_onchip_memory2_0_load_addr, LOADADDR (.onchip_memory2_0))

.sdram          0x0000000010015620        0x0
                0x0000000010015620                PROVIDE (_alt_partition_sdram_start, ABSOLUTE (.))
 *(.sdram .sdram. sdram.*)
                0x0000000010015620                . = ALIGN (0x4)
                0x0000000010015620                PROVIDE (_alt_partition_sdram_end, ABSOLUTE (.))
                0x0000000010015620                _end = ABSOLUTE (.)
                0x0000000010015620                end = ABSOLUTE (.)
                0x0000000010015620                __alt_stack_base = ABSOLUTE (.)
                0x0000000010015620                PROVIDE (_alt_partition_sdram_load_addr, LOADADDR (.sdram))

.stab
 *(.stab)

.stabstr
 *(.stabstr)

.stab.excl
 *(.stab.excl)

.stab.exclstr
 *(.stab.exclstr)

.stab.index
 *(.stab.index)

.stab.indexstr
 *(.stab.indexstr)

.comment        0x0000000000000000       0x23
 *(.comment)
 .comment       0x0000000000000000       0x23 obj/default/io_handler.o
                                         0x24 (size before relaxing)
 .comment       0x0000000000000000       0x24 obj/default/main.o
 .comment       0x0000000000000000       0x24 obj/default/usb.o
 .comment       0x0000000000000000       0x24 /opt/altera/15.0/nios2eds/bin/gnu/H-x86_64-pc-linux-gnu/bin/../lib/gcc/nios2-elf/4.9.1/../../../../../H-x86_64-pc-linux-gnu/nios2-elf/lib/mno-hw-mul/libc.a(lib_a-printf.o)
 .comment       0x0000000000000000       0x24 /opt/altera/15.0/nios2eds/bin/gnu/H-x86_64-pc-linux-gnu/bin/../lib/gcc/nios2-elf/4.9.1/../../../../../H-x86_64-pc-linux-gnu/nios2-elf/lib/mno-hw-mul/libc.a(lib_a-puts.o)
 .comment       0x0000000000000000       0x24 /opt/altera/15.0/nios2eds/bin/gnu/H-x86_64-pc-linux-gnu/bin/../lib/gcc/nios2-elf/4.9.1/../../../../../H-x86_64-pc-linux-gnu/nios2-elf/lib/mno-hw-mul/libc.a(lib_a-strlen.o)
 .comment       0x0000000000000000       0x24 /opt/altera/15.0/nios2eds/bin/gnu/H-x86_64-pc-linux-gnu/bin/../lib/gcc/nios2-elf/4.9.1/../../../../../H-x86_64-pc-linux-gnu/nios2-elf/lib/mno-hw-mul/libc.a(lib_a-vfprintf.o)
 .comment       0x0000000000000000       0x24 /opt/altera/15.0/nios2eds/bin/gnu/H-x86_64-pc-linux-gnu/bin/../lib/gcc/nios2-elf/4.9.1/../../../../../H-x86_64-pc-linux-gnu/nios2-elf/lib/mno-hw-mul/libc.a(lib_a-wsetup.o)
 .comment       0x0000000000000000       0x24 /opt/altera/15.0/nios2eds/bin/gnu/H-x86_64-pc-linux-gnu/bin/../lib/gcc/nios2-elf/4.9.1/../../../../../H-x86_64-pc-linux-gnu/nios2-elf/lib/mno-hw-mul/libc.a(lib_a-dtoa.o)
 .comment       0x0000000000000000       0x24 /opt/altera/15.0/nios2eds/bin/gnu/H-x86_64-pc-linux-gnu/bin/../lib/gcc/nios2-elf/4.9.1/../../../../../H-x86_64-pc-linux-gnu/nios2-elf/lib/mno-hw-mul/libc.a(lib_a-fflush.o)
 .comment       0x0000000000000000       0x24 /opt/altera/15.0/nios2eds/bin/gnu/H-x86_64-pc-linux-gnu/bin/../lib/gcc/nios2-elf/4.9.1/../../../../../H-x86_64-pc-linux-gnu/nios2-elf/lib/mno-hw-mul/libc.a(lib_a-findfp.o)
 .comment       0x0000000000000000       0x24 /opt/altera/15.0/nios2eds/bin/gnu/H-x86_64-pc-linux-gnu/bin/../lib/gcc/nios2-elf/4.9.1/../../../../../H-x86_64-pc-linux-gnu/nios2-elf/lib/mno-hw-mul/libc.a(lib_a-freer.o)
 .comment       0x0000000000000000       0x24 /opt/altera/15.0/nios2eds/bin/gnu/H-x86_64-pc-linux-gnu/bin/../lib/gcc/nios2-elf/4.9.1/../../../../../H-x86_64-pc-linux-gnu/nios2-elf/lib/mno-hw-mul/libc.a(lib_a-fvwrite.o)
 .comment       0x0000000000000000       0x24 /opt/altera/15.0/nios2eds/bin/gnu/H-x86_64-pc-linux-gnu/bin/../lib/gcc/nios2-elf/4.9.1/../../../../../H-x86_64-pc-linux-gnu/nios2-elf/lib/mno-hw-mul/libc.a(lib_a-fwalk.o)
 .comment       0x0000000000000000       0x24 /opt/altera/15.0/nios2eds/bin/gnu/H-x86_64-pc-linux-gnu/bin/../lib/gcc/nios2-elf/4.9.1/../../../../../H-x86_64-pc-linux-gnu/nios2-elf/lib/mno-hw-mul/libc.a(lib_a-impure.o)
 .comment       0x0000000000000000       0x24 /opt/altera/15.0/nios2eds/bin/gnu/H-x86_64-pc-linux-gnu/bin/../lib/gcc/nios2-elf/4.9.1/../../../../../H-x86_64-pc-linux-gnu/nios2-elf/lib/mno-hw-mul/libc.a(lib_a-locale.o)
 .comment       0x0000000000000000       0x24 /opt/altera/15.0/nios2eds/bin/gnu/H-x86_64-pc-linux-gnu/bin/../lib/gcc/nios2-elf/4.9.1/../../../../../H-x86_64-pc-linux-gnu/nios2-elf/lib/mno-hw-mul/libc.a(lib_a-makebuf.o)
 .comment       0x0000000000000000       0x24 /opt/altera/15.0/nios2eds/bin/gnu/H-x86_64-pc-linux-gnu/bin/../lib/gcc/nios2-elf/4.9.1/../../../../../H-x86_64-pc-linux-gnu/nios2-elf/lib/mno-hw-mul/libc.a(lib_a-mallocr.o)
 .comment       0x0000000000000000       0x24 /opt/altera/15.0/nios2eds/bin/gnu/H-x86_64-pc-linux-gnu/bin/../lib/gcc/nios2-elf/4.9.1/../../../../../H-x86_64-pc-linux-gnu/nios2-elf/lib/mno-hw-mul/libc.a(lib_a-memchr.o)
 .comment       0x0000000000000000       0x24 /opt/altera/15.0/nios2eds/bin/gnu/H-x86_64-pc-linux-gnu/bin/../lib/gcc/nios2-elf/4.9.1/../../../../../H-x86_64-pc-linux-gnu/nios2-elf/lib/mno-hw-mul/libc.a(lib_a-memcpy.o)
 .comment       0x0000000000000000       0x24 /opt/altera/15.0/nios2eds/bin/gnu/H-x86_64-pc-linux-gnu/bin/../lib/gcc/nios2-elf/4.9.1/../../../../../H-x86_64-pc-linux-gnu/nios2-elf/lib/mno-hw-mul/libc.a(lib_a-memmove.o)
 .comment       0x0000000000000000       0x24 /opt/altera/15.0/nios2eds/bin/gnu/H-x86_64-pc-linux-gnu/bin/../lib/gcc/nios2-elf/4.9.1/../../../../../H-x86_64-pc-linux-gnu/nios2-elf/lib/mno-hw-mul/libc.a(lib_a-memset.o)
 .comment       0x0000000000000000       0x24 /opt/altera/15.0/nios2eds/bin/gnu/H-x86_64-pc-linux-gnu/bin/../lib/gcc/nios2-elf/4.9.1/../../../../../H-x86_64-pc-linux-gnu/nios2-elf/lib/mno-hw-mul/libc.a(lib_a-mprec.o)
 .comment       0x0000000000000000       0x24 /opt/altera/15.0/nios2eds/bin/gnu/H-x86_64-pc-linux-gnu/bin/../lib/gcc/nios2-elf/4.9.1/../../../../../H-x86_64-pc-linux-gnu/nios2-elf/lib/mno-hw-mul/libc.a(lib_a-reallocr.o)
 .comment       0x0000000000000000       0x24 /opt/altera/15.0/nios2eds/bin/gnu/H-x86_64-pc-linux-gnu/bin/../lib/gcc/nios2-elf/4.9.1/../../../../../H-x86_64-pc-linux-gnu/nios2-elf/lib/mno-hw-mul/libc.a(lib_a-s_fpclassify.o)
 .comment       0x0000000000000000       0x24 /opt/altera/15.0/nios2eds/bin/gnu/H-x86_64-pc-linux-gnu/bin/../lib/gcc/nios2-elf/4.9.1/../../../../../H-x86_64-pc-linux-gnu/nios2-elf/lib/mno-hw-mul/libc.a(lib_a-sbrkr.o)
 .comment       0x0000000000000000       0x24 /opt/altera/15.0/nios2eds/bin/gnu/H-x86_64-pc-linux-gnu/bin/../lib/gcc/nios2-elf/4.9.1/../../../../../H-x86_64-pc-linux-gnu/nios2-elf/lib/mno-hw-mul/libc.a(lib_a-stdio.o)
 .comment       0x0000000000000000       0x24 /opt/altera/15.0/nios2eds/bin/gnu/H-x86_64-pc-linux-gnu/bin/../lib/gcc/nios2-elf/4.9.1/../../../../../H-x86_64-pc-linux-gnu/nios2-elf/lib/mno-hw-mul/libc.a(lib_a-strcmp.o)
 .comment       0x0000000000000000       0x24 /opt/altera/15.0/nios2eds/bin/gnu/H-x86_64-pc-linux-gnu/bin/../lib/gcc/nios2-elf/4.9.1/../../../../../H-x86_64-pc-linux-gnu/nios2-elf/lib/mno-hw-mul/libc.a(lib_a-vfiprintf.o)
 .comment       0x0000000000000000       0x24 /opt/altera/15.0/nios2eds/bin/gnu/H-x86_64-pc-linux-gnu/bin/../lib/gcc/nios2-elf/4.9.1/../../../../../H-x86_64-pc-linux-gnu/nios2-elf/lib/mno-hw-mul/libc.a(lib_a-writer.o)
 .comment       0x0000000000000000       0x24 /opt/altera/15.0/nios2eds/bin/gnu/H-x86_64-pc-linux-gnu/bin/../lib/gcc/nios2-elf/4.9.1/../../../../../H-x86_64-pc-linux-gnu/nios2-elf/lib/mno-hw-mul/libc.a(closer.o)
 .comment       0x0000000000000000       0x24 /opt/altera/15.0/nios2eds/bin/gnu/H-x86_64-pc-linux-gnu/bin/../lib/gcc/nios2-elf/4.9.1/../../../../../H-x86_64-pc-linux-gnu/nios2-elf/lib/mno-hw-mul/libc.a(lib_a-callocr.o)
 .comment       0x0000000000000000       0x24 /opt/altera/15.0/nios2eds/bin/gnu/H-x86_64-pc-linux-gnu/bin/../lib/gcc/nios2-elf/4.9.1/../../../../../H-x86_64-pc-linux-gnu/nios2-elf/lib/mno-hw-mul/libc.a(lib_a-fclose.o)
 .comment       0x0000000000000000       0x24 /opt/altera/15.0/nios2eds/bin/gnu/H-x86_64-pc-linux-gnu/bin/../lib/gcc/nios2-elf/4.9.1/../../../../../H-x86_64-pc-linux-gnu/nios2-elf/lib/mno-hw-mul/libc.a(lib_a-fputwc.o)
 .comment       0x0000000000000000       0x24 /opt/altera/15.0/nios2eds/bin/gnu/H-x86_64-pc-linux-gnu/bin/../lib/gcc/nios2-elf/4.9.1/../../../../../H-x86_64-pc-linux-gnu/nios2-elf/lib/mno-hw-mul/libc.a(lib_a-fstatr.o)
 .comment       0x0000000000000000       0x24 /opt/altera/15.0/nios2eds/bin/gnu/H-x86_64-pc-linux-gnu/bin/../lib/gcc/nios2-elf/4.9.1/../../../../../H-x86_64-pc-linux-gnu/nios2-elf/lib/mno-hw-mul/libc.a(lib_a-int_errno.o)
 .comment       0x0000000000000000       0x24 /opt/altera/15.0/nios2eds/bin/gnu/H-x86_64-pc-linux-gnu/bin/../lib/gcc/nios2-elf/4.9.1/../../../../../H-x86_64-pc-linux-gnu/nios2-elf/lib/mno-hw-mul/libc.a(lib_a-isattyr.o)
 .comment       0x0000000000000000       0x24 /opt/altera/15.0/nios2eds/bin/gnu/H-x86_64-pc-linux-gnu/bin/../lib/gcc/nios2-elf/4.9.1/../../../../../H-x86_64-pc-linux-gnu/nios2-elf/lib/mno-hw-mul/libc.a(lib_a-lseekr.o)
 .comment       0x0000000000000000       0x24 /opt/altera/15.0/nios2eds/bin/gnu/H-x86_64-pc-linux-gnu/bin/../lib/gcc/nios2-elf/4.9.1/../../../../../H-x86_64-pc-linux-gnu/nios2-elf/lib/mno-hw-mul/libc.a(lib_a-readr.o)
 .comment       0x0000000000000000       0x24 /opt/altera/15.0/nios2eds/bin/gnu/H-x86_64-pc-linux-gnu/bin/../lib/gcc/nios2-elf/4.9.1/../../../../../H-x86_64-pc-linux-gnu/nios2-elf/lib/mno-hw-mul/libc.a(lib_a-wbuf.o)
 .comment       0x0000000000000000       0x24 /opt/altera/15.0/nios2eds/bin/gnu/H-x86_64-pc-linux-gnu/bin/../lib/gcc/nios2-elf/4.9.1/../../../../../H-x86_64-pc-linux-gnu/nios2-elf/lib/mno-hw-mul/libc.a(lib_a-wcrtomb.o)
 .comment       0x0000000000000000       0x24 /opt/altera/15.0/nios2eds/bin/gnu/H-x86_64-pc-linux-gnu/bin/../lib/gcc/nios2-elf/4.9.1/../../../../../H-x86_64-pc-linux-gnu/nios2-elf/lib/mno-hw-mul/libc.a(lib_a-wctomb_r.o)
 .comment       0x0000000000000000       0x24 /opt/altera/15.0/nios2eds/bin/gnu/H-x86_64-pc-linux-gnu/bin/../lib/gcc/nios2-elf/4.9.1/mno-hw-mul/libgcc.a(_udivdi3.o)
 .comment       0x0000000000000000       0x24 /opt/altera/15.0/nios2eds/bin/gnu/H-x86_64-pc-linux-gnu/bin/../lib/gcc/nios2-elf/4.9.1/mno-hw-mul/libgcc.a(_umoddi3.o)
 .comment       0x0000000000000000       0x24 /opt/altera/15.0/nios2eds/bin/gnu/H-x86_64-pc-linux-gnu/bin/../lib/gcc/nios2-elf/4.9.1/mno-hw-mul/libgcc.a(lib2-divmod.o)
 .comment       0x0000000000000000       0x24 /opt/altera/15.0/nios2eds/bin/gnu/H-x86_64-pc-linux-gnu/bin/../lib/gcc/nios2-elf/4.9.1/mno-hw-mul/libgcc.a(lib2-mul.o)
 .comment       0x0000000000000000       0x24 /opt/altera/15.0/nios2eds/bin/gnu/H-x86_64-pc-linux-gnu/bin/../lib/gcc/nios2-elf/4.9.1/mno-hw-mul/libgcc.a(adddf3.o)
 .comment       0x0000000000000000       0x24 /opt/altera/15.0/nios2eds/bin/gnu/H-x86_64-pc-linux-gnu/bin/../lib/gcc/nios2-elf/4.9.1/mno-hw-mul/libgcc.a(divdf3.o)
 .comment       0x0000000000000000       0x24 /opt/altera/15.0/nios2eds/bin/gnu/H-x86_64-pc-linux-gnu/bin/../lib/gcc/nios2-elf/4.9.1/mno-hw-mul/libgcc.a(eqdf2.o)
 .comment       0x0000000000000000       0x24 /opt/altera/15.0/nios2eds/bin/gnu/H-x86_64-pc-linux-gnu/bin/../lib/gcc/nios2-elf/4.9.1/mno-hw-mul/libgcc.a(gedf2.o)
 .comment       0x0000000000000000       0x24 /opt/altera/15.0/nios2eds/bin/gnu/H-x86_64-pc-linux-gnu/bin/../lib/gcc/nios2-elf/4.9.1/mno-hw-mul/libgcc.a(ledf2.o)
 .comment       0x0000000000000000       0x24 /opt/altera/15.0/nios2eds/bin/gnu/H-x86_64-pc-linux-gnu/bin/../lib/gcc/nios2-elf/4.9.1/mno-hw-mul/libgcc.a(muldf3.o)
 .comment       0x0000000000000000       0x24 /opt/altera/15.0/nios2eds/bin/gnu/H-x86_64-pc-linux-gnu/bin/../lib/gcc/nios2-elf/4.9.1/mno-hw-mul/libgcc.a(subdf3.o)
 .comment       0x0000000000000000       0x24 /opt/altera/15.0/nios2eds/bin/gnu/H-x86_64-pc-linux-gnu/bin/../lib/gcc/nios2-elf/4.9.1/mno-hw-mul/libgcc.a(fixdfsi.o)
 .comment       0x0000000000000000       0x24 /opt/altera/15.0/nios2eds/bin/gnu/H-x86_64-pc-linux-gnu/bin/../lib/gcc/nios2-elf/4.9.1/mno-hw-mul/libgcc.a(floatsidf.o)
 .comment       0x0000000000000000       0x24 /opt/altera/15.0/nios2eds/bin/gnu/H-x86_64-pc-linux-gnu/bin/../lib/gcc/nios2-elf/4.9.1/mno-hw-mul/libgcc.a(floatunsidf.o)
 .comment       0x0000000000000000       0x24 /opt/altera/15.0/nios2eds/bin/gnu/H-x86_64-pc-linux-gnu/bin/../lib/gcc/nios2-elf/4.9.1/mno-hw-mul/libgcc.a(_clz.o)
 .comment       0x0000000000000000       0x24 /opt/altera/15.0/nios2eds/bin/gnu/H-x86_64-pc-linux-gnu/bin/../lib/gcc/nios2-elf/4.9.1/mno-hw-mul/libgcc.a(_clzsi2.o)
 .comment       0x0000000000000000       0x24 ../lab8_app_bsp//libhal_bsp.a(alt_close.o)
 .comment       0x0000000000000000       0x24 ../lab8_app_bsp//libhal_bsp.a(alt_dev.o)
 .comment       0x0000000000000000       0x24 ../lab8_app_bsp//libhal_bsp.a(alt_errno.o)
 .comment       0x0000000000000000       0x24 ../lab8_app_bsp//libhal_bsp.a(alt_fstat.o)
 .comment       0x0000000000000000       0x24 ../lab8_app_bsp//libhal_bsp.a(alt_isatty.o)
 .comment       0x0000000000000000       0x24 ../lab8_app_bsp//libhal_bsp.a(alt_load.o)
 .comment       0x0000000000000000       0x24 ../lab8_app_bsp//libhal_bsp.a(alt_lseek.o)
 .comment       0x0000000000000000       0x24 ../lab8_app_bsp//libhal_bsp.a(alt_main.o)
 .comment       0x0000000000000000       0x24 ../lab8_app_bsp//libhal_bsp.a(alt_malloc_lock.o)
 .comment       0x0000000000000000       0x24 ../lab8_app_bsp//libhal_bsp.a(alt_read.o)
 .comment       0x0000000000000000       0x24 ../lab8_app_bsp//libhal_bsp.a(alt_release_fd.o)
 .comment       0x0000000000000000       0x24 ../lab8_app_bsp//libhal_bsp.a(alt_sbrk.o)
 .comment       0x0000000000000000       0x24 ../lab8_app_bsp//libhal_bsp.a(alt_usleep.o)
 .comment       0x0000000000000000       0x24 ../lab8_app_bsp//libhal_bsp.a(alt_write.o)
 .comment       0x0000000000000000       0x24 ../lab8_app_bsp//libhal_bsp.a(alt_sys_init.o)
 .comment       0x0000000000000000       0x24 ../lab8_app_bsp//libhal_bsp.a(altera_avalon_jtag_uart_fd.o)
 .comment       0x0000000000000000       0x24 ../lab8_app_bsp//libhal_bsp.a(altera_avalon_jtag_uart_init.o)
 .comment       0x0000000000000000       0x24 ../lab8_app_bsp//libhal_bsp.a(altera_avalon_jtag_uart_ioctl.o)
 .comment       0x0000000000000000       0x24 ../lab8_app_bsp//libhal_bsp.a(altera_avalon_jtag_uart_read.o)
 .comment       0x0000000000000000       0x24 ../lab8_app_bsp//libhal_bsp.a(altera_avalon_jtag_uart_write.o)
 .comment       0x0000000000000000       0x24 ../lab8_app_bsp//libhal_bsp.a(alt_alarm_start.o)
 .comment       0x0000000000000000       0x24 ../lab8_app_bsp//libhal_bsp.a(alt_busy_sleep.o)
 .comment       0x0000000000000000       0x24 ../lab8_app_bsp//libhal_bsp.a(alt_dcache_flush_all.o)
 .comment       0x0000000000000000       0x24 ../lab8_app_bsp//libhal_bsp.a(alt_dev_llist_insert.o)
 .comment       0x0000000000000000       0x24 ../lab8_app_bsp//libhal_bsp.a(alt_do_ctors.o)
 .comment       0x0000000000000000       0x24 ../lab8_app_bsp//libhal_bsp.a(alt_do_dtors.o)
 .comment       0x0000000000000000       0x24 ../lab8_app_bsp//libhal_bsp.a(alt_icache_flush_all.o)
 .comment       0x0000000000000000       0x24 ../lab8_app_bsp//libhal_bsp.a(alt_iic.o)
 .comment       0x0000000000000000       0x24 ../lab8_app_bsp//libhal_bsp.a(alt_iic_isr_register.o)
 .comment       0x0000000000000000       0x24 ../lab8_app_bsp//libhal_bsp.a(alt_io_redirect.o)
 .comment       0x0000000000000000       0x24 ../lab8_app_bsp//libhal_bsp.a(alt_irq_handler.o)
 .comment       0x0000000000000000       0x24 ../lab8_app_bsp//libhal_bsp.a(alt_irq_vars.o)
 .comment       0x0000000000000000       0x24 ../lab8_app_bsp//libhal_bsp.a(alt_open.o)
 .comment       0x0000000000000000       0x24 ../lab8_app_bsp//libhal_bsp.a(alt_tick.o)
 .comment       0x0000000000000000       0x24 ../lab8_app_bsp//libhal_bsp.a(altera_nios2_gen2_irq.o)
 .comment       0x0000000000000000       0x24 ../lab8_app_bsp//libhal_bsp.a(alt_find_dev.o)